04-25 13:52:20.922  1444  1910 I chatty  : uid=1000(system) sManagerService expire 3 lines
04-25 13:52:20.923  1444  1749 I chatty  : uid=1000(system) android.ui expire 3 lines
04-25 13:52:20.923 19079 19079 D RtgSched: resetRtgSchedHandle failed enable:0
04-25 13:52:20.929  2770  3124 I HidataAppQoeP: foregroundUidAdd uid: 10113 name: com.android.packageinstaller activity state: true
04-25 13:52:20.934  2770  3124 E BoosterUtil: convertSubIdToSlotId failed, subId:2, slotId:-1
04-25 13:52:20.934  2770  3124 E BoosterUtil: getDefaultDataSlotId failed, invalid slotId:-1, subId:2
04-25 13:52:20.940  2770  3124 I SmartDualCardConfig: getAppType,pkgName=com.android.packageinstaller,appType=255
04-25 13:52:20.940  2770  3124 E SmartDualCardConfig: isAppInBlackList false,items==null
04-25 13:52:20.940  2770  3124 I SmartDualCardConfig: isAppInWhiteList false,uid=10113
04-25 13:52:21.273  2770  3124 I SmartDualCardConfig: getAppType,pkgName=com.huawei.android.launcher,appType=28
04-25 13:52:21.273  2770  3124 E SmartDualCardConfig: isAppInBlackList false,items==null
04-25 13:52:21.273  2770  3124 I SmartDualCardConfig: isAppInWhiteList false,uid=10069
04-25 13:52:21.298  2770 27716 I BoosterSwitchP: notifyUidState do nothing
04-25 13:52:21.298  2770 27716 I DeepNoDisturbP: notifyUidState
04-25 13:52:21.298  2770 27716 I BrowserChrP: notifyUidState
04-25 13:52:21.661  1444  1882 I chatty  : uid=1000(system) UEventObserver expire 7 lines
04-25 13:52:21.810  1444  1781 I chatty  : uid=1000(system) PackageManager expire 6 lines
04-25 13:52:21.810  1444  1765 I chatty  : uid=1000(system) ActivityManager expire 3 lines
04-25 13:52:21.833  1444  2561 I chatty  : uid=1000(system) Binder:1444_4 expire 12 lines
04-25 13:52:21.842 32278 32278 D ActivityThread: Won't deliver top position change in state=2
04-25 13:52:21.842  1444  1760 I chatty  : uid=1000(system) HwActivityTaskM expire 1 line
04-25 13:52:21.844  1444  1751 I chatty  : uid=1000(system) android.display expire 1 line
04-25 13:52:21.846  1444  1760 I chatty  : uid=1000(system) HwActivityTaskM expire 1 line
04-25 13:52:21.846  1444  1749 I chatty  : uid=1000(system) android.ui expire 3 lines
04-25 13:52:21.847  1444  1751 I chatty  : uid=1000(system) android.display expire 1 line
04-25 13:52:21.849  2619  2689 I HwCommandQueue: updateBarBgColor
04-25 13:52:21.849  2619  2689 D HwCommandQueue: CommandQueue, setBarBackgroundColor
04-25 13:52:21.850  2638  6776 W ContextImpl: Calling a method in the system process without a qualified user: android.app.ContextImpl.bindService:1753 android.content.ContextWrapper.bindService:705 com.huawei.nb.searchmanager.service.SearchManager.connectRemoteSearchService:192 com.huawei.nb.searchmanager.service.SearchManager.handleIndexTask:759 com.huawei.nb.searchmanager.service.SearchManager.executeFileCrawl:584 
04-25 13:52:21.850  1444  1781 I chatty  : uid=1000(system) PackageManager expire 2 lines
04-25 13:52:21.851  2770 27716 I BoosterSwitchP: notifyUidState do nothing
04-25 13:52:21.851  2770 27716 I DeepNoDisturbP: notifyUidState
04-25 13:52:21.851  2770 27716 I BrowserChrP: notifyUidState
04-25 13:52:21.851  1444  2510 I chatty  : uid=1000(system) Thread-7 expire 1 line
04-25 13:52:21.864 32278 32278 D ActivityThread: Remove activity client record, r= ActivityRecord{5cc8654 token=android.os.BinderProxy@cb59370 {com.android.packageinstaller/com.android.packageinstaller.UninstallerActivity}} token= android.os.BinderProxy@cb59370
04-25 13:52:21.866  1444  3423 I chatty  : uid=1000(system) Binder:1444_D expire 5 lines
04-25 13:52:21.976  1444  1752 I chatty  : uid=1000(system) android.anim expire 46 lines
04-25 13:52:22.003  1444  2510 I chatty  : uid=1000(system) Thread-7 expire 3 lines
04-25 13:52:22.010  1444  1781 I chatty  : uid=1000(system) PackageManager expire 3 lines
04-25 13:52:22.011  8463  8838 W ContextImpl: Calling a method in the system process without a qualified user: android.app.ContextImpl.bindService:1753 android.content.ContextWrapper.bindService:705 com.huawei.nb.client.RemoteServiceConnection.open:132 com.huawei.nb.client.Proxy.connect:172 com.huawei.nb.searchmanager.searchengine.service.DataServiceProxyManager.connectDataService:86 
04-25 13:52:22.011  1444  2766 I chatty  : uid=1000(system) Binder:1444_7 expire 4 lines
04-25 13:52:22.288  1444  1751 I chatty  : uid=1000(system) android.display expire 3 lines
04-25 13:52:22.413  1444  1765 I chatty  : uid=1000(system) ActivityManager expire 3 lines
04-25 13:52:22.419  1444  1444 I chatty  : uid=1000 system_server expire 13 lines
04-25 13:52:22.429  1444  1748 I chatty  : uid=1000(system) android.fg expire 3 lines
04-25 13:52:22.431  1444  3037 I chatty  : uid=1000(system) GeoCodeHander expire 1 line
04-25 13:52:22.433  2770  3124 I BoosterGameP: handleStateChanged reason=12
04-25 13:52:22.433  2770  2770 I HwKeystoreServiceImpl: ACTION_PACKAGE_REMOVED userId:0 appId:10321 packageName:com.tolgahantutar.vekdemo removeAll:true
04-25 13:52:22.433  2983  3378 W ContextImpl: Calling a method in the system process without a qualified user: android.app.ContextImpl.bindService:1753 android.content.ContextWrapper.bindService:705 com.huawei.securityserver.ConnectRemoteServiceManager.connectRemoteService:131 com.huawei.securityserver.HandlerManager.bindService:89 com.huawei.securityserver.HandlerManager.access$000:20 
04-25 13:52:22.433  2770  2770 I HwKeystoreServiceImpl: UserInfo uid:0
04-25 13:52:22.434  2770  3124 E BoosterUtil: convertSubIdToSlotId failed, subId:2, slotId:-1
04-25 13:52:22.434  2770  3124 E BoosterUtil: getDefaultDataSlotId failed, invalid slotId:-1, subId:2
04-25 13:52:22.434  2770  3124 I BoosterVideoP: handleStateChanged reason=12
04-25 13:52:22.435  2770  3124 E BoosterUtil: convertSubIdToSlotId failed, subId:2, slotId:-1
04-25 13:52:22.435  2770  3124 E BoosterUtil: getDefaultDataSlotId failed, invalid slotId:-1, subId:2
04-25 13:52:22.435  2770  3124 I BoosterSwitchP: handleStateChanged reason=12
04-25 13:52:22.435  1444  1762 I chatty  : uid=1000(system) android.bg expire 8 lines
04-25 13:52:22.436  2770  3124 E BoosterUtil: convertSubIdToSlotId failed, subId:2, slotId:-1
04-25 13:52:22.436  2770  3124 E BoosterUtil: getDefaultDataSlotId failed, invalid slotId:-1, subId:2
04-25 13:52:22.436  2770  3124 E BoosterUtil: convertSubIdToSlotId failed, subId:2, slotId:-1
04-25 13:52:22.436  2770  3124 E BoosterUtil: getDefaultDataSlotId failed, invalid slotId:-1, subId:2
04-25 13:52:22.436  2770  3124 I DeepNoDisturbP: handleStateChanged reason=12
04-25 13:52:22.437  2770  3124 E BoosterUtil: convertSubIdToSlotId failed, subId:2, slotId:-1
04-25 13:52:22.437  2770  3124 E BoosterUtil: getDefaultDataSlotId failed, invalid slotId:-1, subId:2
04-25 13:52:22.440  2770  3124 E BoosterUtil: convertSubIdToSlotId failed, subId:2, slotId:-1
04-25 13:52:22.440  2770  3124 E BoosterUtil: getDefaultDataSlotId failed, invalid slotId:-1, subId:2
04-25 13:52:22.440  2770  3124 I HidataAppQoeP: handleStateChanged reason=12
04-25 13:52:22.441  2770  3124 E BoosterUtil: convertSubIdToSlotId failed, subId:2, slotId:-1
04-25 13:52:22.441  2770  3124 E BoosterUtil: getDefaultDataSlotId failed, invalid slotId:-1, subId:2
04-25 13:52:22.441  2770  3124 I PreDnsQuery: handleStateChanged reason=12
04-25 13:52:22.442  2770  3124 E BoosterUtil: convertSubIdToSlotId failed, subId:2, slotId:-1
04-25 13:52:22.443  2770  3124 E BoosterUtil: getDefaultDataSlotId failed, invalid slotId:-1, subId:2
04-25 13:52:22.443  2770  3124 I PreDnsQuery: No need to handled!
04-25 13:52:22.443  2770  3124 I BrowserChrP: handleStateChanged
04-25 13:52:22.451  1444  2902 I chatty  : uid=1000(system) Binder:1444_9 expire 12 lines
04-25 13:52:22.453  1444  2462 I chatty  : uid=1000(system) NetworkStats expire 5 lines
04-25 13:52:22.462  1444 18600 I chatty  : uid=1000(system) Binder:1444_1A expire 1 line
04-25 13:52:22.462  1444 18777 I chatty  : uid=1000(system) Binder:1444_1B expire 17 lines
04-25 13:52:22.492  2770  2770 I PreDnsQuery: onReceive: intent = android.intent.action.PACKAGE_REMOVED
04-25 13:52:22.492  2770  3124 I SmartDualCardConfig: onPackageInstallStateUpdate uid=10321,appName=com.tolgahantutar.vekdemo,packageAddFlag=0
04-25 13:52:22.513  1444 22001 I chatty  : uid=1000(system) Binder:1444_1C expire 2 lines
04-25 13:52:22.527  1444  2561 I chatty  : uid=1000(system) Binder:1444_4 expire 1 line
04-25 13:52:22.534  1444 24457 I chatty  : uid=1000(system) Binder:1444_20 expire 1 line
04-25 13:52:22.538  2626  2626 I HwNetworkPolicyManager: removeHwUidPolicy uid = 10321 policy = -1 opPackageName = com.huawei.systemmanager
04-25 13:52:22.539  2626  2892 W ContextImpl: Calling a method in the system process without a qualified user: android.app.ContextImpl.startService:1674 android.content.ContextWrapper.startService:669 com.huawei.systemmanager.spacecleanner.receiver.SpaceCleanReceiver.doInBackground:301 java.lang.reflect.Method.invoke:-2 com.huawei.library.d.c:20 
04-25 13:52:22.560  1444  2672 I chatty  : uid=1000(system) Binder:1444_5 expire 14 lines
04-25 13:52:22.564  1444  3261 I chatty  : uid=1000(system) Binder:1444_C expire 14 lines
04-25 13:52:22.575  1444  1766 I chatty  : uid=1000(system) ActivityManager expire 3 lines
04-25 13:52:22.575  5316  5316 W ContextImpl: Calling a method in the system process without a qualified user: android.app.ContextImpl.startService:1674 android.content.ContextWrapper.startService:669 android.content.ContextWrapper.startService:669 com.android.settings.applications.BlackListReceiver.onReceive:45 android.app.ActivityThread.handleReceiver:4464 
04-25 13:52:22.575  1444  3023 I chatty  : uid=1000(system) MultiTaskManage expire 3 lines
04-25 13:52:22.599  1444 22005 I chatty  : uid=1000(system) Binder:1444_1D expire 10 lines
04-25 13:52:22.603  1444  2515 I chatty  : uid=1000(system) Binder:1444_3 expire 25 lines
04-25 13:52:22.625  8794  8794 D ActivityThread: Attach thread to application
04-25 13:52:22.628  1444  2485 I chatty  : uid=1000(system) ClientModeImpl expire 1 line
04-25 13:52:22.639  8795  8795 D ActivityThread: Attach thread to application
04-25 13:52:22.641  1444 10842 I chatty  : uid=1000(system) Binder:1444_13 expire 3 lines
04-25 13:52:22.774  8796  8796 D ActivityThread: Attach thread to application
04-25 13:52:22.947  2638  9685 W ContextImpl: Calling a method in the system process without a qualified user: android.app.ContextImpl.startService:1674 android.content.ContextWrapper.startService:669 android.content.ContextWrapper.startService:669 com.huawei.nb.receiver.AppDataClearBroadcastReceiver$1.run:67 com.huawei.nb.scheduler.a.b.run:55 
04-25 13:52:22.964  2638  2638 W ContextImpl: Calling a method in the system process without a qualified user: android.app.ContextImpl.bindService:1753 android.content.ContextWrapper.bindService:705 com.huawei.nb.client.RemoteServiceConnection.open:132 com.huawei.nb.client.Proxy.connect:172 com.huawei.nb.client.DualProxy.connect:72 
04-25 13:52:22.971  1444  9688 I chatty  : uid=1000 system_server expire 5 lines
04-25 13:52:22.980 24547 24547 W ContextImpl: Calling a method in the system process without a qualified user: android.app.ContextImpl.startService:1674 android.content.ContextWrapper.startService:669 android.content.ContextWrapper.startService:669 com.huawei.securitycenter.antivirus.utils.c.k:40 com.huawei.securitycenter.antivirus.AntiVirusReceiver.onReceive:60 
04-25 13:52:22.980  2638  9689 W ContextImpl: Calling a method in the system process without a qualified user: android.app.ContextImpl.bindService:1753 android.content.ContextWrapper.bindService:705 com.huawei.nb.client.RemoteServiceConnection.open:132 com.huawei.nb.client.Proxy.connect:172 com.huawei.nb.client.DualProxy.access$101:28 
04-25 13:52:23.029  1444  1749 I chatty  : uid=1000(system) android.ui expire 1 line
04-25 13:52:23.032  1444  1761 I chatty  : uid=1000(system) HwGameAssistant expire 1 line
04-25 13:52:23.038  1444 15716 I chatty  : uid=1000(system) Binder:1444_18 expire 10 lines
04-25 13:52:23.054  1444  1760 I chatty  : uid=1000(system) HwActivityTaskM expire 2 lines
04-25 13:52:23.063 19079 19079 D ActivityThread: Won't deliver top position change in state=5
04-25 13:52:23.083  1444  1910 I chatty  : uid=1000(system) sManagerService expire 5 lines
04-25 13:52:23.084  2770  3124 I SmartDualCardConfig: getAppType,pkgName=com.huawei.android.launcher,appType=28
04-25 13:52:23.084  2770  3124 E SmartDualCardConfig: isAppInBlackList false,items==null
04-25 13:52:23.084  2770  3124 I SmartDualCardConfig: isAppInWhiteList false,uid=10069
04-25 13:52:23.090  2770 18774 I BoosterSwitchP: notifyUidState do nothing
04-25 13:52:23.090  2770 18774 I DeepNoDisturbP: notifyUidState
04-25 13:52:23.090  2770 18774 I BrowserChrP: notifyUidState
04-25 13:52:23.094 32278 32278 D RtgSched: resetRtgSchedHandle failed enable:0
04-25 13:52:23.129  2626  2906 I HwNetworkPolicyManager: getHwUidPolicy uid = 10069 policy = 0
04-25 13:52:23.135  1444  1444 I chatty  : uid=1000 system_server expire 2 lines
04-25 13:52:23.136  1444  1765 I chatty  : uid=1000(system) ActivityManager expire 1 line
04-25 13:52:23.146  1444  3423 I chatty  : uid=1000(system) Binder:1444_D expire 3 lines
04-25 13:52:23.182  2619  2691 I HwCommandQueue: updateBarBgColor
04-25 13:52:23.182  2619  2691 D HwCommandQueue: CommandQueue, setBarBackgroundColor
04-25 13:52:23.183  1444  1749 I chatty  : uid=1000(system) android.ui expire 6 lines
04-25 13:52:23.310  1444  1752 I chatty  : uid=1000(system) android.anim expire 10 lines
04-25 13:52:23.377  1444  1751 I chatty  : uid=1000(system) android.display expire 9 lines
04-25 13:52:23.380  2770  3086 I BoosterSwitchP: notifyUidState do nothing
04-25 13:52:23.380  2770  3086 I DeepNoDisturbP: notifyUidState
04-25 13:52:23.380  2770  3086 I BrowserChrP: notifyUidState
04-25 13:52:23.383  1444  2902 I chatty  : uid=1000(system) Binder:1444_9 expire 11 lines
04-25 13:52:23.385  2770  3124 I HidataAppQoeP: foregroundUidRemove uid: 10113 name: com.android.packageinstaller
04-25 13:52:23.385  2770  3124 I SmartDualCardConfig: getAppType,pkgName=com.android.packageinstaller,appType=255
04-25 13:52:23.385  2770  3124 E SmartDualCardConfig: isAppInBlackList false,items==null
04-25 13:52:23.385  2770  3124 I SmartDualCardConfig: isAppInWhiteList false,uid=10113
04-25 13:52:23.412 32278 32278 D ActivityThread: Remove activity client record, r= ActivityRecord{27f73c5 token=android.os.BinderProxy@be1bc74 {com.android.packageinstaller/com.android.packageinstaller.InstallSuccess}} token= android.os.BinderProxy@be1bc74
04-25 13:52:23.416  1444  2515 I chatty  : uid=1000(system) Binder:1444_3 expire 9 lines
04-25 13:52:23.560  1444  1762 I chatty  : uid=1000(system) android.bg expire 1 line
04-25 13:52:25.607  1444 10842 I chatty  : uid=1000(system) Binder:1444_13 expire 10 lines
04-25 13:52:26.179  1444  7289 I chatty  : uid=1000(system) MobileQosDetect expire 7 lines
04-25 13:52:26.219  1444  1754 I chatty  : uid=1000(system) monitor thread expire 5 lines
04-25 13:52:32.995  1444 23752 I chatty  : uid=1000(system) Binder:1444_1F expire 2 lines
04-25 13:52:32.996  1444  1760 I chatty  : uid=1000(system) HwActivityTaskM expire 7 lines
04-25 13:52:32.996  1444  2510 I chatty  : uid=1000(system) Thread-7 expire 7 lines
04-25 13:52:32.998  2770  3086 I BoosterSwitchP: notifyUidState do nothing
04-25 13:52:32.998  2770  3086 I DeepNoDisturbP: notifyUidState
04-25 13:52:32.998  2770  3086 I BrowserChrP: notifyUidState
04-25 13:52:48.989  2770 11840 I BoosterSwitchP: notifyUidState do nothing
04-25 13:52:48.989  2770 11840 I DeepNoDisturbP: notifyUidState
04-25 13:52:48.989  2770 11840 I BrowserChrP: notifyUidState
04-25 13:52:49.020  2770  3086 I BoosterSwitchP: notifyUidState do nothing
04-25 13:52:49.020  2770  3086 I DeepNoDisturbP: notifyUidState
04-25 13:52:49.020  2770  3086 I BrowserChrP: notifyUidState
04-25 13:52:50.241  1444 10842 I chatty  : uid=1000(system) Binder:1444_13 expire 2 lines
04-25 13:52:50.287  1444  1874 I chatty  : uid=1000(system) PackageInstalle expire 12 lines
04-25 13:52:50.310  1444  2672 I chatty  : uid=1000(system) Binder:1444_5 expire 6 lines
04-25 13:52:50.316  1444  1761 I chatty  : uid=1000(system) HwGameAssistant expire 1 line
04-25 13:52:50.319 32278 32278 V ActivityThread: callActivityOnCreate
04-25 13:52:50.323  2770 11840 I BoosterSwitchP: notifyUidState do nothing
04-25 13:52:50.323  2770 11840 I DeepNoDisturbP: notifyUidState
04-25 13:52:50.323  2770 11840 I BrowserChrP: notifyUidState
04-25 13:52:50.323  1444 15716 I chatty  : uid=1000(system) Binder:1444_18 expire 12 lines
04-25 13:52:50.335  2626  2906 I HwNetworkPolicyManager: getHwUidPolicy uid = 10113 policy = 0
04-25 13:52:50.335 32278 32278 D ActivityThread: add activity client record, r= ActivityRecord{be2c55a token=android.os.BinderProxy@2093949 {com.android.packageinstaller/com.android.packageinstaller.InstallStart}} token= android.os.BinderProxy@2093949
04-25 13:52:50.342  2770  3124 I HidataAppQoeP: foregroundUidAdd uid: 10113 name: com.android.packageinstaller activity state: true
04-25 13:52:50.344  2770  3124 E BoosterUtil: convertSubIdToSlotId failed, subId:2, slotId:-1
04-25 13:52:50.344  2770  3124 E BoosterUtil: getDefaultDataSlotId failed, invalid slotId:-1, subId:2
04-25 13:52:50.345  1444  1752 I chatty  : uid=1000(system) android.anim expire 26 lines
04-25 13:52:50.346  2770  3124 I SmartDualCardConfig: getAppType,pkgName=com.android.packageinstaller,appType=255
04-25 13:52:50.346  2770  3124 E SmartDualCardConfig: isAppInBlackList false,items==null
04-25 13:52:50.346  2770  3124 I SmartDualCardConfig: isAppInWhiteList false,uid=10113
04-25 13:52:50.356  1444  2902 I chatty  : uid=1000(system) Binder:1444_9 expire 14 lines
04-25 13:52:50.371 32278 32278 V ActivityThread: callActivityOnCreate
04-25 13:52:50.376 32278 32278 W PackageParser: Unknown element under <manifest>: queries at /data/app/vmdl618933658.tmp/base.apk Binary XML file line #21
04-25 13:52:50.397 32278 32278 D ActivityThread: add activity client record, r= ActivityRecord{e7aa6ef token=android.os.BinderProxy@a1aa714 {com.android.packageinstaller/com.android.packageinstaller.PackageInstallerActivity}} token= android.os.BinderProxy@a1aa714
04-25 13:52:50.406 19079 19079 D RtgSched: resetRtgSchedHandle failed enable:0
04-25 13:52:50.459  1444  1906 I chatty  : uid=1000(system) AlarmManager expire 1 line
04-25 13:52:50.563  1444  2515 I chatty  : uid=1000(system) Binder:1444_3 expire 9 lines
04-25 13:52:50.720  1444  1752 I chatty  : uid=1000(system) android.anim expire 7 lines
04-25 13:52:50.723  1444  1751 I chatty  : uid=1000(system) android.display expire 1 line
04-25 13:52:50.727  2770  3124 I SmartDualCardConfig: getAppType,pkgName=com.huawei.android.launcher,appType=28
04-25 13:52:50.727  2770  3124 E SmartDualCardConfig: isAppInBlackList false,items==null
04-25 13:52:50.727  2770  3124 I SmartDualCardConfig: isAppInWhiteList false,uid=10069
04-25 13:52:50.752  1444  2902 I chatty  : uid=1000(system) Binder:1444_9 expire 13 lines
04-25 13:52:50.760  2770  3084 I BoosterSwitchP: notifyUidState do nothing
04-25 13:52:50.760  2770  3084 I DeepNoDisturbP: notifyUidState
04-25 13:52:50.760  2770  3084 I BrowserChrP: notifyUidState
04-25 13:52:50.830 32278 32278 D ActivityThread: Remove activity client record, r= ActivityRecord{be2c55a token=android.os.BinderProxy@2093949 {com.android.packageinstaller/com.android.packageinstaller.InstallStart}} token= android.os.BinderProxy@2093949
04-25 13:52:51.111 32278  2352 W PackageParser: Unknown element under <manifest>: queries at /data/app/vmdl618933658.tmp/base.apk Binary XML file line #21
04-25 13:52:51.113  2619  2689 I HwCommandQueue: updateBarBgColor
04-25 13:52:51.113  2619  2689 D HwCommandQueue: CommandQueue, setBarBackgroundColor
04-25 13:52:51.114  1444  1749 I chatty  : uid=1000(system) android.ui expire 6 lines
04-25 13:52:51.136 32278  2352 W PackageParser: Unknown element under <manifest>: queries at /data/app/vmdl618933658.tmp/base.apk Binary XML file line #21
04-25 13:52:51.139 32278  2352 W PackageParser: Unknown element under <manifest>: queries at /data/app/vmdl618933658.tmp/base.apk Binary XML file line #21
04-25 13:52:52.385  1444  1882 I chatty  : uid=1000(system) UEventObserver expire 7 lines
04-25 13:52:53.035  1444  2515 I chatty  : uid=1000(system) Binder:1444_3 expire 11 lines
04-25 13:52:53.036  1444  2902 I chatty  : uid=1000(system) Binder:1444_9 expire 1 line
04-25 13:52:53.036  1444  1761 I chatty  : uid=1000(system) HwGameAssistant expire 2 lines
04-25 13:52:53.040  1444  2672 I chatty  : uid=1000(system) Binder:1444_5 expire 14 lines
04-25 13:52:53.047  1444  1760 I chatty  : uid=1000(system) HwActivityTaskM expire 3 lines
04-25 13:52:53.052  1444  3423 I chatty  : uid=1000(system) Binder:1444_D expire 14 lines
04-25 13:52:53.057  1444  1752 I chatty  : uid=1000(system) android.anim expire 25 lines
04-25 13:52:53.057  1444  1751 I chatty  : uid=1000(system) android.display expire 2 lines
04-25 13:52:53.060  1444  2510 I chatty  : uid=1000(system) Thread-7 expire 2 lines
04-25 13:52:53.061 32278 32278 V ActivityThread: callActivityOnCreate
04-25 13:52:53.082 32278 32278 D ActivityThread: add activity client record, r= ActivityRecord{47da05a token=android.os.BinderProxy@d36cc23 {com.android.packageinstaller/com.android.packageinstaller.InstallInstalling}} token= android.os.BinderProxy@d36cc23
04-25 13:52:53.125 32278 32278 D ActivityThread: Remove activity client record, r= ActivityRecord{e7aa6ef token=android.os.BinderProxy@a1aa714 {com.android.packageinstaller/com.android.packageinstaller.PackageInstallerActivity}} token= android.os.BinderProxy@a1aa714
04-25 13:52:53.242  1444  1781 I chatty  : uid=1000(system) PackageManager expire 141 lines
04-25 13:52:53.407   482 18473 D vold    : Remounting 10322 as mode default
04-25 13:52:53.411  1444  1874 I chatty  : uid=1000(system) PackageInstalle expire 1 line
04-25 13:52:53.414  1444 10842 I chatty  : uid=1000(system) Binder:1444_13 expire 2 lines
04-25 13:52:53.423  1444  1444 I chatty  : uid=1000 system_server expire 1 line
04-25 13:52:53.423  1444  1748 I chatty  : uid=1000(system) android.fg expire 1 line
04-25 13:52:53.425  1444  1762 I chatty  : uid=1000(system) android.bg expire 6 lines
04-25 13:52:53.429  1444  3037 I chatty  : uid=1000(system) GeoCodeHander expire 1 line
04-25 13:52:53.430  2770  3124 I BoosterGameP: handleStateChanged reason=12
04-25 13:52:53.433  2770  2770 I PreDnsQuery: onReceive: intent = android.intent.action.PACKAGE_ADDED
04-25 13:52:53.437  1444 23752 I chatty  : uid=1000(system) Binder:1444_1F expire 3 lines
04-25 13:52:53.452  1444 18777 I chatty  : uid=1000(system) Binder:1444_1B expire 1 line
04-25 13:52:53.454  2770  3124 E BoosterUtil: convertSubIdToSlotId failed, subId:2, slotId:-1
04-25 13:52:53.454  2770  3124 E BoosterUtil: getDefaultDataSlotId failed, invalid slotId:-1, subId:2
04-25 13:52:53.454  2770  3124 I BoosterVideoP: handleStateChanged reason=12
04-25 13:52:53.455  1444  4407 I chatty  : uid=1000(system) Binder:1444_F expire 8 lines
04-25 13:52:53.459  2770  3124 E BoosterUtil: convertSubIdToSlotId failed, subId:2, slotId:-1
04-25 13:52:53.459  2770  3124 E BoosterUtil: getDefaultDataSlotId failed, invalid slotId:-1, subId:2
04-25 13:52:53.459  2770  3124 I BoosterSwitchP: handleStateChanged reason=12
04-25 13:52:53.466  2770  3124 E BoosterUtil: convertSubIdToSlotId failed, subId:2, slotId:-1
04-25 13:52:53.466  2770  3124 E BoosterUtil: getDefaultDataSlotId failed, invalid slotId:-1, subId:2
04-25 13:52:53.469  2770  3124 E BoosterUtil: convertSubIdToSlotId failed, subId:2, slotId:-1
04-25 13:52:53.469  2770  3124 E BoosterUtil: getDefaultDataSlotId failed, invalid slotId:-1, subId:2
04-25 13:52:53.469  2770  3124 I DeepNoDisturbP: handleStateChanged reason=12
04-25 13:52:53.472  2770  3124 E BoosterUtil: convertSubIdToSlotId failed, subId:2, slotId:-1
04-25 13:52:53.472  2770  3124 E BoosterUtil: getDefaultDataSlotId failed, invalid slotId:-1, subId:2
04-25 13:52:53.476  2770  3124 E BoosterUtil: convertSubIdToSlotId failed, subId:2, slotId:-1
04-25 13:52:53.476  2770  3124 E BoosterUtil: getDefaultDataSlotId failed, invalid slotId:-1, subId:2
04-25 13:52:53.476  2770  3124 I HidataAppQoeP: handleStateChanged reason=12
04-25 13:52:53.478  2770  3124 E BoosterUtil: convertSubIdToSlotId failed, subId:2, slotId:-1
04-25 13:52:53.478  2770  3124 E BoosterUtil: getDefaultDataSlotId failed, invalid slotId:-1, subId:2
04-25 13:52:53.478  2770  3124 I PreDnsQuery: handleStateChanged reason=12
04-25 13:52:53.479  2770  3124 E BoosterUtil: convertSubIdToSlotId failed, subId:2, slotId:-1
04-25 13:52:53.479  2770  3124 E BoosterUtil: getDefaultDataSlotId failed, invalid slotId:-1, subId:2
04-25 13:52:53.479  2770  3124 I PreDnsQuery: No need to handled!
04-25 13:52:53.479  2770  3124 I BrowserChrP: handleStateChanged
04-25 13:52:53.479  2770  3124 I SmartDualCardConfig: onPackageInstallStateUpdate uid=10322,appName=com.tolgahantutar.videoeditorkitmedium,packageAddFlag=1
04-25 13:52:53.485  1444  2766 I chatty  : uid=1000(system) Binder:1444_7 expire 1 line
04-25 13:52:53.486  1444 14850 I chatty  : uid=1000(system) Binder:1444_15 expire 11 lines
04-25 13:52:53.487  2626  2626 I HwNetworkPolicyManager: removeHwUidPolicy uid = 10322 policy = -1 opPackageName = com.huawei.systemmanager
04-25 13:52:53.488  2626  2892 W ContextImpl: Calling a method in the system process without a qualified user: android.app.ContextImpl.startService:1674 android.content.ContextWrapper.startService:669 com.huawei.systemmanager.spacecleanner.receiver.SpaceCleanReceiver.doInBackground:301 java.lang.reflect.Method.invoke:-2 com.huawei.library.d.c:20 
04-25 13:52:53.490  1444 18777 I chatty  : uid=1000(system) Binder:1444_1B expire 2 lines
04-25 13:52:53.492  1444  1760 I chatty  : uid=1000(system) HwActivityTaskM expire 5 lines
04-25 13:52:53.493  1444  2902 I chatty  : uid=1000(system) Binder:1444_9 expire 2 lines
04-25 13:52:53.495 32278 32278 V ActivityThread: callActivityOnCreate
04-25 13:52:53.499  1444  2510 I chatty  : uid=1000(system) Thread-7 expire 5 lines
04-25 13:52:53.505  1444  3261 I chatty  : uid=1000(system) Binder:1444_C expire 2 lines
04-25 13:52:53.506  1444  1765 I chatty  : uid=1000(system) ActivityManager expire 4 lines
04-25 13:52:53.512  1444 22005 I chatty  : uid=1000(system) Binder:1444_1D expire 6 lines
04-25 13:52:53.513  5316  5316 W ContextImpl: Calling a method in the system process without a qualified user: android.app.ContextImpl.startService:1674 android.content.ContextWrapper.startService:669 android.content.ContextWrapper.startService:669 com.android.settings.applications.BlackListReceiver.onReceive:45 android.app.ActivityThread.handleReceiver:4464 
04-25 13:52:53.516  1444  4407 I chatty  : uid=1000(system) Binder:1444_F expire 31 lines
04-25 13:52:53.517  1444  1444 I chatty  : uid=1000 system_server expire 9 lines
04-25 13:52:53.518  1444  2731 I chatty  : uid=1000(system) Binder:1444_6 expire 2 lines
04-25 13:52:53.518 32278 32278 D ActivityThread: add activity client record, r= ActivityRecord{f3bf186 token=android.os.BinderProxy@3bfed57 {com.android.packageinstaller/com.android.packageinstaller.InstallSuccess}} token= android.os.BinderProxy@3bfed57
04-25 13:52:53.521  1444 22001 I chatty  : uid=1000(system) Binder:1444_1C expire 1 line
04-25 13:52:53.521  1444  3260 I chatty  : uid=1000(system) Binder:1444_B expire 5 lines
04-25 13:52:53.529  1444  1752 I chatty  : uid=1000(system) android.anim expire 47 lines
04-25 13:52:53.532  1444  1762 I chatty  : uid=1000(system) android.bg expire 5 lines
04-25 13:52:53.535  2770  2770 I HwCoreAppHelperService: LocalReceiver receives:android.intent.action.PACKAGE_RESTARTED,pkg:com.tolgahantutar.videoeditorkitmedium,uid:10322
04-25 13:52:53.539 12068 13533 W PackageParser: Unknown element under <manifest>: queries at /data/app/com.tolgahantutar.videoeditorkitmedium-FsVWOxX6arTEYiCu_yAOAA==/base.apk Binary XML file line #21
04-25 13:52:53.548  1444 18600 I chatty  : uid=1000(system) Binder:1444_1A expire 8 lines
04-25 13:52:53.552  1444  1749 I chatty  : uid=1000(system) android.ui expire 6 lines
04-25 13:52:53.560  1444  2515 I chatty  : uid=1000(system) Binder:1444_3 expire 38 lines
04-25 13:52:53.578  1444  1751 I chatty  : uid=1000(system) android.display expire 7 lines
04-25 13:52:53.585 32278 32278 D ActivityThread: Remove activity client record, r= ActivityRecord{47da05a token=android.os.BinderProxy@d36cc23 {com.android.packageinstaller/com.android.packageinstaller.InstallInstalling}} token= android.os.BinderProxy@d36cc23
04-25 13:52:53.588  1444  1766 I chatty  : uid=1000(system) ActivityManager expire 2 lines
04-25 13:52:53.592  1444 24457 I chatty  : uid=1000(system) Binder:1444_20 expire 24 lines
04-25 13:52:53.594  1444  3023 I chatty  : uid=1000(system) MultiTaskManage expire 2 lines
04-25 13:52:53.642  9174  9174 D ActivityThread: Attach thread to application
04-25 13:52:53.722  1444  1748 I chatty  : uid=1000(system) android.fg expire 2 lines
04-25 13:52:53.739  1444 15716 I chatty  : uid=1000(system) Binder:1444_18 expire 11 lines
04-25 13:52:53.766  9184  9184 D ActivityThread: Attach thread to application
04-25 13:52:53.773  1444  1761 I chatty  : uid=1000(system) HwGameAssistant expire 1 line
04-25 13:52:53.776  1444  2766 I chatty  : uid=1000(system) Binder:1444_7 expire 10 lines
04-25 13:52:53.777  2770  3124 E SmartDualCardConfig: getApkConfig fail,end
04-25 13:52:53.777  2770  3124 I SmartDualCardConfig: isAppInXml,return false
04-25 13:52:53.777  2770  3124 E SmartDualCardConfig: onPackageInstallStateUpdate fail
04-25 13:52:53.840  2770 11840 I BoosterSwitchP: notifyUidState do nothing
04-25 13:52:53.840  2770 11840 I DeepNoDisturbP: notifyUidState
04-25 13:52:53.840  2770 11840 I BrowserChrP: notifyUidState
04-25 13:52:53.850  2626  2906 I HwNetworkPolicyManager: getHwUidPolicy uid = 10322 policy = 0
04-25 13:52:53.855 24547 24547 W ContextImpl: Calling a method in the system process without a qualified user: android.app.ContextImpl.startService:1674 android.content.ContextWrapper.startService:669 android.content.ContextWrapper.startService:669 com.huawei.securitycenter.antivirus.utils.c.j:71 com.huawei.securitycenter.antivirus.AntiVirusReceiver.onReceive:38 
04-25 13:52:53.857  2626  2626 W ContextImpl: Calling a method in the system process without a qualified user: android.app.ContextImpl.startService:1674 android.content.ContextWrapper.startService:669 com.huawei.securitycenter.antivirus.AntiVirusService.onStartCommand:102 android.app.ActivityThread.handleServiceArgs:4778 android.app.ActivityThread.access$3100:308 
04-25 13:52:53.882  4483  9890 W ContextImpl: Calling a method in the system process without a qualified user: android.app.ContextImpl.bindService:1753 android.content.ContextWrapper.bindService:705 com.huawei.securitycenter.antivirus.a.a.un:72 com.huawei.securitycenter.antivirus.a.a.<init>:30 com.huawei.securitycenter.antivirus.newengine.b.a:8 
04-25 13:52:53.902  1444  9893 I chatty  : uid=1000 system_server expire 5 lines
04-25 13:52:54.265  9184  9184 V ActivityThread: callActivityOnCreate
04-25 13:52:54.353  9184  9902 D SystemConfig: Removed unavailable feature android.hardware.sensor.barometer
04-25 13:52:54.354  9184  9902 D SystemConfig: Removed unavailable feature android.hardware.sensor.gyroscope
04-25 13:52:54.356  9184  9902 W SystemConfig: No directory /product_services/etc/sysconfig, skipping
04-25 13:52:54.356  9184  9902 W SystemConfig: No directory /product_services/etc/permissions, skipping
04-25 13:52:54.356  9184  9902 W SystemConfig: No directory /system/emui/base/sysconfig, skipping
04-25 13:52:54.357  9184  9902 W SystemConfig: No directory /system/emui/oversea/sysconfig, skipping
04-25 13:52:54.358  9184  9902 W SystemConfig: No directory /vendor/etc/sysconfig, skipping
04-25 13:52:54.363  9184  9902 D SystemConfig: Removed unavailable feature android.hardware.sensor.barometer
04-25 13:52:54.364  9184  9902 D SystemConfig: Removed unavailable feature android.hardware.sensor.gyroscope
04-25 13:52:54.369  9184  9902 W SystemConfig: No directory /odm/etc/sysconfig, skipping
04-25 13:52:54.372  9184  9902 W SystemConfig: No directory /odm/hw_odm/JNY-L21/sysconfig, skipping
04-25 13:52:54.372  9184  9902 W SystemConfig: No directory /odm/hw_odm/JNY-L21/permissions, skipping
04-25 13:52:54.372  9184  9902 W SystemConfig: No directory /hw_product/etc/sysconfig, skipping
04-25 13:52:54.375  9184  9902 W SystemConfig: No directory /hw_product/region_comm/oversea/sysconfig, skipping
04-25 13:52:54.379  9184  9902 W SystemConfig: No directory /hw_product/hw_oem/JNY-L21/sysconfig, skipping
04-25 13:52:54.380  9184  9902 W SystemConfig: No directory /preload/JNY-L21/hw/eu/sysconfig, skipping
04-25 13:52:54.380  9184  9902 W SystemConfig: No directory /cust/global/sysconfig, skipping
04-25 13:52:54.380  9184  9902 W SystemConfig: No directory /cust/global/permissions, skipping
04-25 13:52:54.381  9184  9902 W SystemConfig: No directory /hw_product/special_cust/JNY-L21/hw/eu/sysconfig, skipping
04-25 13:52:54.381  9184  9902 W SystemConfig: No directory /hw_product/special_cust/JNY-L21/hw/eu/permissions, skipping
04-25 13:52:54.381  9184  9902 W SystemConfig: No directory /cust/cotalite/sysconfig, skipping
04-25 13:52:54.382  9184  9902 W SystemConfig: No directory /cust/cotalite/permissions, skipping
04-25 13:52:54.382  9184  9902 W SystemConfig: No directory /cust/ecota/sysconfig, skipping
04-25 13:52:54.382  9184  9902 W SystemConfig: No directory /cust/ecota/permissions, skipping
04-25 13:52:54.544  9184  9184 W PackageParser: Unknown element under <manifest>: queries at /data/app/com.tolgahantutar.videoeditorkitmedium-FsVWOxX6arTEYiCu_yAOAA==/base.apk Binary XML file line #21
04-25 13:52:54.554  9184  9184 I chatty  : uid=10322(com.tolgahantutar.videoeditorkitmedium) identical 1 line
04-25 13:52:54.825  9184  9184 W PackageParser: Unknown element under <manifest>: queries at /data/app/com.tolgahantutar.videoeditorkitmedium-FsVWOxX6arTEYiCu_yAOAA==/base.apk Binary XML file line #21
04-25 13:52:55.194  9184  9184 D ActivityThread: add activity client record, r= ActivityRecord{f4dcaed token=android.os.BinderProxy@2ecb772 {com.tolgahantutar.videoeditorkitmedium/com.tolgahantutar.videoeditorkitmedium.MainActivity}} token= android.os.BinderProxy@2ecb772
04-25 13:52:55.209  1444  1910 I chatty  : uid=1000(system) sManagerService expire 4 lines
04-25 13:52:55.210 32278 32278 D RtgSched: resetRtgSchedHandle failed enable:0
04-25 13:52:55.217  2770  3124 I HidataAppQoeP: foregroundUidAdd uid: 10322 name: com.tolgahantutar.videoeditorkitmedium activity state: true
04-25 13:52:55.218  2770  3124 E BoosterUtil: convertSubIdToSlotId failed, subId:2, slotId:-1
04-25 13:52:55.218  2770  3124 E BoosterUtil: getDefaultDataSlotId failed, invalid slotId:-1, subId:2
04-25 13:52:55.220  2770  3124 I SmartDualCardConfig: getAppType,pkgName=com.tolgahantutar.videoeditorkitmedium,appType=-1
04-25 13:52:55.220  2770  3124 E SmartDualCardConfig: isAppInBlackList false,items==null
04-25 13:52:55.220  2770  3124 I SmartDualCardConfig: isAppInWhiteList false,uid=10322
04-25 13:52:55.242  2619  2689 I HwCommandQueue: updateBarBgColor
04-25 13:52:55.242  2619  2689 D HwCommandQueue: CommandQueue, setBarBackgroundColor
04-25 13:52:55.369  2770  3124 I HidataAppQoeP: foregroundUidRemove uid: 10113 name: com.android.packageinstaller
04-25 13:52:55.370  2770  3124 I SmartDualCardConfig: getAppType,pkgName=com.android.packageinstaller,appType=255
04-25 13:52:55.370  2770  3124 E SmartDualCardConfig: isAppInBlackList false,items==null
04-25 13:52:55.370  2770  3124 I SmartDualCardConfig: isAppInWhiteList false,uid=10113
04-25 13:52:55.377  2770  4863 I BoosterSwitchP: notifyUidState do nothing
04-25 13:52:55.377  2770  4863 I DeepNoDisturbP: notifyUidState
04-25 13:52:55.377  2770  4863 I BrowserChrP: notifyUidState
04-25 13:52:56.108  9184  9184 W HwApsManager: HwApsManagerService, registerCallback, start !
04-25 13:52:56.221  1444  1754 I chatty  : uid=1000(system) monitor thread expire 1 line
04-25 13:52:58.207  1444  7289 I chatty  : uid=1000(system) MobileQosDetect expire 1 line
04-25 13:53:00.169  1444  1914 I chatty  : uid=1000(system) GestureNavManag expire 2 lines
04-25 13:53:00.217  9184  9184 D RtgSched: resetRtgSchedHandle failed enable:0
04-25 13:53:00.222 19079 19079 I ActivityThread: Handle window ActivityRecord{a812876 token=android.os.BinderProxy@8ad486c {com.huawei.android.launcher/com.huawei.android.launcher.unihome.UniHomeLauncher}} visibility: true
04-25 13:53:00.224  2770  3084 I BoosterSwitchP: notifyUidState do nothing
04-25 13:53:00.224  2770  3084 I DeepNoDisturbP: notifyUidState
04-25 13:53:00.224  2770  3084 I BrowserChrP: notifyUidState
04-25 13:53:00.269  2626  2906 I HwNetworkPolicyManager: getHwUidPolicy uid = 10069 policy = 0
04-25 13:53:00.830  1444 24457 I chatty  : uid=1000(system) Binder:1444_20 expire 65 lines
04-25 13:53:00.832  1444  1749 I chatty  : uid=1000(system) android.ui expire 4 lines
04-25 13:53:00.835  1444  1761 I chatty  : uid=1000(system) HwGameAssistant expire 2 lines
04-25 13:53:00.843  1444 22001 I chatty  : uid=1000(system) Binder:1444_1C expire 6 lines
04-25 13:53:00.853  1444  1760 I chatty  : uid=1000(system) HwActivityTaskM expire 6 lines
04-25 13:53:00.856  1444 18600 I chatty  : uid=1000(system) Binder:1444_1A expire 3 lines
04-25 13:53:00.857  1444  2510 I chatty  : uid=1000(system) Thread-7 expire 5 lines
04-25 13:53:00.858  2770  3124 I SmartDualCardConfig: getAppType,pkgName=com.huawei.android.launcher,appType=28
04-25 13:53:00.858  2770  3124 E SmartDualCardConfig: isAppInBlackList false,items==null
04-25 13:53:00.858  2770  3124 I SmartDualCardConfig: isAppInWhiteList false,uid=10069
04-25 13:53:00.864  1444  1751 I chatty  : uid=1000(system) android.display expire 5 lines
04-25 13:53:00.882  2619  2689 I HwCommandQueue: updateBarBgColor
04-25 13:53:00.882  2619  2689 D HwCommandQueue: CommandQueue, setBarBackgroundColor
04-25 13:53:00.887  2770  3124 I HidataAppQoeP: foregroundUidRemove uid: 10322 name: com.tolgahantutar.videoeditorkitmedium
04-25 13:53:00.888  2770  3124 I SmartDualCardConfig: getAppType,pkgName=com.tolgahantutar.videoeditorkitmedium,appType=-1
04-25 13:53:00.888  2770  3124 E SmartDualCardConfig: isAppInBlackList false,items==null
04-25 13:53:00.888  2770  3124 I SmartDualCardConfig: isAppInWhiteList false,uid=10322
04-25 13:53:00.909  2770  3084 I BoosterSwitchP: notifyUidState do nothing
04-25 13:53:00.909  2770  3084 I DeepNoDisturbP: notifyUidState
04-25 13:53:00.909  2770  3084 I BrowserChrP: notifyUidState
04-25 13:53:00.909  1444  1910 I chatty  : uid=1000(system) sManagerService expire 4 lines
04-25 13:53:01.206  1444  1752 I chatty  : uid=1000(system) android.anim expire 25 lines
04-25 13:53:02.221  1444  1754 I chatty  : uid=1000(system) monitor thread expire 1 line
04-25 13:53:02.275  1444  2515 I chatty  : uid=1000(system) Binder:1444_3 expire 8 lines
04-25 13:53:02.698  1444  1766 I chatty  : uid=1000(system) ActivityManager expire 5 lines
04-25 13:53:02.699  1444  3023 I chatty  : uid=1000(system) MultiTaskManage expire 5 lines
04-25 13:53:02.741  9186  9186 I ActivityThread: preloadStatus:1
04-25 13:53:02.744  9186  9186 D ActivityThread: Attach thread to application
04-25 13:53:02.755  9186 10042 I ActivityThread: mSocketName: preloadoptcom.tolgahantutar.videoeditortest
04-25 13:53:02.756  9186 10042 I ActivityThread: initPreloadedSocked end mPreloadStatus 2
04-25 13:53:02.796  9186  9186 I ActivityThread: accept socket mSocketName: preloadoptcom.tolgahantutar.videoeditortest
04-25 13:53:03.380  1444  2766 I chatty  : uid=1000(system) Binder:1444_7 expire 30 lines
04-25 13:53:03.770 32278 32278 D ActivityThread: Remove activity client record, r= ActivityRecord{f3bf186 token=android.os.BinderProxy@3bfed57 {com.android.packageinstaller/com.android.packageinstaller.InstallSuccess}} token= android.os.BinderProxy@3bfed57
04-25 13:53:03.797  5316  5316 V ActivityThread: callActivityOnCreate
04-25 13:53:03.809  2770  3084 I BoosterSwitchP: notifyUidState do nothing
04-25 13:53:03.809  2770  3084 I DeepNoDisturbP: notifyUidState
04-25 13:53:03.809  2770  3084 I BrowserChrP: notifyUidState
04-25 13:53:03.816  2626  2906 I HwNetworkPolicyManager: getHwUidPolicy uid = 1000 policy = 0
04-25 13:53:03.825  5316  5316 D ActivityThread: add activity client record, r= ActivityRecord{c8a7fe2 token=android.os.BinderProxy@48d6ccc {com.android.settings/com.android.settings.HWSettings}} token= android.os.BinderProxy@48d6ccc
04-25 13:53:03.842  5316  5316 W ContextImpl: Calling a method in the system process without a qualified user: android.app.ContextImpl.sendBroadcast:1159 android.content.ContextWrapper.sendBroadcast:453 com.android.settings.HWSettings.onResume:306 android.app.Instrumentation.callActivityOnResume:1472 android.app.Activity.performResume:8222 
04-25 13:53:03.848 19079 19079 D RtgSched: resetRtgSchedHandle failed enable:0
04-25 13:53:03.881  1444  3260 I chatty  : uid=1000(system) Binder:1444_B expire 1 line
04-25 13:53:03.894  1444 22005 I chatty  : uid=1000(system) Binder:1444_1D expire 14 lines
04-25 13:53:03.910  1444 15716 I chatty  : uid=1000(system) Binder:1444_18 expire 14 lines
04-25 13:53:03.921  2770  4863 I BoosterSwitchP: notifyUidState do nothing
04-25 13:53:03.921  2770  4863 I DeepNoDisturbP: notifyUidState
04-25 13:53:03.921  2770  4863 I BrowserChrP: notifyUidState
04-25 13:53:04.010  2619  2691 I HwCommandQueue: updateBarBgColor
04-25 13:53:04.010  2619  2691 D HwCommandQueue: CommandQueue, setBarBackgroundColor
04-25 13:53:04.015  2770  3124 I SmartDualCardConfig: getAppType,pkgName=com.huawei.android.launcher,appType=28
04-25 13:53:04.015  2770  3124 E SmartDualCardConfig: isAppInBlackList false,items==null
04-25 13:53:04.015  2770  3124 I SmartDualCardConfig: isAppInWhiteList false,uid=10069
04-25 13:53:04.042  2770  4863 I BoosterSwitchP: notifyUidState do nothing
04-25 13:53:04.042  2770  4863 I DeepNoDisturbP: notifyUidState
04-25 13:53:04.042  2770  4863 I BrowserChrP: notifyUidState
04-25 13:53:04.365  9188  9188 D ActivityThread: Attach thread to application
04-25 13:53:04.367  9187  9187 D ActivityThread: Attach thread to application
04-25 13:53:04.475  2986  3293 D Telephony-PhoneSearchIndexablesProvider: queryXmlResources
04-25 13:53:04.477  2986  3293 D Telephony-PhoneSearchIndexablesProvider: queryRawData
04-25 13:53:04.483  2986  3293 D Telephony-PhoneSearchIndexablesProvider: queryNonIndexableKeys
04-25 13:53:04.508  8794 10157 D SystemConfig: Removed unavailable feature android.hardware.sensor.barometer
04-25 13:53:04.509  8794 10157 D SystemConfig: Removed unavailable feature android.hardware.sensor.gyroscope
04-25 13:53:04.510  8794 10157 W SystemConfig: No directory /product_services/etc/sysconfig, skipping
04-25 13:53:04.510  8794 10157 W SystemConfig: No directory /product_services/etc/permissions, skipping
04-25 13:53:04.510  8794 10157 W SystemConfig: No directory /system/emui/base/sysconfig, skipping
04-25 13:53:04.511  8794 10157 W SystemConfig: No directory /system/emui/oversea/sysconfig, skipping
04-25 13:53:04.512  8794 10157 W SystemConfig: No directory /vendor/etc/sysconfig, skipping
04-25 13:53:04.517  8794 10157 D SystemConfig: Removed unavailable feature android.hardware.sensor.barometer
04-25 13:53:04.517  8794 10157 D SystemConfig: Removed unavailable feature android.hardware.sensor.gyroscope
04-25 13:53:04.523  8794 10157 W SystemConfig: No directory /odm/etc/sysconfig, skipping
04-25 13:53:04.526  8794 10157 W SystemConfig: No directory /odm/hw_odm/JNY-L21/sysconfig, skipping
04-25 13:53:04.526  8794 10157 W SystemConfig: No directory /odm/hw_odm/JNY-L21/permissions, skipping
04-25 13:53:04.526  8794 10157 W SystemConfig: No directory /hw_product/etc/sysconfig, skipping
04-25 13:53:04.529  8794 10157 W SystemConfig: No directory /hw_product/region_comm/oversea/sysconfig, skipping
04-25 13:53:04.534  8794 10157 W SystemConfig: No directory /hw_product/hw_oem/JNY-L21/sysconfig, skipping
04-25 13:53:04.535  8794 10157 W SystemConfig: No directory /preload/JNY-L21/hw/eu/sysconfig, skipping
04-25 13:53:04.536  8794 10157 W SystemConfig: No directory /cust/global/sysconfig, skipping
04-25 13:53:04.536  8794 10157 W SystemConfig: No directory /cust/global/permissions, skipping
04-25 13:53:04.537  8794 10157 W SystemConfig: No directory /hw_product/special_cust/JNY-L21/hw/eu/sysconfig, skipping
04-25 13:53:04.537  8794 10157 W SystemConfig: No directory /hw_product/special_cust/JNY-L21/hw/eu/permissions, skipping
04-25 13:53:04.538  8794 10157 W SystemConfig: No directory /cust/cotalite/sysconfig, skipping
04-25 13:53:04.538  8794 10157 W SystemConfig: No directory /cust/cotalite/permissions, skipping
04-25 13:53:04.539  8794 10157 W SystemConfig: No directory /cust/ecota/sysconfig, skipping
04-25 13:53:04.539  8794 10157 W SystemConfig: No directory /cust/ecota/permissions, skipping
04-25 13:53:04.598  9650  9650 D ActivityThread: Attach thread to application
04-25 13:53:04.616  9656  9656 D ActivityThread: Attach thread to application
04-25 13:53:04.649  1444 22001 I chatty  : uid=1000(system) Binder:1444_1C expire 2 lines
04-25 13:53:04.649  1444 15716 I chatty  : uid=1000(system) Binder:1444_18 expire 2 lines
04-25 13:53:04.659  1444  2766 I chatty  : uid=1000(system) Binder:1444_7 expire 1 line
04-25 13:53:04.678  1444 22001 I chatty  : uid=1000(system) Binder:1444_1C expire 9 lines
04-25 13:53:04.733  1444 15716 I chatty  : uid=1000(system) Binder:1444_18 expire 32 lines
04-25 13:53:04.734  1444  2766 I chatty  : uid=1000(system) Binder:1444_7 expire 14 lines
04-25 13:53:04.743  1444  1444 I chatty  : uid=1000 system_server expire 4 lines
04-25 13:53:04.784  1444 22001 I chatty  : uid=1000(system) Binder:1444_1C expire 25 lines
04-25 13:53:04.784  1444 24457 I chatty  : uid=1000(system) Binder:1444_20 expire 36 lines
04-25 13:53:04.792  5316  5316 W HwApsManager: HwApsManagerService, registerCallback, start !
04-25 13:53:04.827  1444  1751 I chatty  : uid=1000(system) android.display expire 3 lines
04-25 13:53:04.828  5316  5316 V ActivityThread: callActivityOnCreate
04-25 13:53:04.828  1444  1760 I chatty  : uid=1000(system) HwActivityTaskM expire 2 lines
04-25 13:53:04.829  1444  2510 I chatty  : uid=1000(system) Thread-7 expire 2 lines
04-25 13:53:04.892  5316  5316 D ActivityThread: add activity client record, r= ActivityRecord{f7b5185 token=android.os.BinderProxy@3407eb2 {com.android.settings/com.android.settings.Settings$SoundSettingsActivity}} token= android.os.BinderProxy@3407eb2
04-25 13:53:05.014  1444  1766 I chatty  : uid=1000(system) ActivityManager expire 5 lines
04-25 13:53:05.016  1444  3023 I chatty  : uid=1000(system) MultiTaskManage expire 5 lines
04-25 13:53:05.031  1444  2672 I chatty  : uid=1000(system) Binder:1444_5 expire 38 lines
04-25 13:53:05.052  9658  9658 D ActivityThread: Attach thread to application
04-25 13:53:05.063  1444  1752 I chatty  : uid=1000(system) android.anim expire 16 lines
04-25 13:53:05.071  1444  1749 I chatty  : uid=1000(system) android.ui expire 1 line
04-25 13:53:05.094  1444  4407 I chatty  : uid=1000(system) Binder:1444_F expire 2 lines
04-25 13:53:05.191   482 18473 D sdlock  : poll
04-25 13:53:05.197   482 18473 I chatty  : uid=0(root) Binder:482_7 identical 2 lines
04-25 13:53:05.198   482 18473 D sdlock  : poll
04-25 13:53:05.253  1444  2494 I chatty  : uid=1000(system) ConnectivitySer expire 2 lines
04-25 13:53:05.253  1444 22005 I chatty  : uid=1000(system) Binder:1444_1D expire 41 lines
04-25 13:53:05.329  2983 24924 D FaceRecognizeService: Face recognize getEnrolledFaceRecognizes userId = 0 package = com.android.settings
04-25 13:53:05.334  2983 24924 I FaceRecognizeService: isClonedProfile:false
04-25 13:53:05.335  2983 24924 D FaceRecognizeService: isMainUser in-userId = 0 currentUserId = 0
04-25 13:53:05.346  2983 24924 D FaceRecognizeService: Face recognize getEnrolledFaceRecognizes userId = 0 package = com.android.settings
04-25 13:53:05.347  2983 24924 I FaceRecognizeService: isClonedProfile:false
04-25 13:53:05.354  2983 24924 D FaceRecognizeService: isMainUser in-userId = 0 currentUserId = 0
04-25 13:53:05.354  5316 10126 E FaceRecognizeManagerImpl: getEnrolledFaceRecognizes fail
04-25 13:53:05.439  1444  3260 I chatty  : uid=1000(system) Binder:1444_B expire 14 lines
04-25 13:53:05.454  2770 11840 D HwBootanimService: Boot or Shutdown sound is Capable :true
04-25 13:53:05.461  1444 18600 I chatty  : uid=1000(system) Binder:1444_1A expire 15 lines
04-25 13:53:05.489  9660  9660 D ActivityThread: Attach thread to application
04-25 13:53:05.651  9658 10469 D SystemConfig: Removed unavailable feature android.hardware.sensor.barometer
04-25 13:53:05.651  9658 10469 D SystemConfig: Removed unavailable feature android.hardware.sensor.gyroscope
04-25 13:53:05.652  9658 10469 W SystemConfig: No directory /product_services/etc/sysconfig, skipping
04-25 13:53:05.652  9658 10469 W SystemConfig: No directory /product_services/etc/permissions, skipping
04-25 13:53:05.652  9658 10469 W SystemConfig: No directory /system/emui/base/sysconfig, skipping
04-25 13:53:05.653  9658 10469 W SystemConfig: No directory /system/emui/oversea/sysconfig, skipping
04-25 13:53:05.653  9658 10469 W SystemConfig: No directory /vendor/etc/sysconfig, skipping
04-25 13:53:05.656  9658 10469 D SystemConfig: Removed unavailable feature android.hardware.sensor.barometer
04-25 13:53:05.657  9658 10469 D SystemConfig: Removed unavailable feature android.hardware.sensor.gyroscope
04-25 13:53:05.662  9658 10469 W SystemConfig: No directory /odm/etc/sysconfig, skipping
04-25 13:53:05.664  9658 10469 W SystemConfig: No directory /odm/hw_odm/JNY-L21/sysconfig, skipping
