04-25 13:45:03.740  7980  8536 W SystemConfig: No directory /hw_product/etc/sysconfig, skipping
04-25 13:45:03.741  7980  8536 W SystemConfig: No directory /hw_product/region_comm/oversea/sysconfig, skipping
04-25 13:45:03.742  7980  8536 W SystemConfig: No directory /hw_product/hw_oem/JNY-L21/sysconfig, skipping
04-25 13:45:03.743  7980  8536 W SystemConfig: No directory /preload/JNY-L21/hw/eu/sysconfig, skipping
04-25 13:45:03.743  7980  8536 W SystemConfig: No directory /cust/global/sysconfig, skipping
04-25 13:45:03.743  7980  8536 W SystemConfig: No directory /cust/global/permissions, skipping
04-25 13:45:03.743  7980  8536 W SystemConfig: No directory /hw_product/special_cust/JNY-L21/hw/eu/sysconfig, skipping
04-25 13:45:03.743  7980  8536 W SystemConfig: No directory /hw_product/special_cust/JNY-L21/hw/eu/permissions, skipping
04-25 13:45:03.743  7980  8536 W SystemConfig: No directory /cust/cotalite/sysconfig, skipping
04-25 13:45:03.743  7980  8536 W SystemConfig: No directory /cust/cotalite/permissions, skipping
04-25 13:45:03.743  7980  8536 W SystemConfig: No directory /cust/ecota/sysconfig, skipping
04-25 13:45:03.744  7980  8536 W SystemConfig: No directory /cust/ecota/permissions, skipping
04-25 13:45:03.762  7980  7980 W PackageParser: Unknown element under <manifest>: queries at /data/app/com.huawei.videoeditor-yyRAxEo7eMKr_Nx_P5kRdA==/base.apk Binary XML file line #42
04-25 13:45:03.779  7980  7980 W PackageParser: Unknown element under <manifest>: queries at /data/app/com.huawei.videoeditor-yyRAxEo7eMKr_Nx_P5kRdA==/base.apk Binary XML file line #42
04-25 13:45:04.090  1444 23752 I chatty  : uid=1000(system) Binder:1444_1F expire 8 lines
04-25 13:45:04.096  1444  1751 I chatty  : uid=1000(system) android.display expire 3 lines
04-25 13:45:04.097  1444  1760 I chatty  : uid=1000(system) HwActivityTaskM expire 9 lines
04-25 13:45:04.097  1444  2510 I chatty  : uid=1000(system) Thread-7 expire 9 lines
04-25 13:45:04.101 19459 19459 V ActivityThread: callActivityOnCreate
04-25 13:45:04.110 19459 19459 D ActivityThread: add activity client record, r= ActivityRecord{96b95a7 token=android.os.BinderProxy@8f2c8bf {com.android.gallery3d/com.huawei.gallery.app.ThirdSelectSlotAlbumActivity}} token= android.os.BinderProxy@8f2c8bf
04-25 13:45:04.119  1444  6943 I chatty  : uid=1000(system) Binder:1444_12 expire 12 lines
04-25 13:45:04.120  2770  3086 I chatty  : uid=1000(system) Binder:2770_2 expire 4 lines
04-25 13:45:04.139  1444  1749 I chatty  : uid=1000(system) android.ui expire 3 lines
04-25 13:45:04.154  1444  1752 I chatty  : uid=1000(system) android.anim expire 35 lines
04-25 13:45:04.517  1444 22005 I chatty  : uid=1000(system) Binder:1444_1D expire 18 lines
04-25 13:45:04.660  2770  2770 I chatty  : uid=1000(system) com.huawei.systemserver expire 4 lines
04-25 13:45:05.000  1444  1906 I chatty  : uid=1000(system) AlarmManager expire 2 lines
04-25 13:45:05.226 19459 19459 D ActivityThread: Won't deliver top position change in state=5
04-25 13:45:05.237 19459 19459 D ActivityThread: Won't deliver top position change in state=5
04-25 13:45:05.239  1444  1761 I chatty  : uid=1000(system) HwGameAssistant expire 2 lines
04-25 13:45:05.250  2770  3086 I chatty  : uid=1000(system) Binder:2770_2 expire 2 lines
04-25 13:45:05.251 24553 24553 D ActivityThread: Won't deliver top position change in state=5
04-25 13:45:05.256  1444  1600 I chatty  : uid=1000(system) Binder:1444_1 expire 11 lines
04-25 13:45:05.257  1444 10842 I chatty  : uid=1000(system) Binder:1444_13 expire 1 line
04-25 13:45:05.258  2626  2906 I HwNetworkPolicyManager: getHwUidPolicy uid = 10011 policy = 0
04-25 13:45:05.258 24553 24553 D ActivityThread: Won't deliver top position change in state=5
04-25 13:45:05.261  7553  7553 D ActivityThread: Won't deliver top position change in state=5
04-25 13:45:05.261  2770  3124 I chatty  : uid=1000(system) OllieServiceThr expire 6 lines
04-25 13:45:05.267  1444  3261 I chatty  : uid=1000(system) Binder:1444_C expire 1 line
04-25 13:45:05.268  1444  2731 I chatty  : uid=1000(system) Binder:1444_6 expire 2 lines
04-25 13:45:05.271  1444  4392 I chatty  : uid=1000(system) Binder:1444_E expire 2 lines
04-25 13:45:05.281  2770 23402 I chatty  : uid=1000(system) Binder:2770_E expire 3 lines
04-25 13:45:05.288  2626  2906 I HwNetworkPolicyManager: getHwUidPolicy uid = 10321 policy = 0
04-25 13:45:05.301  2770  3124 I chatty  : uid=1000(system) OllieServiceThr expire 10 lines
04-25 13:45:05.309  1444  1910 I chatty  : uid=1000(system) sManagerService expire 2 lines
04-25 13:45:05.310  2619 28110 I HwCommandQueue: updateBarBgColor
04-25 13:45:05.310  2619 28110 D HwCommandQueue: CommandQueue, setBarBackgroundColor
04-25 13:45:05.322 19459 19459 D RtgSched: resetRtgSchedHandle failed enable:0
04-25 13:45:05.352 24553 24553 D ActivityThread: Remove activity client record, r= ActivityRecord{38569c1 token=android.os.BinderProxy@59b08f5 {com.android.documentsui/com.android.documentsui.picker.PickActivity}} token= android.os.BinderProxy@59b08f5
04-25 13:45:05.354  2770 23402 I chatty  : uid=1000(system) Binder:2770_E expire 3 lines
04-25 13:45:05.355 19459 19459 D ActivityThread: Remove activity client record, r= ActivityRecord{69a61d2 token=android.os.BinderProxy@71afc1f {com.android.gallery3d/com.huawei.gallery.app.ListAlbumPickerActivity}} token= android.os.BinderProxy@71afc1f
04-25 13:45:05.664  1444  1752 I chatty  : uid=1000(system) android.anim expire 10 lines
04-25 13:45:05.668  1444  1751 I chatty  : uid=1000(system) android.display expire 12 lines
04-25 13:45:05.677  1444  1910 I chatty  : uid=1000(system) sManagerService expire 5 lines
04-25 13:45:05.678  2770  3086 I chatty  : uid=1000(system) Binder:2770_2 expire 3 lines
04-25 13:45:05.681  2770  3124 I chatty  : uid=1000(system) OllieServiceThr expire 8 lines
04-25 13:45:05.683  1444  1600 I chatty  : uid=1000(system) Binder:1444_1 expire 12 lines
04-25 13:45:05.693 19459 19459 D ActivityThread: Remove activity client record, r= ActivityRecord{96b95a7 token=android.os.BinderProxy@8f2c8bf {com.android.gallery3d/com.huawei.gallery.app.ThirdSelectSlotAlbumActivity}} token= android.os.BinderProxy@8f2c8bf
04-25 13:45:06.838  1444  1914 I chatty  : uid=1000(system) GestureNavManag expire 7 lines
04-25 13:45:06.855  1444  3260 I chatty  : uid=1000(system) Binder:1444_B expire 10 lines
04-25 13:45:06.876  7553  7553 D RtgSched: resetRtgSchedHandle failed enable:0
04-25 13:45:06.890 19079 19079 I ActivityThread: Handle window ActivityRecord{a812876 token=android.os.BinderProxy@8ad486c {com.huawei.android.launcher/com.huawei.android.launcher.unihome.UniHomeLauncher}} visibility: true
04-25 13:45:06.922  2770  3084 I chatty  : uid=1000(system) Binder:2770_1 expire 3 lines
04-25 13:45:06.927  1444  3261 I chatty  : uid=1000(system) Binder:1444_C expire 33 lines
04-25 13:45:06.931  1444  4392 I chatty  : uid=1000(system) Binder:1444_E expire 17 lines
04-25 13:45:06.943  2626  2906 I HwNetworkPolicyManager: getHwUidPolicy uid = 10069 policy = 0
04-25 13:45:07.056  1444  1749 I chatty  : uid=1000(system) android.ui expire 11 lines
04-25 13:45:07.580  1444  1761 I chatty  : uid=1000(system) HwGameAssistant expire 1 line
04-25 13:45:07.592  1444  1760 I chatty  : uid=1000(system) HwActivityTaskM expire 6 lines
04-25 13:45:07.593  1444  2510 I chatty  : uid=1000(system) Thread-7 expire 5 lines
04-25 13:45:07.619  1444  2515 I chatty  : uid=1000(system) Binder:1444_3 expire 9 lines
04-25 13:45:07.628  2619 23365 I HwCommandQueue: updateBarBgColor
04-25 13:45:07.628  2619 23365 D HwCommandQueue: CommandQueue, setBarBackgroundColor
04-25 13:45:07.637  2770  3124 I chatty  : uid=1000(system) OllieServiceThr expire 3 lines
04-25 13:45:07.642  2770 23402 I chatty  : uid=1000(system) Binder:2770_E expire 3 lines
04-25 13:45:07.907  7553  7553 D ActivityThread: Remove activity client record, r= ActivityRecord{1c01be5 token=android.os.BinderProxy@8ad486c {com.tolgahantutar.vekdemo/com.tolgahantutar.vekdemo.MainActivity}} token= android.os.BinderProxy@8ad486c
04-25 13:45:07.949  1444  1918 I chatty  : uid=1000(system) InputDispatcher expire 6 lines
04-25 13:45:07.958  2770  3086 I chatty  : uid=1000(system) Binder:2770_2 expire 3 lines
04-25 13:45:07.983  1444  1762 I chatty  : uid=1000(system) android.bg expire 1 line
04-25 13:45:08.156  1444  1754 I chatty  : uid=1000(system) monitor thread expire 1 line
04-25 13:45:08.171  1444  2779 I chatty  : uid=1000(system) Binder:1444_8 expire 20 lines
04-25 13:45:08.235  1444  1919 I chatty  : uid=1000(system) InputReader expire 5 lines
04-25 13:45:08.723  1444  1444 I chatty  : uid=1000 system_server expire 9 lines
04-25 13:45:08.724  1444  1775 I chatty  : uid=1000(system) PowerManagerSer expire 25 lines
04-25 13:45:08.755   482 18473 D vold    : begin lockScreenPrepare
04-25 13:45:08.755   482 18473 D vold    : fscrypt_lock_screen_prepare flag is: 1 user_id:0
04-25 13:45:08.763  1444  2523 I chatty  : uid=1000(system) biometricServci expire 9 lines
04-25 13:45:08.903  1444  3463 I chatty  : uid=1000(system) HwBinder:1444_5 expire 5 lines
04-25 13:45:08.904  2619  2619 W FingerprintManager: Invalid acquired message: 6, 1003
04-25 13:45:08.938  2619  2619 W FingerprintManager: Invalid acquired message: 6, 1001
04-25 13:45:08.964  1444  2562 I chatty  : uid=1000(system) PhotonicModulat expire 2 lines
04-25 13:45:08.978  1444  4407 I chatty  : uid=1000(system) Binder:1444_F expire 3 lines
04-25 13:45:08.983  2770  3124 I chatty  : uid=1000(system) OllieServiceThr expire 30 lines
04-25 13:45:08.989  2619  2619 W FingerprintManager: Invalid acquired message: 6, 1002
04-25 13:45:08.998  1444  6943 I chatty  : uid=1000(system) Binder:1444_12 expire 8 lines
04-25 13:45:09.003  2619  2619 W FingerprintManager: Invalid acquired message: 6, 1001
04-25 13:45:09.198   482 18473 D vold    : begin lockScreenPrepare
04-25 13:45:09.198   482 18473 D vold    : fscrypt_lock_screen_prepare flag is: 1 user_id:0
04-25 13:45:09.206  2619  2619 W KeyguardViewMediator: callback -> onShowingStateChanged.
04-25 13:45:09.212  2619  2955 W KeyguardViewMediator: KgSvc reportKeyguardShowingChanged. cost = 6
04-25 13:45:09.231  1444 10842 I chatty  : uid=1000(system) Binder:1444_13 expire 9 lines
04-25 13:45:09.240  1444  2486 I chatty  : uid=1000(system) WifiP2pService expire 3 lines
04-25 13:45:09.276 19079 19079 D RtgSched: resetRtgSchedHandle failed enable:0
04-25 13:45:09.312  2770  2770 I chatty  : uid=1000(system) com.huawei.systemserver expire 2 lines
04-25 13:45:09.312  2770  3124 I chatty  : uid=1000(system) OllieServiceThr expire 11 lines
04-25 13:45:09.582  1444  1766 I chatty  : uid=1000(system) ActivityManager expire 3 lines
04-25 13:45:09.582  1444  3023 I chatty  : uid=1000(system) MultiTaskManage expire 3 lines
04-25 13:45:09.605  7988  7988 D ActivityThread: Attach thread to application
04-25 13:45:09.643  1444  7289 I chatty  : uid=1000(system) MobileQosDetect expire 1 line
04-25 13:45:09.660  7988  8657 W DE J ImageProcessorAlgoImpl: [effect] initAlgoXmlPath() error! can't find xml
04-25 13:45:09.715  7990  7990 D ActivityThread: Attach thread to application
04-25 13:45:09.811  7990  8689 D HwLoadedApk: libSearchPath: /hw_product/region_comm/oversea/app/HwHiAiEngine/visionplugin-facerating-cpu-oversea-release.apk!/lib/arm64-v8a:/hw_product/region_comm/oversea/app/HwHiAiEngine/lib/arm64:/system/lib64:/hw_product/lib64:/system/product/lib64
04-25 13:45:09.836  7990  8689 D HwLoadedApk: libSearchPath: /hw_product/region_comm/oversea/app/HwHiAiEngine/visionplugin-facecluster-orlando-oversea-release.apk!/lib/arm64-v8a:/hw_product/region_comm/oversea/app/HwHiAiEngine/lib/arm64:/system/lib64:/hw_product/lib64:/system/product/lib64
04-25 13:45:10.110  7988  8713 D HwLoadedApk: libSearchPath: /hw_product/region_comm/oversea/app/HwHiAiEngine/visionplugin-facecluster-orlando-oversea-release.apk!/lib/arm64-v8a:/hw_product/region_comm/oversea/app/HwHiAiEngine/lib/arm64:/system/lib64:/hw_product/lib64:/system/product/lib64
04-25 13:45:10.726  2770  3084 I chatty  : uid=1000(system) Binder:2770_1 expire 4 lines
04-25 13:45:11.583  1444  1882 I chatty  : uid=1000(system) UEventObserver expire 14 lines
04-25 13:45:11.664  7991  7991 D ActivityThread: Attach thread to application
04-25 13:45:11.815  1444 10842 I chatty  : uid=1000(system) Binder:1444_13 expire 2 lines
04-25 13:45:11.845  7991  8740 W DE J ImageProcessorAlgoImpl: [effect] initAlgoXmlPath() error! can't find xml
04-25 13:45:11.895  1444  6943 I chatty  : uid=1000(system) Binder:1444_12 expire 7 lines
04-25 13:45:12.195  7991  8773 D HwLoadedApk: libSearchPath: /hw_product/region_comm/oversea/app/HwHiAiEngine/visionplugin-facecluster-orlando-oversea-release.apk!/lib/arm64-v8a:/hw_product/region_comm/oversea/app/HwHiAiEngine/lib/arm64:/system/lib64:/hw_product/lib64:/system/product/lib64
04-25 13:45:12.232  1444  3023 I chatty  : uid=1000(system) MultiTaskManage expire 10 lines
04-25 13:45:12.234  1444  2510 I chatty  : uid=1000(system) Thread-7 expire 9 lines
04-25 13:45:12.234  1444  1760 I chatty  : uid=1000(system) HwActivityTaskM expire 9 lines
04-25 13:45:12.239  1444  1444 I chatty  : uid=1000 system_server expire 6 lines
04-25 13:45:12.243  2770  2770 I chatty  : uid=1000(system) com.huawei.systemserver expire 5 lines
04-25 13:45:12.247  2770  3084 I chatty  : uid=1000(system) Binder:2770_1 expire 5 lines
04-25 13:45:12.582  1444  4392 I chatty  : uid=1000(system) Binder:1444_E expire 12 lines
04-25 13:45:12.590  1444  1766 I chatty  : uid=1000(system) ActivityManager expire 5 lines
04-25 13:45:12.617  7993  7993 D ActivityThread: Attach thread to application
04-25 13:45:12.787  1444  2515 I chatty  : uid=1000(system) Binder:1444_3 expire 3 lines
04-25 13:45:12.811  1444  4407 I chatty  : uid=1000(system) Binder:1444_F expire 3 lines
04-25 13:45:12.817  7993  8804 W DE J ImageProcessorAlgoImpl: [effect] initAlgoXmlPath() error! can't find xml
04-25 13:45:13.210  2638  4412 W ContextImpl: Calling a method in the system process without a qualified user: android.app.ContextImpl.bindService:1753 android.content.ContextWrapper.bindService:705 com.huawei.nb.searchmanager.service.SearchManager.connectRemoteSearchService:192 com.huawei.nb.searchmanager.service.SearchManager.update:853 com.huawei.nb.searchmanager.service.SearchServiceCore.update:620 
04-25 13:45:13.245  8463  8463 D ActivityThread: Attach thread to application
04-25 13:45:13.283  8463  8840 W ContextImpl: Calling a method in the system process without a qualified user: android.app.ContextImpl.bindService:1753 android.content.ContextWrapper.bindService:705 com.huawei.nb.client.RemoteServiceConnection.open:132 com.huawei.nb.client.Proxy.connect:172 com.huawei.nb.searchmanager.searchengine.service.DataServiceProxyManager.connectDataService:86 
04-25 13:45:14.157  1444  1754 I chatty  : uid=1000(system) monitor thread expire 6 lines
04-25 13:45:14.222  1444  1910 I chatty  : uid=1000(system) sManagerService expire 1 line
04-25 13:45:14.223  2619  2619 D RtgSched: resetRtgSchedHandle failed enable:0
04-25 13:45:15.559  2770  3086 I chatty  : uid=1000(system) Binder:2770_2 expire 3 lines
04-25 13:45:15.579  1444  2779 I chatty  : uid=1000(system) Binder:1444_8 expire 3 lines
04-25 13:45:15.580  2770 18774 I chatty  : uid=1000(system) Binder:2770_B expire 3 lines
04-25 13:45:15.646  1444  1765 I chatty  : uid=1000(system) ActivityManager expire 4 lines
04-25 13:45:15.658  2986  2986 D Mapcon  : EpdgManager: [startFind]need not wait wifi init
04-25 13:45:15.659  2986  4335 D Mapcon  : WifiLinkTracker: [isWifiConnected]connect=true
04-25 13:45:15.660  2986  4371 D Mapcon  : VoiceManager-5-PrepareState: [valueOf]MsgIdEnum=MPACON_MESSAGE_TM_CMD_SERVICESTATE_CHANGE_IND
04-25 13:45:15.660  2986  4371 D Mapcon  : EpdgManager: [isServiceConnected]result= true
04-25 13:45:15.661  2986  4371 E Mapcon  : VoiceManager-5-PrepareState: [serviceStateNotReady]subId is invalid!!!!!!!!!!
04-25 13:45:15.661  2986  4371 I Mapcon  : VoiceManager-5-PrepareState: [readyForStartUp]serviceStateNotReady!!!!!!!!!!
04-25 13:45:15.661  2986  4371 E Mapcon  : VoiceManager-5-PrepareState: [serviceStateNotReady]subId is invalid!!!!!!!!!!
04-25 13:45:15.665  2986  4371 E Mapcon  : MapconUtils: [isRoaming]invalid subId: -1!!!!!!!!!!
04-25 13:45:15.665  2986  4371 D Mapcon  : EpdgManager: [isServiceConnected]result= true
04-25 13:45:18.274  2770  4434 I chatty  : uid=1000(system) LteRecoveryEngi expire 3 lines
04-25 13:45:18.306  2986  2986 D Mapcon  : EpdgManager: [startFind]need not wait wifi init
04-25 13:45:18.306  2986  4371 D Mapcon  : VoiceManager-5-PrepareState: [valueOf]MsgIdEnum=MPACON_MESSAGE_TM_CMD_SERVICESTATE_CHANGE_IND
04-25 13:45:18.306  2986  4371 D Mapcon  : EpdgManager: [isServiceConnected]result= true
04-25 13:45:18.306  2986  4335 D Mapcon  : WifiLinkTracker: [isWifiConnected]connect=true
04-25 13:45:18.306  2986  4371 E Mapcon  : VoiceManager-5-PrepareState: [serviceStateNotReady]subId is invalid!!!!!!!!!!
04-25 13:45:18.307  2986  4371 I Mapcon  : VoiceManager-5-PrepareState: [readyForStartUp]serviceStateNotReady!!!!!!!!!!
04-25 13:45:18.307  2986  4371 E Mapcon  : VoiceManager-5-PrepareState: [serviceStateNotReady]subId is invalid!!!!!!!!!!
04-25 13:45:18.310  2986  4371 E Mapcon  : MapconUtils: [isRoaming]invalid subId: -1!!!!!!!!!!
04-25 13:45:18.310  2986  4371 D Mapcon  : EpdgManager: [isServiceConnected]result= true
04-25 13:45:20.032   905  1026 I storaged: storaged_t::event: storage_info refreshed.
04-25 13:45:20.660  8468  8468 D ActivityThread: Attach thread to application
04-25 13:45:20.806  8469  8469 D ActivityThread: Attach thread to application
04-25 13:45:20.834  1444  1601 I chatty  : uid=1000(system) Binder:1444_2 expire 16 lines
04-25 13:45:20.838  2770  3086 I chatty  : uid=1000(system) Binder:2770_2 expire 3 lines
04-25 13:45:20.890  1444  3423 I chatty  : uid=1000(system) Binder:1444_D expire 19 lines
04-25 13:45:20.903  8469  8469 D ActivityThread: Loading provider call_log_shadow: com.android.providers.contacts.ShadowCallLogProvider
04-25 13:45:20.904  8469  8909 D ActivityThread: Loading provider call_log_shadow: com.android.providers.contacts.ShadowCallLogProvider
04-25 13:45:20.951  8469  8469 D ActivityThread: Loading provider contacts;com.android.contacts: com.android.providers.contacts.ContactsProvider2
04-25 13:45:20.954  1444  5473 I chatty  : uid=1000(system) Binder:1444_11 expire 4 lines
04-25 13:45:21.253  8472  8472 D ActivityThread: Attach thread to application
04-25 13:45:21.295  2770 18774 I chatty  : uid=1000(system) Binder:2770_B expire 3 lines
04-25 13:45:21.655  8472  8472 D HwCustConnectivityManagerImpl: isBlockNetworkRequestByNonAis, INVALID_SUBSCRIPTION_ID
04-25 13:45:21.658  1444  2494 I chatty  : uid=1000(system) ConnectivitySer expire 33 lines
04-25 13:45:21.667  2986  2986 D Telephony-AccountEntry: isEmergencyPreferredAccount: subId=-1, activeData=-1
04-25 13:45:21.667  2986  2986 D Telephony-AccountEntry: isEmergencyPreferredAccount: Device does not require preference.
04-25 13:45:21.667  2986  2986 D Telephony-AccountEntry: isEmergencyPreferredAccount: subId=-1, activeData=-1
04-25 13:45:21.667  2986  2986 D Telephony-AccountEntry: isEmergencyPreferredAccount: Device does not require preference.
04-25 13:45:21.667  2986  2986 D Telephony-AccountEntry: isEmergencyPreferredAccount: subId=-1, activeData=-1
04-25 13:45:21.667  2986  2986 D Telephony-AccountEntry: isEmergencyPreferredAccount: Device does not require preference.
04-25 13:45:21.667  2986  2986 D Telephony-AccountEntry: isEmergencyPreferredAccount: subId=-1, activeData=-1
04-25 13:45:21.667  2986  2986 D Telephony-AccountEntry: isEmergencyPreferredAccount: Device does not require preference.
04-25 13:45:21.749  8472  8472 D HwCustConnectivityManagerImpl: isBlockNetworkRequestByNonAis, INVALID_SUBSCRIPTION_ID
04-25 13:45:21.755  2986  2986 D Telephony-AccountEntry: isEmergencyPreferredAccount: subId=-1, activeData=-1
04-25 13:45:21.755  2986  2986 D Telephony-AccountEntry: isEmergencyPreferredAccount: Device does not require preference.
04-25 13:45:21.755  2986  2986 D Telephony-AccountEntry: isEmergencyPreferredAccount: subId=-1, activeData=-1
04-25 13:45:21.755  2986  2986 D Telephony-AccountEntry: isEmergencyPreferredAccount: Device does not require preference.
04-25 13:45:21.756  2986  2986 D Telephony-AccountEntry: isEmergencyPreferredAccount: subId=-1, activeData=-1
04-25 13:45:21.756  2986  2986 D Telephony-AccountEntry: isEmergencyPreferredAccount: Device does not require preference.
04-25 13:45:21.756  2986  2986 D Telephony-AccountEntry: isEmergencyPreferredAccount: subId=-1, activeData=-1
04-25 13:45:21.756  2986  2986 D Telephony-AccountEntry: isEmergencyPreferredAccount: Device does not require preference.
04-25 13:45:36.951  1444  1906 I chatty  : uid=1000(system) AlarmManager expire 1 line
04-25 13:45:37.009  2770  3084 I chatty  : uid=1000(system) Binder:2770_1 expire 7 lines
04-25 13:45:37.017  1444  4392 I chatty  : uid=1000(system) Binder:1444_E expire 1 line
04-25 13:45:37.025  2770  3084 I DeepNoDisturbP: notifyUidState
04-25 13:45:37.025  2770  3084 I BrowserChrP: notifyUidState
04-25 13:45:44.907  1444  1601 I chatty  : uid=1000(system) Binder:1444_2 expire 7 lines
04-25 13:45:44.910  1444  3423 I chatty  : uid=1000(system) Binder:1444_D expire 1 line
04-25 13:45:44.930  1444 24457 I chatty  : uid=1000(system) Binder:1444_20 expire 5 lines
04-25 13:45:45.431  1444  9000 I chatty  : uid=1000 system_server expire 1 line
04-25 13:45:45.706  1444  7289 I chatty  : uid=1000(system) MobileQosDetect expire 1 line
04-25 13:45:45.782  1444  1601 I chatty  : uid=1000(system) Binder:1444_2 expire 1 line
04-25 13:45:45.803  1444  2515 I chatty  : uid=1000(system) Binder:1444_3 expire 1 line
04-25 13:45:45.803  1444  1760 I chatty  : uid=1000(system) HwActivityTaskM expire 1 line
04-25 13:45:45.803  1444  2510 I chatty  : uid=1000(system) Thread-7 expire 1 line
04-25 13:45:45.804  2770  3084 I BoosterSwitchP: notifyUidState do nothing
04-25 13:45:45.805  2770  3084 I DeepNoDisturbP: notifyUidState
04-25 13:45:45.805  2770  3084 I BrowserChrP: notifyUidState
04-25 13:45:46.034  1444  9000 I chatty  : uid=1000 system_server expire 1 line
04-25 13:45:49.707  1444  7289 I chatty  : uid=1000(system) MobileQosDetect expire 1 line
04-25 13:45:50.161  1444  1754 I chatty  : uid=1000(system) monitor thread expire 2 lines
04-25 13:45:53.715  1444  7289 I chatty  : uid=1000(system) MobileQosDetect expire 4 lines
04-25 13:46:02.164  1444  1754 I chatty  : uid=1000(system) monitor thread expire 2 lines
04-25 13:46:08.768  1444  2515 I chatty  : uid=1000(system) Binder:1444_3 expire 1 line
04-25 13:46:08.769  1444  3423 I chatty  : uid=1000(system) Binder:1444_D expire 1 line
04-25 13:46:08.777  1444 15122 I chatty  : uid=1000(system) Binder:1444_17 expire 2 lines
04-25 13:46:08.781  1444  1444 I chatty  : uid=1000 system_server expire 4 lines
04-25 13:46:08.786  1444 15122 I chatty  : uid=1000(system) Binder:1444_17 expire 2 lines
04-25 13:46:08.790  1444  3423 I chatty  : uid=1000(system) Binder:1444_D expire 2 lines
04-25 13:46:08.794  1444 15122 I chatty  : uid=1000(system) Binder:1444_17 expire 1 line
04-25 13:46:09.291  1444  9019 I chatty  : uid=1000 system_server expire 1 line
04-25 13:46:09.309  1444  2515 I chatty  : uid=1000(system) Binder:1444_3 expire 1 line
04-25 13:46:09.311  1444  3423 I chatty  : uid=1000(system) Binder:1444_D expire 12 lines
04-25 13:46:09.729  1444  7289 I chatty  : uid=1000(system) MobileQosDetect expire 18 lines
04-25 13:46:09.894  1444  9019 I chatty  : uid=1000 system_server expire 1 line
04-25 13:46:13.042  1444  1882 I chatty  : uid=1000(system) UEventObserver expire 21 lines
04-25 13:46:14.166  1444  1754 I chatty  : uid=1000(system) monitor thread expire 11 lines
04-25 13:46:18.206  1444  1601 I chatty  : uid=1000(system) Binder:1444_2 expire 4 lines
04-25 13:46:20.034   905  1026 I storaged: storaged_t::event: storage_info refreshed.
04-25 13:46:50.222  1444  1906 I chatty  : uid=1000(system) AlarmManager expire 3 lines
04-25 13:46:50.232  1444  1444 I chatty  : uid=1000 system_server expire 11 lines
04-25 13:46:50.249  1444 15122 I chatty  : uid=1000(system) Binder:1444_17 expire 3 lines
04-25 13:46:50.345  1444  2515 I chatty  : uid=1000(system) Binder:1444_3 expire 11 lines
04-25 13:47:20.037   905  1026 I storaged: storaged_t::event: storage_info refreshed.
04-25 13:47:20.173  1444  1754 I chatty  : uid=1000(system) monitor thread expire 10 lines
04-25 13:47:21.790  1444  9067 I chatty  : uid=1000 system_server expire 2 lines
04-25 13:47:21.820  1444  7289 I chatty  : uid=1000(system) MobileQosDetect expire 15 lines
04-25 13:47:45.225  1444  1882 I chatty  : uid=1000(system) UEventObserver expire 14 lines
04-25 13:48:20.040   905  1026 I storaged: storaged_t::event: storage_info refreshed.
04-25 13:48:20.181  1444  1754 I chatty  : uid=1000(system) monitor thread expire 10 lines
04-25 13:48:21.909  1444  7289 I chatty  : uid=1000(system) MobileQosDetect expire 15 lines
04-25 13:48:29.253  1444  2515 I chatty  : uid=1000(system) Binder:1444_3 expire 10 lines
04-25 13:48:46.774  1444  1882 I chatty  : uid=1000(system) UEventObserver expire 14 lines
04-25 13:49:20.041   905  1026 I storaged: storaged_t::event: storage_info refreshed.
04-25 13:49:20.198  1444  1754 I chatty  : uid=1000(system) monitor thread expire 10 lines
04-25 13:49:21.985  1444  7289 I chatty  : uid=1000(system) MobileQosDetect expire 15 lines
04-25 13:49:48.151  1444  1882 I chatty  : uid=1000(system) UEventObserver expire 14 lines
04-25 13:50:01.526  1444  1444 I chatty  : uid=1000 system_server expire 4 lines
04-25 13:50:02.033  1444  9159 I chatty  : uid=1000 system_server expire 2 lines
04-25 13:50:18.952  1444  1766 I chatty  : uid=1000(system) ActivityManager expire 1 line
04-25 13:50:18.953  1444  3023 I chatty  : uid=1000(system) MultiTaskManage expire 1 line
04-25 13:50:18.998  8474  8474 D ActivityThread: Attach thread to application
04-25 13:50:19.273  1444 23752 I chatty  : uid=1000(system) Binder:1444_1F expire 1 line
04-25 13:50:19.274  1444  2510 I chatty  : uid=1000(system) Thread-7 expire 1 line
04-25 13:50:19.275  1444  1760 I chatty  : uid=1000(system) HwActivityTaskM expire 1 line
04-25 13:50:19.276  2770  3084 I BoosterSwitchP: notifyUidState do nothing
04-25 13:50:19.276  2770  3084 I DeepNoDisturbP: notifyUidState
04-25 13:50:19.276  2770  3084 I BrowserChrP: notifyUidState
04-25 13:50:19.276  1444  1751 I chatty  : uid=1000(system) android.display expire 1 line
04-25 13:50:20.042   905  1026 I storaged: storaged_t::event: storage_info refreshed.
04-25 13:50:20.210  1444  1754 I chatty  : uid=1000(system) monitor thread expire 4 lines
04-25 13:50:22.061  1444  7289 I chatty  : uid=1000(system) MobileQosDetect expire 5 lines
04-25 13:50:38.386  1444  3463 I chatty  : uid=1000(system) HwBinder:1444_5 expire 1 line
04-25 13:50:38.387  1444  2523 I chatty  : uid=1000(system) biometricServci expire 2 lines
04-25 13:50:38.390  1444 24457 I chatty  : uid=1000(system) Binder:1444_20 expire 2 lines
04-25 13:50:38.394  1444  3423 I chatty  : uid=1000(system) Binder:1444_D expire 4 lines
04-25 13:50:38.396  1444  1775 I chatty  : uid=1000(system) PowerManagerSer expire 8 lines
04-25 13:50:38.408  2619  2619 W FingerprintManager: Invalid acquired message: 6, 1002
04-25 13:50:38.408  2619  2619 W KeyguardViewMediator: notifyDrawn as: ScreenTurningOn 
04-25 13:50:38.408  1444  1752 I chatty  : uid=1000(system) android.anim expire 20 lines
04-25 13:50:38.412  1444  1751 I chatty  : uid=1000(system) android.display expire 2 lines
04-25 13:50:38.415  1444  1749 I chatty  : uid=1000(system) android.ui expire 7 lines
04-25 13:50:38.422  1444 24457 I chatty  : uid=1000(system) Binder:1444_20 expire 14 lines
04-25 13:50:38.446  1444  2561 I chatty  : uid=1000(system) Binder:1444_4 expire 5 lines
04-25 13:50:38.446  1444  3463 I chatty  : uid=1000(system) HwBinder:1444_5 expire 12 lines
04-25 13:50:38.446  1444  2523 I chatty  : uid=1000(system) biometricServci expire 28 lines
04-25 13:50:38.454  1444  1775 I chatty  : uid=1000(system) PowerManagerSer expire 19 lines
04-25 13:50:38.474  1444  3423 I chatty  : uid=1000(system) Binder:1444_D expire 7 lines
04-25 13:50:38.502  1444  1765 I chatty  : uid=1000(system) ActivityManager expire 2 lines
04-25 13:50:38.525  1444  1919 I chatty  : uid=1000(system) InputReader expire 9 lines
04-25 13:50:38.526  2770  3124 I BoosterTelephonyCollector: handleDsdsStateChanged:dsds state= 0
04-25 13:50:38.527  2770  3124 I PreDnsQuery: handleStateChanged reason=-1
04-25 13:50:38.527  2770  3124 E BoosterUtil: convertSubIdToSlotId failed, subId:2, slotId:-1
04-25 13:50:38.527  2770  3124 E BoosterUtil: getDefaultDataSlotId failed, invalid slotId:-1, subId:2
04-25 13:50:38.527  2770  3124 I BrowserChrP: handleStateChanged
04-25 13:50:38.535  2986  2986 D Mapcon  : EpdgManager: [startFind]need not wait wifi init
04-25 13:50:38.535  2986  4335 D Mapcon  : WifiLinkTracker: [isWifiConnected]connect=true
04-25 13:50:38.535  2986  4357 D Mapcon  : VoiceManager-0-PrepareState: [valueOf]MsgIdEnum=MPACON_MESSAGE_TM_CMD_SERVICESTATE_CHANGE_IND
04-25 13:50:38.535  2986  4357 D Mapcon  : EpdgManager: [isServiceConnected]result= true
04-25 13:50:38.536  2986  4357 E Mapcon  : VoiceManager-0-PrepareState: [serviceStateNotReady]subId is invalid!!!!!!!!!!
04-25 13:50:38.536  2986  4357 I Mapcon  : VoiceManager-0-PrepareState: [readyForStartUp]serviceStateNotReady!!!!!!!!!!
04-25 13:50:38.536  2986  4357 E Mapcon  : VoiceManager-0-PrepareState: [serviceStateNotReady]subId is invalid!!!!!!!!!!
04-25 13:50:38.538  2986  4357 E Mapcon  : MapconUtils: [isRoaming]invalid subId: -1!!!!!!!!!!
04-25 13:50:38.538  2986  4357 D Mapcon  : EpdgManager: [isServiceConnected]result= true
04-25 13:50:38.538  2986  4357 D Mapcon  : VoiceManager-0-PrepareState: [valueOf]MsgIdEnum=MAPCON_MESSAGE_TM_CMD_IMS_STATE_CHANGE_IND
04-25 13:50:38.538  2986  4357 D Mapcon  : VoiceManager-0-PrepareState: [valueOf]MsgIdEnum=MAPCON_MESSAGE_TM_CMD_IMS_STATE_CHANGE_IND
04-25 13:50:38.538  2986  4357 D Mapcon  : VoiceManager-0-DefaultState: [valueOf]MsgIdEnum=MAPCON_MESSAGE_TM_CMD_IMS_STATE_CHANGE_IND
04-25 13:50:38.538  2986  4357 D Mapcon  : VoiceManager-0-DefaultState: [valueOf]MsgIdEnum=MAPCON_MESSAGE_TM_CMD_IMS_STATE_CHANGE_IND
04-25 13:50:38.540  2986  4371 D Mapcon  : VoiceManager-5-PrepareState: [valueOf]MsgIdEnum=MAPCON_MESSAGE_TM_CMD_IMS_STATE_CHANGE_IND
04-25 13:50:38.540  2986  4371 D Mapcon  : VoiceManager-5-PrepareState: [valueOf]MsgIdEnum=MAPCON_MESSAGE_TM_CMD_IMS_STATE_CHANGE_IND
04-25 13:50:38.540  2986  4371 D Mapcon  : VoiceManager-5-DefaultState: [valueOf]MsgIdEnum=MAPCON_MESSAGE_TM_CMD_IMS_STATE_CHANGE_IND
04-25 13:50:38.540  2986  4371 D Mapcon  : VoiceManager-5-DefaultState: [valueOf]MsgIdEnum=MAPCON_MESSAGE_TM_CMD_IMS_STATE_CHANGE_IND
04-25 13:50:38.730  1444  1444 I chatty  : uid=1000 system_server expire 10 lines
04-25 13:50:38.732  1444  2562 I chatty  : uid=1000(system) PhotonicModulat expire 3 lines
04-25 13:50:38.763  1444  1910 I chatty  : uid=1000(system) sManagerService expire 1 line
04-25 13:50:38.778   482  9222 D vold    : idle maintenance stopped
04-25 13:50:38.789  1444  2486 I chatty  : uid=1000(system) WifiP2pService expire 3 lines
04-25 13:50:38.791  1444  2494 I chatty  : uid=1000(system) ConnectivitySer expire 1 line
04-25 13:50:38.792  1444  2491 I chatty  : uid=1000(system) ConnectivityThr expire 8 lines
04-25 13:50:38.794  2986  3617 D Mapcon  : WifiLinkTracker: [onCapabilitiesChanged]enter
04-25 13:50:38.794  2986  3617 D Mapcon  : WifiLinkTracker: [handleWifiConnect]wifi has linked, but wifi ap may change
04-25 13:50:38.812  1444 22001 I chatty  : uid=1000(system) Binder:1444_1C expire 19 lines
04-25 13:50:38.862  2770  3124 I BoosterGameP: handleStateChanged reason=2
04-25 13:50:38.863  2770  3124 E BoosterUtil: convertSubIdToSlotId failed, subId:2, slotId:-1
04-25 13:50:38.863  2770  3124 E BoosterUtil: getDefaultDataSlotId failed, invalid slotId:-1, subId:2
04-25 13:50:38.863  2770  3124 E BoosterUtil: convertSubIdToSlotId failed, subId:2, slotId:-1
04-25 13:50:38.863  2770  3124 E BoosterUtil: getDefaultDataSlotId failed, invalid slotId:-1, subId:2
04-25 13:50:38.863  2770  3124 E BoosterGameP: inValidCQI:-1
04-25 13:50:38.863  2770  3124 I BoosterVideoP: handleStateChanged reason=2
04-25 13:50:38.864  2770  3124 E BoosterUtil: convertSubIdToSlotId failed, subId:2, slotId:-1
04-25 13:50:38.864  2770  3124 E BoosterUtil: getDefaultDataSlotId failed, invalid slotId:-1, subId:2
04-25 13:50:38.864  2770  3124 E BoosterUtil: convertSubIdToSlotId failed, subId:2, slotId:-1
04-25 13:50:38.864  2770  3124 E BoosterUtil: getDefaultDataSlotId failed, invalid slotId:-1, subId:2
04-25 13:50:38.864  2770  3124 E BoosterPlugin: getPSNetworkType failed, invalid slotId=-1
04-25 13:50:38.865  2770  3124 E BoosterUtil: convertSubIdToSlotId failed, subId:2, slotId:-1
04-25 13:50:38.865  2770  3124 E BoosterUtil: getDefaultDataSlotId failed, invalid slotId:-1, subId:2
04-25 13:50:38.865  2770  3124 E BoosterPlugin: getPSNetworkType failed, invalid slotId=-1
04-25 13:50:38.867  2770  3124 E BoosterUtil: convertSubIdToSlotId failed, subId:2, slotId:-1
04-25 13:50:38.867  2770  3124 E BoosterUtil: getDefaultDataSlotId failed, invalid slotId:-1, subId:2
04-25 13:50:38.867  2770  3124 E BoosterPlugin: getPSNetworkType failed, invalid slotId=-1
04-25 13:50:38.867  2770  3124 I BoosterSwitchP: handleStateChanged reason=2
04-25 13:50:38.868  2619  2619 W FingerprintManager: Invalid acquired message: 6, 1003
04-25 13:50:38.868  2619  2619 W FingerprintManager: Invalid acquired message: 6, 1001
04-25 13:50:38.869  2770  3124 E BoosterUtil: convertSubIdToSlotId failed, subId:2, slotId:-1
04-25 13:50:38.869  2770  3124 E BoosterUtil: getDefaultDataSlotId failed, invalid slotId:-1, subId:2
04-25 13:50:38.870  2770  3124 E BoosterUtil: convertSubIdToSlotId failed, subId:2, slotId:-1
04-25 13:50:38.870  2770  3124 E BoosterUtil: getDefaultDataSlotId failed, invalid slotId:-1, subId:2
04-25 13:50:38.870  2770  3124 E BoosterUtil: convertSubIdToSlotId failed, subId:2, slotId:-1
04-25 13:50:38.870  2770  3124 E BoosterUtil: getDefaultDataSlotId failed, invalid slotId:-1, subId:2
04-25 13:50:38.871  2770  3124 E BoosterPlugin: getPSNetworkType failed, invalid slotId=-1
04-25 13:50:38.871  2770  3124 I DeepNoDisturbP: handleStateChanged reason=2
04-25 13:50:38.872  2770  3124 E BoosterUtil: convertSubIdToSlotId failed, subId:2, slotId:-1
04-25 13:50:38.872  2770  3124 E BoosterUtil: getDefaultDataSlotId failed, invalid slotId:-1, subId:2
04-25 13:50:38.872  2770  3124 I DeepNoDisturbSM: setScreenState isScreenOn=true
04-25 13:50:38.872  2770  2770 I DeepNoDisturbSM: IdleState processMessage msg.what=EVENT_SCREEN_ON
04-25 13:50:38.873  2770  2770 E BoosterUtil: convertSubIdToSlotId failed, subId:2, slotId:-1
04-25 13:50:38.873  2770  2770 E BoosterUtil: getDefaultDataSlotId failed, invalid slotId:-1, subId:2
04-25 13:50:38.874  2770  2770 I DeepNoDisturbSM: isWifiConnected = true
04-25 13:50:38.876  2770  2770 E DeepNoDisturbSM: isNetworkTypeSuitDeepNoDisturbMode, invalid subId:-1
04-25 13:50:38.876  2770  3124 E BoosterUtil: convertSubIdToSlotId failed, subId:2, slotId:-1
04-25 13:50:38.876  2770  3124 E BoosterUtil: getDefaultDataSlotId failed, invalid slotId:-1, subId:2
04-25 13:50:38.876  2770  3124 I HidataAppQoeP: handleStateChanged reason=2
04-25 13:50:38.877  2770  2770 I DeepNoDisturbSM: isCorrectState=true mIsCallOn=false mGameStatus=0 defaultDataSubId=2 default4GSlotId=1 mIsDefaultDataOn=false mIsScreenOn=true deepNoDisturbModeProp=true isDeepNoDisturbSwitchOn=false isGameDndSwitchOn=false isNetworkTypeSuitDeepNoDisturbMode=false isAirplaneModeOn()=false
04-25 13:50:38.877  2770  2770 I DeepNoDisturbSM: isNeedEnterDeepNoDisturbMode false
04-25 13:50:38.878  2770  3124 E BoosterUtil: convertSubIdToSlotId failed, subId:2, slotId:-1
04-25 13:50:38.878  2770  3124 E BoosterUtil: getDefaultDataSlotId failed, invalid slotId:-1, subId:2
04-25 13:50:38.878  2770  3124 E BoosterUtil: convertSubIdToSlotId failed, subId:2, slotId:-1
04-25 13:50:38.879  2770  3124 E BoosterUtil: getDefaultDataSlotId failed, invalid slotId:-1, subId:2
04-25 13:50:38.879  2770  3124 I PreDnsQuery: handleStateChanged reason=2
04-25 13:50:38.880  2770  3124 E BoosterUtil: convertSubIdToSlotId failed, subId:2, slotId:-1
04-25 13:50:38.880  2770  3124 E BoosterUtil: getDefaultDataSlotId failed, invalid slotId:-1, subId:2
04-25 13:50:38.880  2770  3124 I PreDnsQuery: No need to handled!
04-25 13:50:38.880  2770  3124 I BrowserChrP: handleStateChanged
04-25 13:50:39.014  1444  3261 I chatty  : uid=1000(system) Binder:1444_C expire 4 lines
04-25 13:50:39.862  2619  2619 W FingerprintManager: Invalid acquired message: 6, 1002
04-25 13:50:39.920  2619 23365 D FingerprintManager: binder call and send onAuthenticationSucceeded msg
04-25 13:50:39.920  2619  2619 V FingerprintManager: callback sendAuthenticatedSucceeded
04-25 13:50:39.928  2619  2619 W KeyguardViewMediator: kgsvc callback -> .keyguardGoingAway 4 false false
04-25 13:50:39.930  1444  2766 I chatty  : uid=1000(system) Binder:1444_7 expire 10 lines
04-25 13:50:39.930  2983 24924 D FaceRecognizeService: resetTimeout begin!
04-25 13:50:39.931  2983  3868 E FaceRecognizeService: handleMessage EVT = 1002
04-25 13:50:39.931  2983  3868 D AntiBruteForceProcessor: Reset facerecognize lockout, isClearAttemptCounter=true
04-25 13:50:39.931  2983  3868 D AntiBruteForceProcessor: resetTotalFailedTimes current total times = 0
04-25 13:50:39.939 19079 19079 D ActivityThread: Won't deliver top position change in state=2
04-25 13:50:39.959  1444  3423 I chatty  : uid=1000(system) Binder:1444_D expire 1 line
04-25 13:50:39.959  2619  2619 W KeyguardViewMediator: callback -> onShowingStateChanged.
04-25 13:50:39.965  2619  2955 W KeyguardViewMediator: KgSvc reportKeyguardShowingChanged. cost = 5
04-25 13:50:39.974  1444  1751 I chatty  : uid=1000(system) android.display expire 2 lines
04-25 13:50:39.981  1444  2561 I chatty  : uid=1000(system) Binder:1444_4 expire 3 lines
04-25 13:50:39.986  2770  3124 I BoosterGameP: handleStateChanged reason=15
04-25 13:50:39.988  2770  3124 E BoosterUtil: convertSubIdToSlotId failed, subId:2, slotId:-1
04-25 13:50:39.988  2770  3124 E BoosterUtil: getDefaultDataSlotId failed, invalid slotId:-1, subId:2
04-25 13:50:39.988  2770  3124 I BoosterVideoP: handleStateChanged reason=15
04-25 13:50:39.989  1444  3423 I chatty  : uid=1000(system) Binder:1444_D expire 1 line
04-25 13:50:39.989  2770  3124 E BoosterUtil: convertSubIdToSlotId failed, subId:2, slotId:-1
04-25 13:50:39.989  2770  3124 E BoosterUtil: getDefaultDataSlotId failed, invalid slotId:-1, subId:2
04-25 13:50:39.989  2770  3124 I BoosterSwitchP: handleStateChanged reason=15
04-25 13:50:39.990  2770  3124 E BoosterUtil: convertSubIdToSlotId failed, subId:2, slotId:-1
04-25 13:50:39.990  2770  3124 E BoosterUtil: getDefaultDataSlotId failed, invalid slotId:-1, subId:2
04-25 13:50:39.992  1444  1749 I chatty  : uid=1000(system) android.ui expire 1 line
04-25 13:50:39.992  1444  2766 I chatty  : uid=1000(system) Binder:1444_7 expire 3 lines
04-25 13:50:39.993  2770  3124 E BoosterUtil: convertSubIdToSlotId failed, subId:2, slotId:-1
04-25 13:50:39.993  2770  3124 E BoosterUtil: getDefaultDataSlotId failed, invalid slotId:-1, subId:2
04-25 13:50:39.993  2770  3124 I DeepNoDisturbP: handleStateChanged reason=15
04-25 13:50:39.994  1444  1910 I chatty  : uid=1000(system) sManagerService expire 2 lines
04-25 13:50:39.995  1444  1749 I chatty  : uid=1000(system) android.ui expire 1 line
04-25 13:50:39.996  1444  1444 I chatty  : uid=1000 system_server expire 12 lines
04-25 13:50:39.999  1444  1760 I chatty  : uid=1000(system) HwActivityTaskM expire 2 lines
04-25 13:50:40.003  1444  2486 I chatty  : uid=1000(system) WifiP2pService expire 3 lines
04-25 13:50:40.003  1444  2510 I chatty  : uid=1000(system) Thread-7 expire 2 lines
04-25 13:50:40.007  2770  3124 E BoosterUtil: convertSubIdToSlotId failed, subId:2, slotId:-1
04-25 13:50:40.007  2770  3124 E BoosterUtil: getDefaultDataSlotId failed, invalid slotId:-1, subId:2
04-25 13:50:40.008  2770  3124 E BoosterUtil: convertSubIdToSlotId failed, subId:2, slotId:-1
04-25 13:50:40.008  2770  3124 E BoosterUtil: getDefaultDataSlotId failed, invalid slotId:-1, subId:2
04-25 13:50:40.008  2770  3124 I HidataAppQoeP: handleStateChanged reason=15
04-25 13:50:40.009  1444  3261 I chatty  : uid=1000(system) Binder:1444_C expire 10 lines
04-25 13:50:40.011  1444  2766 I chatty  : uid=1000(system) Binder:1444_7 expire 9 lines
04-25 13:50:40.011  2770  3124 E BoosterUtil: convertSubIdToSlotId failed, subId:2, slotId:-1
04-25 13:50:40.011  2770  3124 E BoosterUtil: getDefaultDataSlotId failed, invalid slotId:-1, subId:2
04-25 13:50:40.011  2770  3124 I PreDnsQuery: handleStateChanged reason=15
04-25 13:50:40.013  2770  3124 E BoosterUtil: convertSubIdToSlotId failed, subId:2, slotId:-1
04-25 13:50:40.013  2770  3124 E BoosterUtil: getDefaultDataSlotId failed, invalid slotId:-1, subId:2
04-25 13:50:40.013  2770  3124 I PreDnsQuery: No need to handled!
04-25 13:50:40.013  2770  3124 I BrowserChrP: handleStateChanged
04-25 13:50:40.017  2770  3124 I SmartDualCardConfig: getAppType,pkgName=com.huawei.android.launcher,appType=28
04-25 13:50:40.017  2770  3124 E SmartDualCardConfig: isAppInBlackList false,items==null
04-25 13:50:40.017  2770  3124 I SmartDualCardConfig: isAppInWhiteList false,uid=10069
04-25 13:50:40.029  2619  2619 D RtgSched: resetRtgSchedHandle failed enable:0
04-25 13:50:40.065  1444  1752 I chatty  : uid=1000(system) android.anim expire 8 lines
04-25 13:50:40.207  1444  3463 I chatty  : uid=1000(system) HwBinder:1444_5 expire 1 line
04-25 13:50:42.071  1444  7289 I chatty  : uid=1000(system) MobileQosDetect expire 10 lines
04-25 13:50:43.156  1444 23752 I chatty  : uid=1000(system) Binder:1444_1F expire 3 lines
04-25 13:50:43.157  1444  1775 I chatty  : uid=1000(system) PowerManagerSer expire 2 lines
04-25 13:50:44.212  1444  1754 I chatty  : uid=1000(system) monitor thread expire 11 lines
04-25 13:50:49.506  1444  1882 I chatty  : uid=1000(system) UEventObserver expire 14 lines
04-25 13:50:56.050  1444  1765 I chatty  : uid=1000(system) ActivityManager expire 2 lines
04-25 13:50:56.084  2986  2986 D Mapcon  : EpdgManager: [startFind]need not wait wifi init
04-25 13:50:56.084  2986  4335 D Mapcon  : WifiLinkTracker: [isWifiConnected]connect=true
04-25 13:50:56.084  2986  4371 D Mapcon  : VoiceManager-5-PrepareState: [valueOf]MsgIdEnum=MPACON_MESSAGE_TM_CMD_SERVICESTATE_CHANGE_IND
04-25 13:50:56.085  2986  4371 D Mapcon  : EpdgManager: [isServiceConnected]result= true
04-25 13:50:56.085  2986  4371 E Mapcon  : VoiceManager-5-PrepareState: [serviceStateNotReady]subId is invalid!!!!!!!!!!
04-25 13:50:56.085  2986  4371 I Mapcon  : VoiceManager-5-PrepareState: [readyForStartUp]serviceStateNotReady!!!!!!!!!!
04-25 13:50:56.086  2986  4371 E Mapcon  : VoiceManager-5-PrepareState: [serviceStateNotReady]subId is invalid!!!!!!!!!!
04-25 13:50:56.090  2986  4371 E Mapcon  : MapconUtils: [isRoaming]invalid subId: -1!!!!!!!!!!
04-25 13:50:56.090  2986  4371 D Mapcon  : EpdgManager: [isServiceConnected]result= true
04-25 13:50:56.113  2770  2770 E BoosterTelephonyCollector: isSkipApnType, apnType:default
04-25 13:50:56.113  2770  2770 E BoosterUtil: convertSubIdToSlotId, subId invalid: -1
04-25 13:50:56.113  2770  2770 E BoosterTelephonyCollector: handleDataStateChanged failed, invalid slotId:-1
04-25 13:50:56.114  2770  2770 E BoosterUtil: convertSubIdToSlotId, subId invalid: -1
04-25 13:50:56.115  2770  4434 E BoosterUtil: convertSubIdToSlotId, subId invalid: -1
04-25 13:50:56.116  2770  4434 E BoosterUtil: convertSubIdToSlotId failed, subId:2, slotId:-1
04-25 13:50:56.116  2770  4434 E BoosterUtil: getDefaultDataSlotId failed, invalid slotId:-1, subId:2
04-25 13:51:20.043   905  1026 I storaged: storaged_t::event: storage_info refreshed.
04-25 13:51:22.123  1444  7289 I chatty  : uid=1000(system) MobileQosDetect expire 8 lines
04-25 13:51:46.622  1444 24457 I chatty  : uid=1000(system) Binder:1444_20 expire 14 lines
04-25 13:51:46.634  1444  1766 I chatty  : uid=1000(system) ActivityManager expire 2 lines
04-25 13:51:46.635  1444  3023 I chatty  : uid=1000(system) MultiTaskManage expire 2 lines
04-25 13:51:46.647  8789  8789 D ActivityThread: Attach thread to application
04-25 13:51:46.904  1444  3261 I chatty  : uid=1000(system) Binder:1444_C expire 3 lines
04-25 13:51:46.917  1444 22005 I chatty  : uid=1000(system) Binder:1444_1D expire 2 lines
04-25 13:51:47.070  8789  9433 D SystemConfig: Removed unavailable feature android.hardware.sensor.barometer
04-25 13:51:47.071  8789  9433 D SystemConfig: Removed unavailable feature android.hardware.sensor.gyroscope
04-25 13:51:47.072  8789  9433 W SystemConfig: No directory /product_services/etc/sysconfig, skipping
04-25 13:51:47.072  8789  9433 W SystemConfig: No directory /product_services/etc/permissions, skipping
04-25 13:51:47.072  8789  9433 W SystemConfig: No directory /system/emui/base/sysconfig, skipping
04-25 13:51:47.073  8789  9433 W SystemConfig: No directory /system/emui/oversea/sysconfig, skipping
04-25 13:51:47.074  8789  9433 W SystemConfig: No directory /vendor/etc/sysconfig, skipping
04-25 13:51:47.076  8789  9433 D SystemConfig: Removed unavailable feature android.hardware.sensor.barometer
04-25 13:51:47.080  8789  9433 D SystemConfig: Removed unavailable feature android.hardware.sensor.gyroscope
04-25 13:51:47.084  8789  9433 W SystemConfig: No directory /odm/etc/sysconfig, skipping
04-25 13:51:47.086  8789  9433 W SystemConfig: No directory /odm/hw_odm/JNY-L21/sysconfig, skipping
04-25 13:51:47.086  8789  9433 W SystemConfig: No directory /odm/hw_odm/JNY-L21/permissions, skipping
04-25 13:51:47.086  8789  9433 W SystemConfig: No directory /hw_product/etc/sysconfig, skipping
04-25 13:51:47.087  8789  9433 W SystemConfig: No directory /hw_product/region_comm/oversea/sysconfig, skipping
04-25 13:51:47.088  8789  9433 W SystemConfig: No directory /hw_product/hw_oem/JNY-L21/sysconfig, skipping
04-25 13:51:47.089  8789  9433 W SystemConfig: No directory /preload/JNY-L21/hw/eu/sysconfig, skipping
04-25 13:51:47.089  8789  9433 W SystemConfig: No directory /cust/global/sysconfig, skipping
04-25 13:51:47.089  8789  9433 W SystemConfig: No directory /cust/global/permissions, skipping
04-25 13:51:47.090  8789  9433 W SystemConfig: No directory /hw_product/special_cust/JNY-L21/hw/eu/sysconfig, skipping
04-25 13:51:47.090  8789  9433 W SystemConfig: No directory /hw_product/special_cust/JNY-L21/hw/eu/permissions, skipping
04-25 13:51:47.090  8789  9433 W SystemConfig: No directory /cust/cotalite/sysconfig, skipping
04-25 13:51:47.090  8789  9433 W SystemConfig: No directory /cust/cotalite/permissions, skipping
04-25 13:51:47.090  8789  9433 W SystemConfig: No directory /cust/ecota/sysconfig, skipping
04-25 13:51:47.090  8789  9433 W SystemConfig: No directory /cust/ecota/permissions, skipping
04-25 13:51:50.214  1444  1906 I chatty  : uid=1000(system) AlarmManager expire 1 line
04-25 13:51:50.216  1444  1754 I chatty  : uid=1000(system) monitor thread expire 5 lines
04-25 13:51:50.950  1444  1882 I chatty  : uid=1000(system) UEventObserver expire 7 lines
04-25 13:52:19.482  8792  8792 I ActivityThread: preloadStatus:1
04-25 13:52:19.486  8792  8792 D ActivityThread: Attach thread to application
04-25 13:52:19.498  8792  9495 I ActivityThread: mSocketName: preloadoptcom.tolgahantutar.vekdemo
04-25 13:52:19.498  1444 24457 I chatty  : uid=1000(system) Binder:1444_20 expire 5 lines
04-25 13:52:19.498  8792  9495 I ActivityThread: initPreloadedSocked end mPreloadStatus 2
04-25 13:52:19.501  2770 18774 I BoosterSwitchP: notifyUidState do nothing
04-25 13:52:19.501  2770 18774 I DeepNoDisturbP: notifyUidState
04-25 13:52:19.501  2770 18774 I BrowserChrP: notifyUidState
04-25 13:52:20.044   905  1026 I storaged: storaged_t::event: storage_info refreshed.
04-25 13:52:20.218  1444  1754 I chatty  : uid=1000(system) monitor thread expire 1 line
04-25 13:52:20.409  8792  8792 I ActivityThread: accept socket mSocketName: preloadoptcom.tolgahantutar.vekdemo
04-25 13:52:20.856  1444  3261 I chatty  : uid=1000(system) Binder:1444_C expire 32 lines
04-25 13:52:20.866  1444  1761 I chatty  : uid=1000(system) HwGameAssistant expire 1 line
04-25 13:52:20.871  1444  1760 I chatty  : uid=1000(system) HwActivityTaskM expire 4 lines
04-25 13:52:20.872  1444  1752 I chatty  : uid=1000(system) android.anim expire 38 lines
04-25 13:52:20.884  1444  2510 I chatty  : uid=1000(system) Thread-7 expire 3 lines
04-25 13:52:20.888  1444  1751 I chatty  : uid=1000(system) android.display expire 3 lines
04-25 13:52:20.890  2770 18774 I BoosterSwitchP: notifyUidState do nothing
04-25 13:52:20.890  2770 18774 I DeepNoDisturbP: notifyUidState
04-25 13:52:20.890  2770 18774 I BrowserChrP: notifyUidState
04-25 13:52:20.893  1444  2766 I chatty  : uid=1000(system) Binder:1444_7 expire 11 lines
04-25 13:52:20.897  1444 22005 I chatty  : uid=1000(system) Binder:1444_1D expire 11 lines
04-25 13:52:20.898 32278 32278 I ActivityThread: Handle window ActivityRecord{27f73c5 token=android.os.BinderProxy@be1bc74 {com.android.packageinstaller/com.android.packageinstaller.InstallSuccess}} visibility: true
04-25 13:52:20.898  2626  2906 I HwNetworkPolicyManager: getHwUidPolicy uid = 10113 policy = 0
04-25 13:52:20.900 32278 32278 V ActivityThread: callActivityOnCreate
04-25 13:52:20.915 32278 32278 D ActivityThread: add activity client record, r= ActivityRecord{5cc8654 token=android.os.BinderProxy@cb59370 {com.android.packageinstaller/com.android.packageinstaller.UninstallerActivity}} token= android.os.BinderProxy@cb59370
