04-25 13:44:36.689 19079 19079 D ActivityThread: Won't deliver top position change in state=2
04-25 13:44:36.695  1444  6943 I chatty  : uid=1000(system) Binder:1444_12 expire 10 lines
04-25 13:44:36.699  2619  2619 W KeyguardViewMediator: notifyDrawn as: keyguard exit
04-25 13:44:36.701  2619  2619 W KeyguardViewMediator: callback -> onShowingStateChanged.
04-25 13:44:36.721  2770  3124 I chatty  : uid=1000(system) OllieServiceThr expire 40 lines
04-25 13:44:36.730  2619  2955 W KeyguardViewMediator: KgSvc reportKeyguardShowingChanged. cost = 26
04-25 13:44:36.761  1444  1600 I chatty  : uid=1000(system) Binder:1444_1 expire 3 lines
04-25 13:44:36.792  2619  2619 D RtgSched: resetRtgSchedHandle failed enable:0
04-25 13:44:36.806  1444 22710 I chatty  : uid=1000(system) Binder:1444_1E expire 8 lines
04-25 13:44:36.818  1444  1927 I chatty  : uid=1000(system) StorageManagerS expire 1 line
04-25 13:44:36.819   482  7785 D vold    : idle maintenance stopped
04-25 13:44:36.823  2986  2986 D Mapcon  : EpdgManager: [startFind]need not wait wifi init
04-25 13:44:36.824  2986  4335 D Mapcon  : WifiLinkTracker: [isWifiConnected]connect=true
04-25 13:44:36.824  2986  4357 D Mapcon  : VoiceManager-0-PrepareState: [valueOf]MsgIdEnum=MPACON_MESSAGE_TM_CMD_SERVICESTATE_CHANGE_IND
04-25 13:44:36.824  2986  4357 D Mapcon  : EpdgManager: [isServiceConnected]result= true
04-25 13:44:36.826  2986  4357 E Mapcon  : VoiceManager-0-PrepareState: [serviceStateNotReady]subId is invalid!!!!!!!!!!
04-25 13:44:36.826  2986  4357 I Mapcon  : VoiceManager-0-PrepareState: [readyForStartUp]serviceStateNotReady!!!!!!!!!!
04-25 13:44:36.827  2986  4357 E Mapcon  : VoiceManager-0-PrepareState: [serviceStateNotReady]subId is invalid!!!!!!!!!!
04-25 13:44:36.831  2986  4357 E Mapcon  : MapconUtils: [isRoaming]invalid subId: -1!!!!!!!!!!
04-25 13:44:36.831  2986  4357 D Mapcon  : EpdgManager: [isServiceConnected]result= true
04-25 13:44:36.837  2986  4357 D Mapcon  : VoiceManager-0-PrepareState: [valueOf]MsgIdEnum=MAPCON_MESSAGE_TM_CMD_IMS_STATE_CHANGE_IND
04-25 13:44:36.837  2986  4357 D Mapcon  : VoiceManager-0-PrepareState: [valueOf]MsgIdEnum=MAPCON_MESSAGE_TM_CMD_IMS_STATE_CHANGE_IND
04-25 13:44:36.837  2986  4357 D Mapcon  : VoiceManager-0-DefaultState: [valueOf]MsgIdEnum=MAPCON_MESSAGE_TM_CMD_IMS_STATE_CHANGE_IND
04-25 13:44:36.837  2986  4357 D Mapcon  : VoiceManager-0-DefaultState: [valueOf]MsgIdEnum=MAPCON_MESSAGE_TM_CMD_IMS_STATE_CHANGE_IND
04-25 13:44:36.846  2986  3617 D Mapcon  : WifiLinkTracker: [onCapabilitiesChanged]enter
04-25 13:44:36.846  2986  3617 D Mapcon  : WifiLinkTracker: [handleWifiConnect]wifi has linked, but wifi ap may change
04-25 13:44:36.854  2986  2986 D Mapcon  : EpdgManager: [startFind]need not wait wifi init
04-25 13:44:36.854  2986  4371 D Mapcon  : VoiceManager-5-PrepareState: [valueOf]MsgIdEnum=MPACON_MESSAGE_TM_CMD_SERVICESTATE_CHANGE_IND
04-25 13:44:36.854  2986  4335 D Mapcon  : WifiLinkTracker: [isWifiConnected]connect=true
04-25 13:44:36.855  2986  4371 D Mapcon  : EpdgManager: [isServiceConnected]result= true
04-25 13:44:36.855  2986  4371 E Mapcon  : VoiceManager-5-PrepareState: [serviceStateNotReady]subId is invalid!!!!!!!!!!
04-25 13:44:36.855  2986  4371 I Mapcon  : VoiceManager-5-PrepareState: [readyForStartUp]serviceStateNotReady!!!!!!!!!!
04-25 13:44:36.857  2986  4371 E Mapcon  : VoiceManager-5-PrepareState: [serviceStateNotReady]subId is invalid!!!!!!!!!!
04-25 13:44:36.859  2986  4371 E Mapcon  : MapconUtils: [isRoaming]invalid subId: -1!!!!!!!!!!
04-25 13:44:36.859  2986  4371 D Mapcon  : EpdgManager: [isServiceConnected]result= true
04-25 13:44:36.883  2770  4434 I chatty  : uid=1000(system) LteRecoveryEngi expire 3 lines
04-25 13:44:36.899  2986  4371 D Mapcon  : VoiceManager-5-PrepareState: [valueOf]MsgIdEnum=MAPCON_MESSAGE_TM_CMD_IMS_STATE_CHANGE_IND
04-25 13:44:36.899  2986  4371 D Mapcon  : VoiceManager-5-PrepareState: [valueOf]MsgIdEnum=MAPCON_MESSAGE_TM_CMD_IMS_STATE_CHANGE_IND
04-25 13:44:36.899  2986  4371 D Mapcon  : VoiceManager-5-DefaultState: [valueOf]MsgIdEnum=MAPCON_MESSAGE_TM_CMD_IMS_STATE_CHANGE_IND
04-25 13:44:36.899  2986  4371 D Mapcon  : VoiceManager-5-DefaultState: [valueOf]MsgIdEnum=MAPCON_MESSAGE_TM_CMD_IMS_STATE_CHANGE_IND
04-25 13:44:36.915  2770  3124 E BoosterUtil: getDefaultDataSlotId failed, invalid slotId:-1, subId:2
04-25 13:44:36.915  2770  3124 E BoosterUtil: convertSubIdToSlotId failed, subId:2, slotId:-1
04-25 13:44:36.915  2770  3124 E BoosterUtil: getDefaultDataSlotId failed, invalid slotId:-1, subId:2
04-25 13:44:36.915  2770  3124 E BoosterPlugin: getPSNetworkType failed, invalid slotId=-1
04-25 13:44:36.915  2770  3124 E BoosterUtil: convertSubIdToSlotId failed, subId:2, slotId:-1
04-25 13:44:36.915  2770  3124 E BoosterUtil: getDefaultDataSlotId failed, invalid slotId:-1, subId:2
04-25 13:44:36.915  2770  3124 E BoosterPlugin: getPSNetworkType failed, invalid slotId=-1
04-25 13:44:36.916  2770  3124 E BoosterUtil: convertSubIdToSlotId failed, subId:2, slotId:-1
04-25 13:44:36.916  2770  3124 E BoosterUtil: getDefaultDataSlotId failed, invalid slotId:-1, subId:2
04-25 13:44:36.916  2770  3124 E BoosterPlugin: getPSNetworkType failed, invalid slotId=-1
04-25 13:44:36.916  2770  3124 I BoosterSwitchP: handleStateChanged reason=2
04-25 13:44:36.916  2770  3124 E BoosterUtil: convertSubIdToSlotId failed, subId:2, slotId:-1
04-25 13:44:36.916  2770  3124 E BoosterUtil: getDefaultDataSlotId failed, invalid slotId:-1, subId:2
04-25 13:44:36.917  2770  3124 E BoosterUtil: convertSubIdToSlotId failed, subId:2, slotId:-1
04-25 13:44:36.917  2770  3124 E BoosterUtil: getDefaultDataSlotId failed, invalid slotId:-1, subId:2
04-25 13:44:36.917  2770  3124 E BoosterUtil: convertSubIdToSlotId failed, subId:2, slotId:-1
04-25 13:44:36.917  2770  3124 E BoosterUtil: getDefaultDataSlotId failed, invalid slotId:-1, subId:2
04-25 13:44:36.917  2770  3124 E BoosterPlugin: getPSNetworkType failed, invalid slotId=-1
04-25 13:44:36.917  2770  3124 I DeepNoDisturbP: handleStateChanged reason=2
04-25 13:44:36.918  2770  3124 E BoosterUtil: convertSubIdToSlotId failed, subId:2, slotId:-1
04-25 13:44:36.918  2770  3124 E BoosterUtil: getDefaultDataSlotId failed, invalid slotId:-1, subId:2
04-25 13:44:36.918  2770  3124 I DeepNoDisturbSM: setScreenState isScreenOn=true
04-25 13:44:36.918  2770  2770 I DeepNoDisturbSM: IdleState processMessage msg.what=EVENT_SCREEN_ON
04-25 13:44:36.918  2770  2770 E BoosterUtil: convertSubIdToSlotId failed, subId:2, slotId:-1
04-25 13:44:36.918  2770  2770 E BoosterUtil: getDefaultDataSlotId failed, invalid slotId:-1, subId:2
04-25 13:44:36.919  2770  3124 E BoosterUtil: convertSubIdToSlotId failed, subId:2, slotId:-1
04-25 13:44:36.919  2770  3124 E BoosterUtil: getDefaultDataSlotId failed, invalid slotId:-1, subId:2
04-25 13:44:36.919  2770  3124 I HidataAppQoeP: handleStateChanged reason=2
04-25 13:44:36.919  2770  2770 I DeepNoDisturbSM: isWifiConnected = true
04-25 13:44:36.920  2770  3124 E BoosterUtil: convertSubIdToSlotId failed, subId:2, slotId:-1
04-25 13:44:36.920  2770  3124 E BoosterUtil: getDefaultDataSlotId failed, invalid slotId:-1, subId:2
04-25 13:44:36.921  2770  2770 E DeepNoDisturbSM: isNetworkTypeSuitDeepNoDisturbMode, invalid subId:-1
04-25 13:44:36.921  2770  3124 E BoosterUtil: convertSubIdToSlotId failed, subId:2, slotId:-1
04-25 13:44:36.921  2770  3124 E BoosterUtil: getDefaultDataSlotId failed, invalid slotId:-1, subId:2
04-25 13:44:36.921  2770  3124 I PreDnsQuery: handleStateChanged reason=2
04-25 13:44:36.921  2770  2770 I DeepNoDisturbSM: isCorrectState=true mIsCallOn=false mGameStatus=0 defaultDataSubId=2 default4GSlotId=1 mIsDefaultDataOn=false mIsScreenOn=true deepNoDisturbModeProp=true isDeepNoDisturbSwitchOn=false isGameDndSwitchOn=false isNetworkTypeSuitDeepNoDisturbMode=false isAirplaneModeOn()=false
04-25 13:44:36.921  2770  2770 I DeepNoDisturbSM: isNeedEnterDeepNoDisturbMode false
04-25 13:44:36.922  2770  3124 E BoosterUtil: convertSubIdToSlotId failed, subId:2, slotId:-1
04-25 13:44:36.922  2770  3124 E BoosterUtil: getDefaultDataSlotId failed, invalid slotId:-1, subId:2
04-25 13:44:36.922  2770  3124 I PreDnsQuery: No need to handled!
04-25 13:44:36.922  2770  3124 I BrowserChrP: handleStateChanged
04-25 13:44:36.943  2770  3124 I SmartDualCardConfig: getAppType,pkgName=com.huawei.android.launcher,appType=28
04-25 13:44:36.943  2770  3124 E SmartDualCardConfig: isAppInBlackList false,items==null
04-25 13:44:36.943  2770  3124 I SmartDualCardConfig: isAppInWhiteList false,uid=10069
04-25 13:44:37.447  1444  1600 I chatty  : uid=1000(system) Binder:1444_1 expire 1 line
04-25 13:44:37.447  1444  1775 I chatty  : uid=1000(system) PowerManagerSer expire 2 lines
04-25 13:44:37.744  1444  1749 I chatty  : uid=1000(system) android.ui expire 5 lines
04-25 13:44:38.154  1444  1754 I chatty  : uid=1000(system) monitor thread expire 3 lines
04-25 13:44:38.588  1444  3463 I chatty  : uid=1000(system) HwBinder:1444_5 expire 4 lines
04-25 13:44:40.189  1444  1882 I chatty  : uid=1000(system) UEventObserver expire 32 lines
04-25 13:44:40.190  1444  1748 I chatty  : uid=1000(system) android.fg expire 6 lines
04-25 13:44:40.219  1444 22710 I chatty  : uid=1000(system) Binder:1444_1E expire 10 lines
04-25 13:44:40.243  1444  1750 I chatty  : uid=1000(system) android.io expire 1 line
04-25 13:44:40.248  1444  1771 I chatty  : uid=1000(system) batterystats-wo expire 2 lines
04-25 13:44:40.257  2619  2619 W PowerUI : unknown intent: Intent { act=android.intent.action.ACTION_POWER_CONNECTED flg=0x4000010 (has extras) }
04-25 13:44:40.278   905  1802 I storaged: uid_monitor::update_curr_io_stats_locked: last_uid_io_stats_ size is 337
04-25 13:44:40.278   905  1802 I storaged: uid_monitor::update_curr_io_stats_locked: curr_io_stats_ size is 337
04-25 13:44:40.298  1444  1881 I chatty  : uid=1000(system) HwBatteryServic expire 1 line
04-25 13:44:40.301  1444  6943 I chatty  : uid=1000(system) Binder:1444_12 expire 15 lines
04-25 13:44:40.341  1444  1444 I chatty  : uid=1000 system_server expire 8 lines
04-25 13:44:40.359  1444 16748 I chatty  : uid=1000(system) Binder:1444_19 expire 10 lines
04-25 13:44:40.370  1444  3023 I chatty  : uid=1000(system) MultiTaskManage expire 4 lines
04-25 13:44:40.374  1444  1765 I chatty  : uid=1000(system) ActivityManager expire 2 lines
04-25 13:44:40.378  1444 23752 I chatty  : uid=1000(system) Binder:1444_1F expire 10 lines
04-25 13:44:40.382  1444  1910 I chatty  : uid=1000(system) sManagerService expire 4 lines
04-25 13:44:40.383 19079 19079 D RtgSched: resetRtgSchedHandle failed enable:0
04-25 13:44:40.420  1444  2515 I chatty  : uid=1000(system) Binder:1444_3 expire 7 lines
04-25 13:44:40.429  1444  1766 I chatty  : uid=1000(system) ActivityManager expire 3 lines
04-25 13:44:40.432  1444 10842 I chatty  : uid=1000(system) Binder:1444_13 expire 4 lines
04-25 13:44:40.481  6940  6940 D ActivityThread: Attach thread to application
04-25 13:44:40.482  1444  1752 I chatty  : uid=1000(system) android.anim expire 9 lines
04-25 13:44:40.698  6940  6940 W ContextImpl: Calling a method in the system process without a qualified user: android.app.ContextImpl.startService:1674 android.content.ContextWrapper.startService:669 android.content.ContextWrapper.startService:669 com.huawei.hwdetectrepair.smartnotify.eventlistener.PowerConnectionReceiver.onReceive:36 android.app.ActivityThread.handleReceiver:4464 
04-25 13:44:40.778  6942  6942 D ActivityThread: Attach thread to application
04-25 13:44:40.965  5316  5316 W ContextImpl: Calling a method in the system process without a qualified user: android.app.ContextImpl.startService:1674 android.content.ContextWrapper.startService:669 android.content.ContextWrapper.startService:669 com.android.settings.deviceinfo.UsbReceiver.startUsbService:344 com.android.settings.deviceinfo.UsbReceiver.onUsbStateReceive:188 
04-25 13:44:40.974  5316  5316 W ContextImpl: Calling a method in the system process without a qualified user: android.app.ContextImpl.startService:1674 android.content.ContextWrapper.startService:669 android.content.ContextWrapper.startService:669 com.android.settings.deviceinfo.UsbReceiver.startUsbService:344 com.android.settings.deviceinfo.UsbReceiver.onUsbStateReceive:240 
04-25 13:44:41.144  2770  2770 I HuaweiShareManager: receive action is com.huawei.nearby.peripheral.action.STATE_CHANGED
04-25 13:44:41.144  2770  2770 I HuaweiShareManager: peripheral state is 1
04-25 13:44:41.144  2770  3214 I HuaweiShareManager: msg.what is 7
04-25 13:44:41.144  2770  3214 I HuaweiShareManager: peripheral attached, type is usb.request
04-25 13:44:41.144  2770  3214 I HuaweiShareManager: Notify nearby message
04-25 13:44:41.146  9562 24355 W ContextImpl: Calling a method in the system process without a qualified user: android.app.ContextImpl.sendBroadcast:1159 android.content.ContextWrapper.sendBroadcast:453 com.huawei.nearby.NearbyService$d.notifyMessage:1292 com.huawei.nearbysdk.INearbyShareService$Stub.onTransact:72 android.os.Binder.execTransactInternal:1028 
04-25 13:44:41.152  2770  3214 D HuaweiShareManager: isNearbyBindListEmpty, Nearby bind num is 1
04-25 13:44:41.152  2770  3214 D HuaweiShareManager: Nearby bind num is 2
04-25 13:44:41.160  5316  5316 W ContextImpl: Calling a method in the system process without a qualified user: android.app.ContextImpl.startService:1674 android.content.ContextWrapper.startService:669 android.content.ContextWrapper.startService:669 com.android.settings.deviceinfo.UsbReceiver.startUsbService:344 com.android.settings.deviceinfo.UsbReceiver.onUsbStateReceive:188 
04-25 13:44:41.163  5316  5316 W ContextImpl: Calling a method in the system process without a qualified user: android.app.ContextImpl.startService:1674 android.content.ContextWrapper.startService:669 android.content.ContextWrapper.startService:669 com.android.settings.deviceinfo.UsbReceiver.startUsbService:344 com.android.settings.deviceinfo.UsbReceiver.onUsbStateReceive:240 
04-25 13:44:41.176  1444  4407 I chatty  : uid=1000(system) Binder:1444_F expire 21 lines
04-25 13:44:41.779  6942  7943 D SystemConfig: Removed unavailable feature android.hardware.sensor.barometer
04-25 13:44:41.779  6942  7943 D SystemConfig: Removed unavailable feature android.hardware.sensor.gyroscope
04-25 13:44:41.782  6942  7943 W SystemConfig: No directory /product_services/etc/sysconfig, skipping
04-25 13:44:41.782  6942  7943 W SystemConfig: No directory /product_services/etc/permissions, skipping
04-25 13:44:41.783  6942  7943 W SystemConfig: No directory /system/emui/base/sysconfig, skipping
04-25 13:44:41.784  6942  7943 W SystemConfig: No directory /system/emui/oversea/sysconfig, skipping
04-25 13:44:41.785  6942  7943 W SystemConfig: No directory /vendor/etc/sysconfig, skipping
04-25 13:44:41.790  6942  7943 D SystemConfig: Removed unavailable feature android.hardware.sensor.barometer
04-25 13:44:41.791  6942  7943 D SystemConfig: Removed unavailable feature android.hardware.sensor.gyroscope
04-25 13:44:41.796  6942  7943 W SystemConfig: No directory /odm/etc/sysconfig, skipping
04-25 13:44:41.798  6942  7943 W SystemConfig: No directory /odm/hw_odm/JNY-L21/sysconfig, skipping
04-25 13:44:41.799  6942  7943 W SystemConfig: No directory /odm/hw_odm/JNY-L21/permissions, skipping
04-25 13:44:41.799  6942  7943 W SystemConfig: No directory /hw_product/etc/sysconfig, skipping
04-25 13:44:41.801  6942  7943 W SystemConfig: No directory /hw_product/region_comm/oversea/sysconfig, skipping
04-25 13:44:41.804  6942  7943 W SystemConfig: No directory /hw_product/hw_oem/JNY-L21/sysconfig, skipping
04-25 13:44:41.805  6942  7943 W SystemConfig: No directory /preload/JNY-L21/hw/eu/sysconfig, skipping
04-25 13:44:41.806  6942  7943 W SystemConfig: No directory /cust/global/sysconfig, skipping
04-25 13:44:41.806  6942  7943 W SystemConfig: No directory /cust/global/permissions, skipping
04-25 13:44:41.807  6942  7943 W SystemConfig: No directory /hw_product/special_cust/JNY-L21/hw/eu/sysconfig, skipping
04-25 13:44:41.807  6942  7943 W SystemConfig: No directory /hw_product/special_cust/JNY-L21/hw/eu/permissions, skipping
04-25 13:44:41.807  6942  7943 W SystemConfig: No directory /cust/cotalite/sysconfig, skipping
04-25 13:44:41.807  6942  7943 W SystemConfig: No directory /cust/cotalite/permissions, skipping
04-25 13:44:41.807  6942  7943 W SystemConfig: No directory /cust/ecota/sysconfig, skipping
04-25 13:44:41.808  6942  7943 W SystemConfig: No directory /cust/ecota/permissions, skipping
04-25 13:44:42.169  1444 27239 I chatty  : uid=1000(system) AdbDebuggingMan expire 1 line
04-25 13:44:43.718 23141 24156 W PackageParser: Unknown element under <manifest>: queries at /data/user_de/0/com.huawei.hwid/files/kits/com.huawei.hms.account/60400302/com.huawei.hms.account.apk Binary XML file line #77
04-25 13:44:43.726 23141 24156 W PackageParser: No actions in intent filter at /data/user_de/0/com.huawei.hwid/files/kits/com.huawei.hms.account/60400302/com.huawei.hms.account.apk Binary XML file line #1402
04-25 13:44:43.727 23141 24156 W PackageParser: No actions in intent filter at /data/user_de/0/com.huawei.hwid/files/kits/com.huawei.hms.account/60400302/com.huawei.hms.account.apk Binary XML file line #1553
04-25 13:44:43.727 23141 24156 W PackageParser: No actions in intent filter at /data/user_de/0/com.huawei.hwid/files/kits/com.huawei.hms.account/60400302/com.huawei.hms.account.apk Binary XML file line #1567
04-25 13:44:43.736 23141 24156 W PackageParser: No actions in intent filter at /data/user_de/0/com.huawei.hwid/files/kits/com.huawei.hms.account/60400302/com.huawei.hms.account.apk Binary XML file line #3003
04-25 13:44:43.758 23141 24156 W PackageParser: Unknown element under <manifest>: queries at /data/user_de/0/com.huawei.hwid/files/kits/com.huawei.hms.kit.site/60300301/com.huawei.hms.kit.site.apk Binary XML file line #17
04-25 13:44:43.842 23141 24156 W PackageParser: Unknown element under <manifest>: queries at /data/user_de/0/com.huawei.hwid/files/kits/com.huawei.hms.safetydetect/60400301/com.huawei.hms.safetydetect.apk Binary XML file line #31
04-25 13:44:43.847 23141 24156 W PackageParser: Unknown element under <manifest>: queries at /data/user_de/0/com.huawei.hwid/files/kits/com.huawei.hms.maps.maproute/60400303/com.huawei.hms.maps.maproute.apk Binary XML file line #19
04-25 13:44:44.163  6944  6944 D ActivityThread: Attach thread to application
04-25 13:44:44.314  6944  8004 D SystemConfig: Removed unavailable feature android.hardware.sensor.barometer
04-25 13:44:44.315  6944  8004 D SystemConfig: Removed unavailable feature android.hardware.sensor.gyroscope
04-25 13:44:44.315  6944  8004 W SystemConfig: No directory /product_services/etc/sysconfig, skipping
04-25 13:44:44.315  6944  8004 W SystemConfig: No directory /product_services/etc/permissions, skipping
04-25 13:44:44.316  6944  8004 W SystemConfig: No directory /system/emui/base/sysconfig, skipping
04-25 13:44:44.316  6944  8004 W SystemConfig: No directory /system/emui/oversea/sysconfig, skipping
04-25 13:44:44.316  6944  8004 W SystemConfig: No directory /vendor/etc/sysconfig, skipping
04-25 13:44:44.318  6944  8004 D SystemConfig: Removed unavailable feature android.hardware.sensor.barometer
04-25 13:44:44.319  6944  8004 D SystemConfig: Removed unavailable feature android.hardware.sensor.gyroscope
04-25 13:44:44.321  6944  8004 W SystemConfig: No directory /odm/etc/sysconfig, skipping
04-25 13:44:44.322  6944  8004 W SystemConfig: No directory /odm/hw_odm/JNY-L21/sysconfig, skipping
04-25 13:44:44.322  6944  8004 W SystemConfig: No directory /odm/hw_odm/JNY-L21/permissions, skipping
04-25 13:44:44.322  6944  8004 W SystemConfig: No directory /hw_product/etc/sysconfig, skipping
04-25 13:44:44.323  6944  8004 W SystemConfig: No directory /hw_product/region_comm/oversea/sysconfig, skipping
04-25 13:44:44.323  6944  8004 W SystemConfig: No directory /hw_product/hw_oem/JNY-L21/sysconfig, skipping
04-25 13:44:44.324  6944  8004 W SystemConfig: No directory /preload/JNY-L21/hw/eu/sysconfig, skipping
04-25 13:44:44.324  6944  8004 W SystemConfig: No directory /cust/global/sysconfig, skipping
04-25 13:44:44.324  6944  8004 W SystemConfig: No directory /cust/global/permissions, skipping
04-25 13:44:44.324  6944  8004 W SystemConfig: No directory /hw_product/special_cust/JNY-L21/hw/eu/sysconfig, skipping
04-25 13:44:44.324  6944  8004 W SystemConfig: No directory /hw_product/special_cust/JNY-L21/hw/eu/permissions, skipping
04-25 13:44:44.325  6944  8004 W SystemConfig: No directory /cust/cotalite/sysconfig, skipping
04-25 13:44:44.325  6944  8004 W SystemConfig: No directory /cust/cotalite/permissions, skipping
04-25 13:44:44.325  6944  8004 W SystemConfig: No directory /cust/ecota/sysconfig, skipping
04-25 13:44:44.325  6944  8004 W SystemConfig: No directory /cust/ecota/permissions, skipping
04-25 13:44:45.628  1444  7289 I chatty  : uid=1000(system) MobileQosDetect expire 2 lines
04-25 13:44:49.606  1444  1751 I chatty  : uid=1000(system) android.display expire 7 lines
04-25 13:44:49.615  2770  2770 I HwCoreAppHelperService: LocalReceiver receives:android.intent.action.PACKAGE_RESTARTED,pkg:com.tolgahantutar.vekdemo,uid:10321
04-25 13:44:50.257  2619  2619 D RtgSched: resetRtgSchedHandle failed enable:0
04-25 13:44:50.495  1444  1874 I chatty  : uid=1000(system) PackageInstalle expire 12 lines
04-25 13:44:50.516  1444  1761 I chatty  : uid=1000(system) HwGameAssistant expire 1 line
04-25 13:44:50.519  1444  1760 I chatty  : uid=1000(system) HwActivityTaskM expire 3 lines
04-25 13:44:50.520  1444  2510 I chatty  : uid=1000(system) Thread-7 expire 4 lines
04-25 13:44:50.524  2770  4863 I BoosterSwitchP: notifyUidState do nothing
04-25 13:44:50.524  2770  4863 I DeepNoDisturbP: notifyUidState
04-25 13:44:50.524  2770  4863 I BrowserChrP: notifyUidState
04-25 13:44:50.525 32278 32278 V ActivityThread: callActivityOnCreate
04-25 13:44:50.530  2626  2906 I HwNetworkPolicyManager: getHwUidPolicy uid = 10113 policy = 0
04-25 13:44:50.540 32278 32278 D ActivityThread: add activity client record, r= ActivityRecord{ce15998 token=android.os.BinderProxy@5ec045f {com.android.packageinstaller/com.android.packageinstaller.InstallStart}} token= android.os.BinderProxy@5ec045f
04-25 13:44:50.547  2770  3124 I HidataAppQoeP: foregroundUidAdd uid: 10113 name: com.android.packageinstaller activity state: true
04-25 13:44:50.551  2770  3124 E BoosterUtil: convertSubIdToSlotId failed, subId:2, slotId:-1
04-25 13:44:50.552  2770  3124 E BoosterUtil: getDefaultDataSlotId failed, invalid slotId:-1, subId:2
04-25 13:44:50.554  2770  3124 I SmartDualCardConfig: getAppType,pkgName=com.android.packageinstaller,appType=255
04-25 13:44:50.554  2770  3124 E SmartDualCardConfig: isAppInBlackList false,items==null
04-25 13:44:50.554  2770  3124 I SmartDualCardConfig: isAppInWhiteList false,uid=10113
04-25 13:44:50.566 32278 32278 V ActivityThread: callActivityOnCreate
04-25 13:44:50.570 32278 32278 W PackageParser: Unknown element under <manifest>: queries at /data/app/vmdl890125908.tmp/base.apk Binary XML file line #21
04-25 13:44:50.596 32278 32278 D ActivityThread: add activity client record, r= ActivityRecord{2b77439 token=android.os.BinderProxy@561e962 {com.android.packageinstaller/com.android.packageinstaller.PackageInstallerActivity}} token= android.os.BinderProxy@561e962
04-25 13:44:50.604  1444 10842 I chatty  : uid=1000(system) Binder:1444_13 expire 30 lines
04-25 13:44:50.605  1444  1910 I chatty  : uid=1000(system) sManagerService expire 2 lines
04-25 13:44:50.605  1444  1749 I chatty  : uid=1000(system) android.ui expire 4 lines
04-25 13:44:50.605 19079 19079 D RtgSched: resetRtgSchedHandle failed enable:0
04-25 13:44:50.610  1444  1760 I chatty  : uid=1000(system) HwActivityTaskM expire 1 line
04-25 13:44:50.624  1444  4407 I chatty  : uid=1000(system) Binder:1444_F expire 12 lines
04-25 13:44:50.668  1444  1752 I chatty  : uid=1000(system) android.anim expire 6 lines
04-25 13:44:50.954  1444  1751 I chatty  : uid=1000(system) android.display expire 1 line
04-25 13:44:50.962  2770  3124 I SmartDualCardConfig: getAppType,pkgName=com.huawei.android.launcher,appType=28
04-25 13:44:50.962  2770  3124 E SmartDualCardConfig: isAppInBlackList false,items==null
04-25 13:44:50.962  2770  3124 I SmartDualCardConfig: isAppInWhiteList false,uid=10069
04-25 13:44:50.988  2770 23402 I BoosterSwitchP: notifyUidState do nothing
04-25 13:44:50.988  2770 23402 I DeepNoDisturbP: notifyUidState
04-25 13:44:50.988  2770 23402 I BrowserChrP: notifyUidState
04-25 13:44:51.035 32278 32278 D ActivityThread: Remove activity client record, r= ActivityRecord{ce15998 token=android.os.BinderProxy@5ec045f {com.android.packageinstaller/com.android.packageinstaller.InstallStart}} token= android.os.BinderProxy@5ec045f
04-25 13:44:51.433  1444 10842 I chatty  : uid=1000(system) Binder:1444_13 expire 6 lines
04-25 13:44:51.435  1444  4407 I chatty  : uid=1000(system) Binder:1444_F expire 2 lines
04-25 13:44:51.440  2619 28110 I HwCommandQueue: updateBarBgColor
04-25 13:44:51.440  2619 28110 D HwCommandQueue: CommandQueue, setBarBackgroundColor
04-25 13:44:51.441  1444  1749 I chatty  : uid=1000(system) android.ui expire 2 lines
04-25 13:44:51.446 32278  2353 W PackageParser: Unknown element under <manifest>: queries at /data/app/vmdl890125908.tmp/base.apk Binary XML file line #21
04-25 13:44:51.471 32278  2353 I chatty  : uid=10113(com.android.packageinstaller) pool-2-thread-4 identical 1 line
04-25 13:44:51.473 32278  2353 W PackageParser: Unknown element under <manifest>: queries at /data/app/vmdl890125908.tmp/base.apk Binary XML file line #21
04-25 13:44:51.475  1444 22710 I chatty  : uid=1000(system) Binder:1444_1E expire 2 lines
04-25 13:44:51.601  1444  1752 I chatty  : uid=1000(system) android.anim expire 29 lines
04-25 13:44:53.223  1444 22710 I chatty  : uid=1000(system) Binder:1444_1E expire 10 lines
04-25 13:44:53.223  1444  1749 I chatty  : uid=1000(system) android.ui expire 4 lines
04-25 13:44:53.225  1444  1761 I chatty  : uid=1000(system) HwGameAssistant expire 2 lines
04-25 13:44:53.225  1444 16748 I chatty  : uid=1000(system) Binder:1444_19 expire 5 lines
04-25 13:44:53.228  1444  2515 I chatty  : uid=1000(system) Binder:1444_3 expire 21 lines
04-25 13:44:53.236  1444  1760 I chatty  : uid=1000(system) HwActivityTaskM expire 3 lines
04-25 13:44:53.244  1444  1751 I chatty  : uid=1000(system) android.display expire 2 lines
04-25 13:44:53.246  1444  2510 I chatty  : uid=1000(system) Thread-7 expire 2 lines
04-25 13:44:53.247 32278 32278 V ActivityThread: callActivityOnCreate
04-25 13:44:53.248  1444  4407 I chatty  : uid=1000(system) Binder:1444_F expire 12 lines
04-25 13:44:53.265 32278 32278 D ActivityThread: add activity client record, r= ActivityRecord{7b5867b token=android.os.BinderProxy@4d7d050 {com.android.packageinstaller/com.android.packageinstaller.InstallInstalling}} token= android.os.BinderProxy@4d7d050
04-25 13:44:53.322 32278 32278 D ActivityThread: Remove activity client record, r= ActivityRecord{2b77439 token=android.os.BinderProxy@561e962 {com.android.packageinstaller/com.android.packageinstaller.PackageInstallerActivity}} token= android.os.BinderProxy@561e962
04-25 13:44:53.429  1444  1781 I chatty  : uid=1000(system) PackageManager expire 140 lines
04-25 13:44:53.671  1444  7289 I chatty  : uid=1000(system) MobileQosDetect expire 1 line
04-25 13:44:53.692  2770  3124 I chatty  : uid=1000(system) OllieServiceThr expire 8 lines
04-25 13:44:53.692  2983  3378 W ContextImpl: Calling a method in the system process without a qualified user: android.app.ContextImpl.bindService:1753 android.content.ContextWrapper.bindService:705 com.huawei.securityserver.ConnectRemoteServiceManager.connectRemoteService:131 com.huawei.securityserver.HandlerManager.bindService:89 com.huawei.securityserver.HandlerManager.access$000:20 
04-25 13:44:53.693  2770  2770 I chatty  : uid=1000(system) com.huawei.systemserver expire 2 lines
04-25 13:44:53.702  1444 10842 I chatty  : uid=1000(system) Binder:1444_13 expire 3 lines
04-25 13:44:53.703  1444  1600 I chatty  : uid=1000(system) Binder:1444_1 expire 1 line
04-25 13:44:53.708  2770  3124 I chatty  : uid=1000(system) OllieServiceThr expire 45 lines
04-25 13:44:53.722  1444 22005 I chatty  : uid=1000(system) Binder:1444_1D expire 7 lines
04-25 13:44:53.725  1444  1766 I chatty  : uid=1000(system) ActivityManager expire 4 lines
04-25 13:44:53.726  1444  3023 I chatty  : uid=1000(system) MultiTaskManage expire 4 lines
04-25 13:44:53.734  1444  1762 I chatty  : uid=1000(system) android.bg expire 14 lines
04-25 13:44:53.737  2626  2892 W ContextImpl: Calling a method in the system process without a qualified user: android.app.ContextImpl.startService:1674 android.content.ContextWrapper.startService:669 com.huawei.systemmanager.spacecleanner.receiver.SpaceCleanReceiver.doInBackground:301 java.lang.reflect.Method.invoke:-2 com.huawei.library.d.c:20 
04-25 13:44:53.748  1444  3037 I chatty  : uid=1000(system) GeoCodeHander expire 1 line
04-25 13:44:53.749  1444 18777 I chatty  : uid=1000(system) Binder:1444_1B expire 1 line
04-25 13:44:53.757  7548  7548 D ActivityThread: Attach thread to application
04-25 13:44:53.769  1444 14850 I chatty  : uid=1000(system) Binder:1444_15 expire 1 line
04-25 13:44:53.770  5316  5316 W ContextImpl: Calling a method in the system process without a qualified user: android.app.ContextImpl.startService:1674 android.content.ContextWrapper.startService:669 android.content.ContextWrapper.startService:669 com.android.settings.applications.BlackListReceiver.onReceive:45 android.app.ActivityThread.handleReceiver:4464 
04-25 13:44:53.771  1444  2766 I chatty  : uid=1000(system) Binder:1444_7 expire 1 line
04-25 13:44:53.772  1444  1601 I chatty  : uid=1000(system) Binder:1444_2 expire 1 line
04-25 13:44:53.775  1444 23752 I chatty  : uid=1000(system) Binder:1444_1F expire 4 lines
04-25 13:44:53.777  1444  1444 I chatty  : uid=1000 system_server expire 11 lines
04-25 13:44:53.784  1444  4392 I chatty  : uid=1000(system) Binder:1444_E expire 2 lines
04-25 13:44:53.792  1444  2731 I chatty  : uid=1000(system) Binder:1444_6 expire 19 lines
04-25 13:44:53.796  1444 10842 I chatty  : uid=1000(system) Binder:1444_13 expire 28 lines
04-25 13:44:53.811  1444  1765 I chatty  : uid=1000(system) ActivityManager expire 5 lines
04-25 13:44:53.812  7549  7549 D ActivityThread: Attach thread to application
04-25 13:44:53.838  1444  3260 I chatty  : uid=1000(system) Binder:1444_B expire 13 lines
04-25 13:44:53.838  7551  7551 D ActivityThread: Attach thread to application
04-25 13:44:53.923  1444  2515 I chatty  : uid=1000(system) Binder:1444_3 expire 38 lines
04-25 13:44:53.935  2638  8192 W ContextImpl: Calling a method in the system process without a qualified user: android.app.ContextImpl.startService:1674 android.content.ContextWrapper.startService:669 android.content.ContextWrapper.startService:669 com.huawei.nb.receiver.AppDataClearBroadcastReceiver$1.run:67 com.huawei.nb.scheduler.a.b.run:55 
04-25 13:44:53.940  2638  2638 W ContextImpl: Calling a method in the system process without a qualified user: android.app.ContextImpl.bindService:1753 android.content.ContextWrapper.bindService:705 com.huawei.nb.client.RemoteServiceConnection.open:132 com.huawei.nb.client.Proxy.connect:172 com.huawei.nb.client.DualProxy.connect:72 
04-25 13:44:53.945  2638  8193 W ContextImpl: Calling a method in the system process without a qualified user: android.app.ContextImpl.bindService:1753 android.content.ContextWrapper.bindService:705 com.huawei.nb.client.RemoteServiceConnection.open:132 com.huawei.nb.client.Proxy.connect:172 com.huawei.nb.client.DualProxy.access$101:28 
04-25 13:44:53.951 24547 24547 W ContextImpl: Calling a method in the system process without a qualified user: android.app.ContextImpl.startService:1674 android.content.ContextWrapper.startService:669 android.content.ContextWrapper.startService:669 com.huawei.securitycenter.antivirus.utils.c.k:40 com.huawei.securitycenter.antivirus.AntiVirusReceiver.onReceive:60 
04-25 13:44:53.966  5316  5316 W ContextImpl: Calling a method in the system process without a qualified user: android.app.ContextImpl.startService:1674 android.content.ContextWrapper.startService:669 android.content.ContextWrapper.startService:669 com.android.settings.applications.BlackListReceiver.onReceive:45 android.app.ActivityThread.handleReceiver:4464 
04-25 13:44:53.988  2770  2770 I chatty  : uid=1000(system) com.huawei.systemserver expire 2 lines
04-25 13:44:53.988 24547 24547 W ContextImpl: Calling a method in the system process without a qualified user: android.app.ContextImpl.startService:1674 android.content.ContextWrapper.startService:669 android.content.ContextWrapper.startService:669 com.huawei.securitycenter.antivirus.utils.c.j:71 com.huawei.securitycenter.antivirus.AntiVirusReceiver.onReceive:38 
04-25 13:44:53.990  2626  2626 W ContextImpl: Calling a method in the system process without a qualified user: android.app.ContextImpl.startService:1674 android.content.ContextWrapper.startService:669 com.huawei.securitycenter.antivirus.AntiVirusService.onStartCommand:102 android.app.ActivityThread.handleServiceArgs:4778 android.app.ActivityThread.access$3100:308 
04-25 13:44:54.015  5316  5316 W ContextImpl: Calling a method in the system process without a qualified user: android.app.ContextImpl.startService:1674 android.content.ContextWrapper.startService:669 android.content.ContextWrapper.startService:669 com.android.settings.applications.BlackListReceiver.onReceive:45 android.app.ActivityThread.handleReceiver:4464 
04-25 13:44:54.021  4483  8201 W ContextImpl: Calling a method in the system process without a qualified user: android.app.ContextImpl.bindService:1753 android.content.ContextWrapper.bindService:705 com.huawei.securitycenter.antivirus.a.a.un:72 com.huawei.securitycenter.antivirus.a.a.<init>:30 com.huawei.securitycenter.antivirus.newengine.b.a:8 
04-25 13:44:54.035 12068 13533 W PackageParser: Unknown element under <manifest>: queries at /data/app/com.tolgahantutar.vekdemo-xFdRVQJwSi5SG-Cso9PPmQ==/base.apk Binary XML file line #21
04-25 13:44:54.129  2626  2878 W ContextImpl: Calling a method in the system process without a qualified user: android.app.ContextImpl.startService:1674 android.content.ContextWrapper.startService:669 com.huawei.systemmanager.spacecleanner.receiver.SpaceCleanReceiver.doInBackground:301 java.lang.reflect.Method.invoke:-2 com.huawei.library.d.c:20 
04-25 13:44:54.150  4483  8203 W ActivityThread: ClassLoader.getResources: The class loader returned by Thread.getContextClassLoader() may fail for processes that host multiple applications. You should explicitly specify a context class loader. For example: Thread.setContextClassLoader(getClass().getClassLoader());
04-25 13:44:54.214  1444  1874 I chatty  : uid=1000(system) PackageInstalle expire 1 line
04-25 13:44:54.255  1444  1760 I chatty  : uid=1000(system) HwActivityTaskM expire 7 lines
04-25 13:44:54.255 32278 32278 V ActivityThread: callActivityOnCreate
04-25 13:44:54.256  1444  6943 I chatty  : uid=1000(system) Binder:1444_12 expire 8 lines
04-25 13:44:54.263  1444  2510 I chatty  : uid=1000(system) Thread-7 expire 6 lines
04-25 13:44:54.274 32278 32278 D ActivityThread: add activity client record, r= ActivityRecord{27f73c5 token=android.os.BinderProxy@be1bc74 {com.android.packageinstaller/com.android.packageinstaller.InstallSuccess}} token= android.os.BinderProxy@be1bc74
04-25 13:44:54.276  1444  1751 I chatty  : uid=1000(system) android.display expire 6 lines
04-25 13:44:54.277  1444  1752 I chatty  : uid=1000(system) android.anim expire 65 lines
04-25 13:44:54.292  1444  1749 I chatty  : uid=1000(system) android.ui expire 4 lines
04-25 13:44:54.337 32278 32278 D ActivityThread: Remove activity client record, r= ActivityRecord{7b5867b token=android.os.BinderProxy@4d7d050 {com.android.packageinstaller/com.android.packageinstaller.InstallInstalling}} token= android.os.BinderProxy@4d7d050
04-25 13:44:54.341  1444  1600 I chatty  : uid=1000(system) Binder:1444_1 expire 20 lines
04-25 13:44:54.417  7553  7553 D ActivityThread: Attach thread to application
04-25 13:44:54.421  1444  1761 I chatty  : uid=1000(system) HwGameAssistant expire 2 lines
04-25 13:44:54.446  2770 23402 I chatty  : uid=1000(system) Binder:2770_E expire 3 lines
04-25 13:44:54.457  2626  2906 I HwNetworkPolicyManager: getHwUidPolicy uid = 10321 policy = 0
04-25 13:44:54.867  7553  7553 V ActivityThread: callActivityOnCreate
04-25 13:44:54.900  1444  1914 I chatty  : uid=1000(system) GestureNavManag expire 2 lines
04-25 13:44:55.017  7553  8313 D SystemConfig: Removed unavailable feature android.hardware.sensor.barometer
04-25 13:44:55.019  7553  8313 D SystemConfig: Removed unavailable feature android.hardware.sensor.gyroscope
04-25 13:44:55.023  7553  7553 D ActivityThread: add activity client record, r= ActivityRecord{1c01be5 token=android.os.BinderProxy@8ad486c {com.tolgahantutar.vekdemo/com.tolgahantutar.vekdemo.MainActivity}} token= android.os.BinderProxy@8ad486c
04-25 13:44:55.026  7553  8313 W SystemConfig: No directory /product_services/etc/sysconfig, skipping
04-25 13:44:55.026  7553  8313 W SystemConfig: No directory /product_services/etc/permissions, skipping
04-25 13:44:55.027  7553  8313 W SystemConfig: No directory /system/emui/base/sysconfig, skipping
04-25 13:44:55.030  7553  8313 W SystemConfig: No directory /system/emui/oversea/sysconfig, skipping
04-25 13:44:55.031  7553  8313 W SystemConfig: No directory /vendor/etc/sysconfig, skipping
04-25 13:44:55.038  1444  1910 I chatty  : uid=1000(system) sManagerService expire 5 lines
04-25 13:44:55.038  7553  8313 D SystemConfig: Removed unavailable feature android.hardware.sensor.barometer
04-25 13:44:55.038 32278 32278 D RtgSched: resetRtgSchedHandle failed enable:0
04-25 13:44:55.039  7553  8313 D SystemConfig: Removed unavailable feature android.hardware.sensor.gyroscope
04-25 13:44:55.046  2770  3124 I chatty  : uid=1000(system) OllieServiceThr expire 3 lines
04-25 13:44:55.050  7553  8313 W SystemConfig: No directory /odm/etc/sysconfig, skipping
04-25 13:44:55.056   586   586 V ActivityThread: callActivityOnCreate
04-25 13:44:55.056  7553  8313 W SystemConfig: No directory /odm/hw_odm/JNY-L21/sysconfig, skipping
04-25 13:44:55.056  7553  8313 W SystemConfig: No directory /odm/hw_odm/JNY-L21/permissions, skipping
04-25 13:44:55.057  7553  8313 W SystemConfig: No directory /hw_product/etc/sysconfig, skipping
04-25 13:44:55.069  7553  8313 W SystemConfig: No directory /hw_product/region_comm/oversea/sysconfig, skipping
04-25 13:44:55.070   482 24291 D vold    : Remounting 10321 as mode default
04-25 13:44:55.077  2770  4863 I chatty  : uid=1000(system) Binder:2770_6 expire 3 lines
04-25 13:44:55.078  7553  8313 W SystemConfig: No directory /hw_product/hw_oem/JNY-L21/sysconfig, skipping
04-25 13:44:55.079  2770  3124 I chatty  : uid=1000(system) OllieServiceThr expire 7 lines
04-25 13:44:55.080  7553  8313 W SystemConfig: No directory /preload/JNY-L21/hw/eu/sysconfig, skipping
04-25 13:44:55.082  7553  8313 W SystemConfig: No directory /cust/global/sysconfig, skipping
04-25 13:44:55.082  7553  8313 W SystemConfig: No directory /cust/global/permissions, skipping
04-25 13:44:55.082  2626  2906 I HwNetworkPolicyManager: getHwUidPolicy uid = 10038 policy = 0
04-25 13:44:55.085  7553  8313 W SystemConfig: No directory /hw_product/special_cust/JNY-L21/hw/eu/sysconfig, skipping
04-25 13:44:55.085  7553  8313 W SystemConfig: No directory /hw_product/special_cust/JNY-L21/hw/eu/permissions, skipping
04-25 13:44:55.085  7553  8313 W SystemConfig: No directory /cust/cotalite/sysconfig, skipping
04-25 13:44:55.086  7553  8313 W SystemConfig: No directory /cust/cotalite/permissions, skipping
04-25 13:44:55.086  7553  8313 W SystemConfig: No directory /cust/ecota/sysconfig, skipping
04-25 13:44:55.086  7553  8313 W SystemConfig: No directory /cust/ecota/permissions, skipping
04-25 13:44:55.088   482 24291 D vold    : Found matching PID 7553
04-25 13:44:55.119   482 24291 D vold    : Remounting 10321 as mode default
04-25 13:44:55.128   482 24291 D vold    : Found matching PID 7553
04-25 13:44:55.165   482 24291 D vold    : Remounting 10321 as mode default
04-25 13:44:55.177   482 24291 D vold    : Found matching PID 7553
04-25 13:44:55.202   482 24291 D vold    : Remounting 10321 as mode default
04-25 13:44:55.208   482 24291 D vold    : Found matching PID 7553
04-25 13:44:55.223  2770 23402 I chatty  : uid=1000(system) Binder:2770_E expire 3 lines
04-25 13:44:55.227   482 24291 D vold    : Remounting 10321 as mode default
04-25 13:44:55.231   482 24291 D vold    : Found matching PID 7553
04-25 13:44:55.248   482 24291 D vold    : Remounting 10321 as mode default
04-25 13:44:55.255   482 24291 D vold    : Found matching PID 7553
04-25 13:44:55.290   586   586 D ActivityThread: add activity client record, r= ActivityRecord{326881c token=android.os.BinderProxy@a48d143 {com.android.permissioncontroller/com.android.packageinstaller.permission.ui.GrantPermissionsActivity}} token= android.os.BinderProxy@a48d143
04-25 13:44:55.311  7553  7553 D RtgSched: resetRtgSchedHandle failed enable:0
04-25 13:44:56.156  1444  1754 I chatty  : uid=1000(system) monitor thread expire 2 lines
04-25 13:44:56.446  1444  1910 I chatty  : uid=1000(system) sManagerService expire 12 lines
04-25 13:44:56.447  7553  7553 D ActivityThread: Won't deliver top position change in state=4
04-25 13:44:56.447  1444  3260 I chatty  : uid=1000(system) Binder:1444_B expire 14 lines
04-25 13:44:56.449  2619 17610 I HwCommandQueue: updateBarBgColor
04-25 13:44:56.449  2619 17610 D HwCommandQueue: CommandQueue, setBarBackgroundColor
04-25 13:44:56.449  1444  1761 I chatty  : uid=1000(system) HwGameAssistant expire 4 lines
04-25 13:44:56.449  1444  1749 I chatty  : uid=1000(system) android.ui expire 7 lines
04-25 13:44:56.450  1444  1600 I chatty  : uid=1000(system) Binder:1444_1 expire 7 lines
04-25 13:44:56.457   586   586 D RtgSched: resetRtgSchedHandle failed enable:0
04-25 13:44:56.457  1444  1760 I chatty  : uid=1000(system) HwActivityTaskM expire 9 lines
04-25 13:44:56.457  1444  2510 I chatty  : uid=1000(system) Thread-7 expire 10 lines
04-25 13:44:56.483  7553  7553 W PackageParser: Unknown element under <manifest>: queries at /data/app/com.tolgahantutar.vekdemo-xFdRVQJwSi5SG-Cso9PPmQ==/base.apk Binary XML file line #21
04-25 13:44:56.491  7553  7553 W PackageParser: Unknown element under <manifest>: queries at /data/app/com.tolgahantutar.vekdemo-xFdRVQJwSi5SG-Cso9PPmQ==/base.apk Binary XML file line #21
04-25 13:44:56.551  1444  2515 I chatty  : uid=1000(system) Binder:1444_3 expire 34 lines
04-25 13:44:56.583  7553  7553 W PackageParser: Unknown element under <manifest>: queries at /data/app/com.tolgahantutar.vekdemo-xFdRVQJwSi5SG-Cso9PPmQ==/base.apk Binary XML file line #21
04-25 13:44:56.716  1444  1752 I chatty  : uid=1000(system) android.anim expire 36 lines
04-25 13:44:57.006  1444 23752 I chatty  : uid=1000(system) Binder:1444_1F expire 41 lines
04-25 13:44:57.012  2770  4863 I chatty  : uid=1000(system) Binder:2770_6 expire 3 lines
04-25 13:44:57.012   586   586 D ActivityThread: Remove activity client record, r= ActivityRecord{326881c token=android.os.BinderProxy@a48d143 {com.android.permissioncontroller/com.android.packageinstaller.permission.ui.GrantPermissionsActivity}} token= android.os.BinderProxy@a48d143
04-25 13:44:57.018  1444  6943 I chatty  : uid=1000(system) Binder:1444_12 expire 31 lines
04-25 13:45:00.008  1444  1906 I chatty  : uid=1000(system) AlarmManager expire 1 line
04-25 13:45:00.009  1444  1765 I chatty  : uid=1000(system) ActivityManager expire 2 lines
04-25 13:45:00.020  1444  1766 I chatty  : uid=1000(system) ActivityManager expire 2 lines
04-25 13:45:00.020  1444  3023 I chatty  : uid=1000(system) MultiTaskManage expire 2 lines
04-25 13:45:00.049  7560  7560 D ActivityThread: Attach thread to application
04-25 13:45:00.286 30822  8484 W SettingsEx: SettingsEx.Systemex.getString deprecated use Settings.System.getString instead ;callers=com.android.calendar.util.HwCustHandleCalendarIconImpl.isDisplayWeekNameInCalendarIcon:14 com.android.calendar.util.HandCanlendarIcon.prepareData:64 com.android.calendar.util.HandCanlendarIcon.getCanlendarBitMap:38 
04-25 13:45:00.298  1444  1444 I chatty  : uid=1000 system_server expire 4 lines
04-25 13:45:00.348  2770  3086 I chatty  : uid=1000(system) Binder:2770_2 expire 6 lines
04-25 13:45:00.570  7553  7553 W HwApsManager: HwApsManagerService, registerCallback, start !
04-25 13:45:00.592  1444 10842 I chatty  : uid=1000(system) Binder:1444_13 expire 10 lines
04-25 13:45:00.618  5706  5706 V ActivityThread: callActivityOnCreate
04-25 13:45:00.630  5706  5706 W SettingsEx: SettingsEx.Systemex.getInt deprecated use Settings.System.getInt instead ;callers=com.huawei.android.internal.app.HwResolverActivity.isMultiScreenCollaborationEnabled:4365 com.huawei.android.internal.app.HwResolverActivity.access$1800:134 com.huawei.android.internal.app.HwResolverActivity$ResolveListAdapter.initCurrentResolvelist:2117 
04-25 13:45:00.637  2626  2906 I HwNetworkPolicyManager: getHwUidPolicy uid = 1000 policy = 0
04-25 13:45:00.637  1444 22005 I chatty  : uid=1000(system) Binder:1444_1D expire 20 lines
04-25 13:45:00.647  5706  5706 D ActivityThread: add activity client record, r= ActivityRecord{ee34a79 token=android.os.BinderProxy@365f37d {com.huawei.android.internal.app/com.huawei.android.internal.app.HwChooserActivity}} token= android.os.BinderProxy@365f37d
04-25 13:45:00.648  5706  5706 D ActivityThread: Won't deliver top position change in state=1
04-25 13:45:00.648  5706  5706 D ActivityThread: Won't deliver top position change in state=1
04-25 13:45:00.660  1444  1751 I chatty  : uid=1000(system) android.display expire 6 lines
04-25 13:45:00.662 24553 24553 V ActivityThread: callActivityOnCreate
04-25 13:45:00.673  2770  4863 I chatty  : uid=1000(system) Binder:2770_6 expire 3 lines
04-25 13:45:00.677  2626  2906 I HwNetworkPolicyManager: getHwUidPolicy uid = 10011 policy = 0
04-25 13:45:00.680 24553 24553 D ActivityThread: add activity client record, r= ActivityRecord{38569c1 token=android.os.BinderProxy@59b08f5 {com.android.documentsui/com.android.documentsui.picker.PickActivity}} token= android.os.BinderProxy@59b08f5
04-25 13:45:00.693  2770  3124 I chatty  : uid=1000(system) OllieServiceThr expire 6 lines
04-25 13:45:00.720  2619 28110 I HwCommandQueue: updateBarBgColor
04-25 13:45:00.721  2619 28110 D HwCommandQueue: CommandQueue, setBarBackgroundColor
04-25 13:45:00.722  7553  7553 D RtgSched: resetRtgSchedHandle failed enable:0
04-25 13:45:00.803  1444  8498 I chatty  : uid=1000 system_server expire 2 lines
04-25 13:45:00.811  2770 23402 I chatty  : uid=1000(system) Binder:2770_E expire 3 lines
04-25 13:45:00.821  2770  3124 I chatty  : uid=1000(system) OllieServiceThr expire 5 lines
04-25 13:45:00.821  5706  5706 D ActivityThread: Remove activity client record, r= ActivityRecord{ee34a79 token=android.os.BinderProxy@365f37d {com.huawei.android.internal.app/com.huawei.android.internal.app.HwChooserActivity}} token= android.os.BinderProxy@365f37d
04-25 13:45:00.828  2770  4863 I chatty  : uid=1000(system) Binder:2770_6 expire 3 lines
04-25 13:45:02.334 24553 24553 D RtgSched: resetRtgSchedHandle failed enable:0
04-25 13:45:02.339  1444  1914 I chatty  : uid=1000(system) GestureNavManag expire 2 lines
04-25 13:45:02.474  2619  2619 D RtgSched: resetRtgSchedHandle failed enable:0
04-25 13:45:03.070 19459 19459 V ActivityThread: callActivityOnCreate
04-25 13:45:03.077  2770 23402 I chatty  : uid=1000(system) Binder:2770_E expire 3 lines
04-25 13:45:03.081  2626  2906 I HwNetworkPolicyManager: getHwUidPolicy uid = 10100 policy = 0
04-25 13:45:03.085 19459 19459 D ActivityThread: add activity client record, r= ActivityRecord{69a61d2 token=android.os.BinderProxy@71afc1f {com.android.gallery3d/com.huawei.gallery.app.ListAlbumPickerActivity}} token= android.os.BinderProxy@71afc1f
04-25 13:45:03.103  2770  3124 I chatty  : uid=1000(system) OllieServiceThr expire 9 lines
04-25 13:45:03.108 24553 24553 D RtgSched: resetRtgSchedHandle failed enable:0
04-25 13:45:03.108  2619 23365 I HwCommandQueue: updateBarBgColor
04-25 13:45:03.108  2619 23365 D HwCommandQueue: CommandQueue, setBarBackgroundColor
04-25 13:45:03.489  2770 23402 I chatty  : uid=1000(system) Binder:2770_E expire 3 lines
04-25 13:45:03.607  7980  7980 D ActivityThread: Attach thread to application
04-25 13:45:03.723  1444  2515 I chatty  : uid=1000(system) Binder:1444_3 expire 30 lines
04-25 13:45:03.729  7980  8536 D SystemConfig: Removed unavailable feature android.hardware.sensor.barometer
04-25 13:45:03.729  7980  8536 D SystemConfig: Removed unavailable feature android.hardware.sensor.gyroscope
04-25 13:45:03.731  7980  8536 W SystemConfig: No directory /product_services/etc/sysconfig, skipping
04-25 13:45:03.731  7980  8536 W SystemConfig: No directory /product_services/etc/permissions, skipping
04-25 13:45:03.732  7980  8536 W SystemConfig: No directory /system/emui/base/sysconfig, skipping
04-25 13:45:03.733  7980  8536 W SystemConfig: No directory /system/emui/oversea/sysconfig, skipping
04-25 13:45:03.734  7980  8536 W SystemConfig: No directory /vendor/etc/sysconfig, skipping
04-25 13:45:03.736  7980  8536 D SystemConfig: Removed unavailable feature android.hardware.sensor.barometer
04-25 13:45:03.737  7980  8536 D SystemConfig: Removed unavailable feature android.hardware.sensor.gyroscope
04-25 13:45:03.739  7980  8536 W SystemConfig: No directory /odm/etc/sysconfig, skipping
04-25 13:45:03.740  7980  8536 W SystemConfig: No directory /odm/hw_odm/JNY-L21/sysconfig, skipping
04-25 13:45:03.740  7980  8536 W SystemConfig: No directory /odm/hw_odm/JNY-L21/permissions, skipping
