04-25 12:05:55.536 16564 16564 E AndroidRuntime: 	at android.app.servertransaction.TransactionExecutor.executeCallbacks(TransactionExecutor.java:149)
04-25 12:05:55.536 16564 16564 E AndroidRuntime: 	at android.app.servertransaction.TransactionExecutor.execute(TransactionExecutor.java:103)
04-25 12:05:55.536 16564 16564 E AndroidRuntime: 	at android.app.ActivityThread$H.handleMessage(ActivityThread.java:2473)
04-25 12:05:55.536 16564 16564 E AndroidRuntime: 	at android.os.Handler.dispatchMessage(Handler.java:110)
04-25 12:05:55.536 16564 16564 E AndroidRuntime: 	at android.os.Looper.loop(Looper.java:219)
04-25 12:05:55.536 16564 16564 E AndroidRuntime: 	at android.app.ActivityThread.main(ActivityThread.java:8349)
04-25 12:05:55.536 16564 16564 E AndroidRuntime: 	at java.lang.reflect.Method.invoke(Native Method)
04-25 12:05:55.536 16564 16564 E AndroidRuntime: 	at com.android.internal.os.RuntimeInit$MethodAndArgsCaller.run(RuntimeInit.java:513)
04-25 12:05:55.536 16564 16564 E AndroidRuntime: 	at com.android.internal.os.ZygoteInit.main(ZygoteInit.java:1055)
04-25 12:05:55.536 16564 16564 E AndroidRuntime: Caused by: java.lang.NullPointerException: videoLane.appendVideoAsset(filePath) must not be null
04-25 12:05:55.536 16564 16564 E AndroidRuntime: 	at com.tolgahantutar.videoeditorkitmedium.MainActivity.onActivityResult(MainActivity.kt:279)
04-25 12:05:55.536 16564 16564 E AndroidRuntime: 	at android.app.Activity.dispatchActivityResult(Activity.java:8412)
04-25 12:05:55.536 16564 16564 E AndroidRuntime: 	at android.app.ActivityThread.deliverResults(ActivityThread.java:5582)
04-25 12:05:55.536 16564 16564 E AndroidRuntime: 	... 11 more
04-25 12:06:21.101 16566 16566 E AndroidRuntime: FATAL EXCEPTION: main
04-25 12:06:21.101 16566 16566 E AndroidRuntime: Process: com.tolgahantutar.videoeditorkitmedium, PID: 16566
04-25 12:06:21.101 16566 16566 E AndroidRuntime: java.lang.RuntimeException: Failure delivering result ResultInfo{who=null, request=1001, result=-1, data=Intent { flg=0x1 hwFlg=0x10 (has extras) }} to activity {com.tolgahantutar.videoeditorkitmedium/com.tolgahantutar.videoeditorkitmedium.MainActivity}: java.lang.NullPointerException: videoLane.appendVideoAsset(filePath) must not be null
04-25 12:06:21.101 16566 16566 E AndroidRuntime: 	at android.app.ActivityThread.deliverResults(ActivityThread.java:5589)
04-25 12:06:21.101 16566 16566 E AndroidRuntime: 	at android.app.ActivityThread.handleSendResult(ActivityThread.java:5630)
04-25 12:06:21.101 16566 16566 E AndroidRuntime: 	at android.app.servertransaction.ActivityResultItem.execute(ActivityResultItem.java:51)
04-25 12:06:21.101 16566 16566 E AndroidRuntime: 	at android.app.servertransaction.TransactionExecutor.executeCallbacks(TransactionExecutor.java:149)
04-25 12:06:21.101 16566 16566 E AndroidRuntime: 	at android.app.servertransaction.TransactionExecutor.execute(TransactionExecutor.java:103)
04-25 12:06:21.101 16566 16566 E AndroidRuntime: 	at android.app.ActivityThread$H.handleMessage(ActivityThread.java:2473)
04-25 12:06:21.101 16566 16566 E AndroidRuntime: 	at android.os.Handler.dispatchMessage(Handler.java:110)
04-25 12:06:21.101 16566 16566 E AndroidRuntime: 	at android.os.Looper.loop(Looper.java:219)
04-25 12:06:21.101 16566 16566 E AndroidRuntime: 	at android.app.ActivityThread.main(ActivityThread.java:8349)
04-25 12:06:21.101 16566 16566 E AndroidRuntime: 	at java.lang.reflect.Method.invoke(Native Method)
04-25 12:06:21.101 16566 16566 E AndroidRuntime: 	at com.android.internal.os.RuntimeInit$MethodAndArgsCaller.run(RuntimeInit.java:513)
04-25 12:06:21.101 16566 16566 E AndroidRuntime: 	at com.android.internal.os.ZygoteInit.main(ZygoteInit.java:1055)
04-25 12:06:21.101 16566 16566 E AndroidRuntime: Caused by: java.lang.NullPointerException: videoLane.appendVideoAsset(filePath) must not be null
04-25 12:06:21.101 16566 16566 E AndroidRuntime: 	at com.tolgahantutar.videoeditorkitmedium.MainActivity.onActivityResult(MainActivity.kt:279)
04-25 12:06:21.101 16566 16566 E AndroidRuntime: 	at android.app.Activity.dispatchActivityResult(Activity.java:8412)
04-25 12:06:21.101 16566 16566 E AndroidRuntime: 	at android.app.ActivityThread.deliverResults(ActivityThread.java:5582)
04-25 12:06:21.101 16566 16566 E AndroidRuntime: 	... 11 more
04-25 12:07:19.617 16574 16574 E AndroidRuntime: FATAL EXCEPTION: main
04-25 12:07:19.617 16574 16574 E AndroidRuntime: Process: com.tolgahantutar.videoeditorkitmedium, PID: 16574
04-25 12:07:19.617 16574 16574 E AndroidRuntime: java.lang.RuntimeException: Failure delivering result ResultInfo{who=null, request=1001, result=-1, data=Intent { flg=0x1 hwFlg=0x10 (has extras) }} to activity {com.tolgahantutar.videoeditorkitmedium/com.tolgahantutar.videoeditorkitmedium.MainActivity}: java.lang.NullPointerException: videoLane.appendVideoAsset(filePath) must not be null
04-25 12:07:19.617 16574 16574 E AndroidRuntime: 	at android.app.ActivityThread.deliverResults(ActivityThread.java:5589)
04-25 12:07:19.617 16574 16574 E AndroidRuntime: 	at android.app.ActivityThread.handleSendResult(ActivityThread.java:5630)
04-25 12:07:19.617 16574 16574 E AndroidRuntime: 	at android.app.servertransaction.ActivityResultItem.execute(ActivityResultItem.java:51)
04-25 12:07:19.617 16574 16574 E AndroidRuntime: 	at android.app.servertransaction.TransactionExecutor.executeCallbacks(TransactionExecutor.java:149)
04-25 12:07:19.617 16574 16574 E AndroidRuntime: 	at android.app.servertransaction.TransactionExecutor.execute(TransactionExecutor.java:103)
04-25 12:07:19.617 16574 16574 E AndroidRuntime: 	at android.app.ActivityThread$H.handleMessage(ActivityThread.java:2473)
04-25 12:07:19.617 16574 16574 E AndroidRuntime: 	at android.os.Handler.dispatchMessage(Handler.java:110)
04-25 12:07:19.617 16574 16574 E AndroidRuntime: 	at android.os.Looper.loop(Looper.java:219)
04-25 12:07:19.617 16574 16574 E AndroidRuntime: 	at android.app.ActivityThread.main(ActivityThread.java:8349)
04-25 12:07:19.617 16574 16574 E AndroidRuntime: 	at java.lang.reflect.Method.invoke(Native Method)
04-25 12:07:19.617 16574 16574 E AndroidRuntime: 	at com.android.internal.os.RuntimeInit$MethodAndArgsCaller.run(RuntimeInit.java:513)
04-25 12:07:19.617 16574 16574 E AndroidRuntime: 	at com.android.internal.os.ZygoteInit.main(ZygoteInit.java:1055)
04-25 12:07:19.617 16574 16574 E AndroidRuntime: Caused by: java.lang.NullPointerException: videoLane.appendVideoAsset(filePath) must not be null
04-25 12:07:19.617 16574 16574 E AndroidRuntime: 	at com.tolgahantutar.videoeditorkitmedium.MainActivity.onActivityResult(MainActivity.kt:273)
04-25 12:07:19.617 16574 16574 E AndroidRuntime: 	at android.app.Activity.dispatchActivityResult(Activity.java:8412)
04-25 12:07:19.617 16574 16574 E AndroidRuntime: 	at android.app.ActivityThread.deliverResults(ActivityThread.java:5582)
04-25 12:07:19.617 16574 16574 E AndroidRuntime: 	... 11 more
04-25 12:07:53.452 17412 17412 E AndroidRuntime: FATAL EXCEPTION: main
04-25 12:07:53.452 17412 17412 E AndroidRuntime: Process: com.tolgahantutar.videoeditorkitmedium, PID: 17412
04-25 12:07:53.452 17412 17412 E AndroidRuntime: java.lang.RuntimeException: Failure delivering result ResultInfo{who=null, request=1001, result=-1, data=Intent { flg=0x1 hwFlg=0x10 (has extras) }} to activity {com.tolgahantutar.videoeditorkitmedium/com.tolgahantutar.videoeditorkitmedium.MainActivity}: java.lang.NullPointerException: videoLane.appendImageAsset(filePath) must not be null
04-25 12:07:53.452 17412 17412 E AndroidRuntime: 	at android.app.ActivityThread.deliverResults(ActivityThread.java:5589)
04-25 12:07:53.452 17412 17412 E AndroidRuntime: 	at android.app.ActivityThread.handleSendResult(ActivityThread.java:5630)
04-25 12:07:53.452 17412 17412 E AndroidRuntime: 	at android.app.servertransaction.ActivityResultItem.execute(ActivityResultItem.java:51)
04-25 12:07:53.452 17412 17412 E AndroidRuntime: 	at android.app.servertransaction.TransactionExecutor.executeCallbacks(TransactionExecutor.java:149)
04-25 12:07:53.452 17412 17412 E AndroidRuntime: 	at android.app.servertransaction.TransactionExecutor.execute(TransactionExecutor.java:103)
04-25 12:07:53.452 17412 17412 E AndroidRuntime: 	at android.app.ActivityThread$H.handleMessage(ActivityThread.java:2473)
04-25 12:07:53.452 17412 17412 E AndroidRuntime: 	at android.os.Handler.dispatchMessage(Handler.java:110)
04-25 12:07:53.452 17412 17412 E AndroidRuntime: 	at android.os.Looper.loop(Looper.java:219)
04-25 12:07:53.452 17412 17412 E AndroidRuntime: 	at android.app.ActivityThread.main(ActivityThread.java:8349)
04-25 12:07:53.452 17412 17412 E AndroidRuntime: 	at java.lang.reflect.Method.invoke(Native Method)
04-25 12:07:53.452 17412 17412 E AndroidRuntime: 	at com.android.internal.os.RuntimeInit$MethodAndArgsCaller.run(RuntimeInit.java:513)
04-25 12:07:53.452 17412 17412 E AndroidRuntime: 	at com.android.internal.os.ZygoteInit.main(ZygoteInit.java:1055)
04-25 12:07:53.452 17412 17412 E AndroidRuntime: Caused by: java.lang.NullPointerException: videoLane.appendImageAsset(filePath) must not be null
04-25 12:07:53.452 17412 17412 E AndroidRuntime: 	at com.tolgahantutar.videoeditorkitmedium.MainActivity.onActivityResult(MainActivity.kt:273)
04-25 12:07:53.452 17412 17412 E AndroidRuntime: 	at android.app.Activity.dispatchActivityResult(Activity.java:8412)
04-25 12:07:53.452 17412 17412 E AndroidRuntime: 	at android.app.ActivityThread.deliverResults(ActivityThread.java:5582)
04-25 12:07:53.452 17412 17412 E AndroidRuntime: 	... 11 more
04-25 12:09:10.619 17421 17421 E AndroidRuntime: FATAL EXCEPTION: main
04-25 12:09:10.619 17421 17421 E AndroidRuntime: Process: com.tolgahantutar.videoeditorkitmedium, PID: 17421
04-25 12:09:10.619 17421 17421 E AndroidRuntime: java.lang.RuntimeException: Failure delivering result ResultInfo{who=null, request=1001, result=-1, data=Intent { flg=0x1 hwFlg=0x10 (has extras) }} to activity {com.tolgahantutar.videoeditorkitmedium/com.tolgahantutar.videoeditorkitmedium.MainActivity}: java.lang.NullPointerException: videoLane.appendImageAsset(filePath) must not be null
04-25 12:09:10.619 17421 17421 E AndroidRuntime: 	at android.app.ActivityThread.deliverResults(ActivityThread.java:5589)
04-25 12:09:10.619 17421 17421 E AndroidRuntime: 	at android.app.ActivityThread.handleSendResult(ActivityThread.java:5630)
04-25 12:09:10.619 17421 17421 E AndroidRuntime: 	at android.app.servertransaction.ActivityResultItem.execute(ActivityResultItem.java:51)
04-25 12:09:10.619 17421 17421 E AndroidRuntime: 	at android.app.servertransaction.TransactionExecutor.executeCallbacks(TransactionExecutor.java:149)
04-25 12:09:10.619 17421 17421 E AndroidRuntime: 	at android.app.servertransaction.TransactionExecutor.execute(TransactionExecutor.java:103)
04-25 12:09:10.619 17421 17421 E AndroidRuntime: 	at android.app.ActivityThread$H.handleMessage(ActivityThread.java:2473)
04-25 12:09:10.619 17421 17421 E AndroidRuntime: 	at android.os.Handler.dispatchMessage(Handler.java:110)
04-25 12:09:10.619 17421 17421 E AndroidRuntime: 	at android.os.Looper.loop(Looper.java:219)
04-25 12:09:10.619 17421 17421 E AndroidRuntime: 	at android.app.ActivityThread.main(ActivityThread.java:8349)
04-25 12:09:10.619 17421 17421 E AndroidRuntime: 	at java.lang.reflect.Method.invoke(Native Method)
04-25 12:09:10.619 17421 17421 E AndroidRuntime: 	at com.android.internal.os.RuntimeInit$MethodAndArgsCaller.run(RuntimeInit.java:513)
04-25 12:09:10.619 17421 17421 E AndroidRuntime: 	at com.android.internal.os.ZygoteInit.main(ZygoteInit.java:1055)
04-25 12:09:10.619 17421 17421 E AndroidRuntime: Caused by: java.lang.NullPointerException: videoLane.appendImageAsset(filePath) must not be null
04-25 12:09:10.619 17421 17421 E AndroidRuntime: 	at com.tolgahantutar.videoeditorkitmedium.MainActivity.onActivityResult(MainActivity.kt:273)
04-25 12:09:10.619 17421 17421 E AndroidRuntime: 	at android.app.Activity.dispatchActivityResult(Activity.java:8412)
04-25 12:09:10.619 17421 17421 E AndroidRuntime: 	at android.app.ActivityThread.deliverResults(ActivityThread.java:5582)
04-25 12:09:10.619 17421 17421 E AndroidRuntime: 	... 11 more
04-25 12:23:15.949 21947 21947 E AndroidRuntime: FATAL EXCEPTION: main
04-25 12:23:15.949 21947 21947 E AndroidRuntime: Process: com.tolgahantutar.videoeditorkitmedium, PID: 21947
04-25 12:23:15.949 21947 21947 E AndroidRuntime: java.lang.RuntimeException: Unable to start activity ComponentInfo{com.tolgahantutar.videoeditorkitmedium/com.tolgahantutar.videoeditorkitmedium.MainActivity}: kotlin.UninitializedPropertyAccessException: lateinit property chooseImageButton has not been initialized
04-25 12:23:15.949 21947 21947 E AndroidRuntime: 	at android.app.ActivityThread.performLaunchActivity(ActivityThread.java:3897)
04-25 12:23:15.949 21947 21947 E AndroidRuntime: 	at android.app.ActivityThread.handleLaunchActivity(ActivityThread.java:4076)
04-25 12:23:15.949 21947 21947 E AndroidRuntime: 	at android.app.servertransaction.LaunchActivityItem.execute(LaunchActivityItem.java:91)
04-25 12:23:15.949 21947 21947 E AndroidRuntime: 	at android.app.servertransaction.TransactionExecutor.executeCallbacks(TransactionExecutor.java:149)
04-25 12:23:15.949 21947 21947 E AndroidRuntime: 	at android.app.servertransaction.TransactionExecutor.execute(TransactionExecutor.java:103)
04-25 12:23:15.949 21947 21947 E AndroidRuntime: 	at android.app.ActivityThread$H.handleMessage(ActivityThread.java:2473)
04-25 12:23:15.949 21947 21947 E AndroidRuntime: 	at android.os.Handler.dispatchMessage(Handler.java:110)
04-25 12:23:15.949 21947 21947 E AndroidRuntime: 	at android.os.Looper.loop(Looper.java:219)
04-25 12:23:15.949 21947 21947 E AndroidRuntime: 	at android.app.ActivityThread.main(ActivityThread.java:8349)
04-25 12:23:15.949 21947 21947 E AndroidRuntime: 	at java.lang.reflect.Method.invoke(Native Method)
04-25 12:23:15.949 21947 21947 E AndroidRuntime: 	at com.android.internal.os.RuntimeInit$MethodAndArgsCaller.run(RuntimeInit.java:513)
04-25 12:23:15.949 21947 21947 E AndroidRuntime: 	at com.android.internal.os.ZygoteInit.main(ZygoteInit.java:1055)
04-25 12:23:15.949 21947 21947 E AndroidRuntime: Caused by: kotlin.UninitializedPropertyAccessException: lateinit property chooseImageButton has not been initialized
04-25 12:23:15.949 21947 21947 E AndroidRuntime: 	at com.tolgahantutar.videoeditorkitmedium.MainActivity.onCreate(MainActivity.kt:74)
04-25 12:23:15.949 21947 21947 E AndroidRuntime: 	at android.app.Activity.performCreate(Activity.java:8085)
04-25 12:23:15.949 21947 21947 E AndroidRuntime: 	at android.app.Activity.performCreate(Activity.java:8073)
04-25 12:23:15.949 21947 21947 E AndroidRuntime: 	at android.app.Instrumentation.callActivityOnCreate(Instrumentation.java:1320)
04-25 12:23:15.949 21947 21947 E AndroidRuntime: 	at android.app.ActivityThread.performLaunchActivity(ActivityThread.java:3870)
04-25 12:23:15.949 21947 21947 E AndroidRuntime: 	... 11 more
04-25 12:42:28.568 27573 27573 E AndroidRuntime: FATAL EXCEPTION: main
04-25 12:42:28.568 27573 27573 E AndroidRuntime: Process: com.tolgahantutar.videoeditorkitdemo, PID: 27573
04-25 12:42:28.568 27573 27573 E AndroidRuntime: java.lang.RuntimeException: Unable to instantiate activity ComponentInfo{com.tolgahantutar.videoeditorkitdemo/com.tolgahantutar.videoeditorkitdemo.MainActivity}: java.lang.ClassNotFoundException: Didn't find class "com.tolgahantutar.videoeditorkitdemo.MainActivity" on path: DexPathList[[zip file "/data/app/com.tolgahantutar.videoeditorkitdemo-YsxGdDea3DJEwtFYDyhM3g==/base.apk"],nativeLibraryDirectories=[/data/app/com.tolgahantutar.videoeditorkitdemo-YsxGdDea3DJEwtFYDyhM3g==/lib/arm64, /data/app/com.tolgahantutar.videoeditorkitdemo-YsxGdDea3DJEwtFYDyhM3g==/base.apk!/lib/arm64-v8a, /system/lib64, /hw_product/lib64, /system/product/lib64]]
04-25 12:42:28.568 27573 27573 E AndroidRuntime: 	at android.app.ActivityThread.performLaunchActivity(ActivityThread.java:3815)
04-25 12:42:28.568 27573 27573 E AndroidRuntime: 	at android.app.ActivityThread.handleLaunchActivity(ActivityThread.java:4076)
04-25 12:42:28.568 27573 27573 E AndroidRuntime: 	at android.app.servertransaction.LaunchActivityItem.execute(LaunchActivityItem.java:91)
04-25 12:42:28.568 27573 27573 E AndroidRuntime: 	at android.app.servertransaction.TransactionExecutor.executeCallbacks(TransactionExecutor.java:149)
04-25 12:42:28.568 27573 27573 E AndroidRuntime: 	at android.app.servertransaction.TransactionExecutor.execute(TransactionExecutor.java:103)
04-25 12:42:28.568 27573 27573 E AndroidRuntime: 	at android.app.ActivityThread$H.handleMessage(ActivityThread.java:2473)
04-25 12:42:28.568 27573 27573 E AndroidRuntime: 	at android.os.Handler.dispatchMessage(Handler.java:110)
04-25 12:42:28.568 27573 27573 E AndroidRuntime: 	at android.os.Looper.loop(Looper.java:219)
04-25 12:42:28.568 27573 27573 E AndroidRuntime: 	at android.app.ActivityThread.main(ActivityThread.java:8349)
04-25 12:42:28.568 27573 27573 E AndroidRuntime: 	at java.lang.reflect.Method.invoke(Native Method)
04-25 12:42:28.568 27573 27573 E AndroidRuntime: 	at com.android.internal.os.RuntimeInit$MethodAndArgsCaller.run(RuntimeInit.java:513)
04-25 12:42:28.568 27573 27573 E AndroidRuntime: 	at com.android.internal.os.ZygoteInit.main(ZygoteInit.java:1055)
04-25 12:42:28.568 27573 27573 E AndroidRuntime: Caused by: java.lang.ClassNotFoundException: Didn't find class "com.tolgahantutar.videoeditorkitdemo.MainActivity" on path: DexPathList[[zip file "/data/app/com.tolgahantutar.videoeditorkitdemo-YsxGdDea3DJEwtFYDyhM3g==/base.apk"],nativeLibraryDirectories=[/data/app/com.tolgahantutar.videoeditorkitdemo-YsxGdDea3DJEwtFYDyhM3g==/lib/arm64, /data/app/com.tolgahantutar.videoeditorkitdemo-YsxGdDea3DJEwtFYDyhM3g==/base.apk!/lib/arm64-v8a, /system/lib64, /hw_product/lib64, /system/product/lib64]]
04-25 12:42:28.568 27573 27573 E AndroidRuntime: 	at dalvik.system.BaseDexClassLoader.findClass(BaseDexClassLoader.java:209)
04-25 12:42:28.568 27573 27573 E AndroidRuntime: 	at java.lang.ClassLoader.loadClass(ClassLoader.java:379)
04-25 12:42:28.568 27573 27573 E AndroidRuntime: 	at java.lang.ClassLoader.loadClass(ClassLoader.java:312)
04-25 12:42:28.568 27573 27573 E AndroidRuntime: 	at android.app.AppComponentFactory.instantiateActivity(AppComponentFactory.java:95)
04-25 12:42:28.568 27573 27573 E AndroidRuntime: 	at androidx.core.app.CoreComponentFactory.instantiateActivity(CoreComponentFactory.java:45)
04-25 12:42:28.568 27573 27573 E AndroidRuntime: 	at android.app.Instrumentation.newActivity(Instrumentation.java:1264)
04-25 12:42:28.568 27573 27573 E AndroidRuntime: 	at android.app.ActivityThread.performLaunchActivity(ActivityThread.java:3800)
04-25 12:42:28.568 27573 27573 E AndroidRuntime: 	... 11 more
04-25 12:42:39.814 27575 27575 E AndroidRuntime: FATAL EXCEPTION: main
04-25 12:42:39.814 27575 27575 E AndroidRuntime: Process: com.tolgahantutar.videoeditorkitdemo, PID: 27575
04-25 12:42:39.814 27575 27575 E AndroidRuntime: java.lang.RuntimeException: Unable to instantiate activity ComponentInfo{com.tolgahantutar.videoeditorkitdemo/com.tolgahantutar.videoeditorkitdemo.MainActivity}: java.lang.ClassNotFoundException: Didn't find class "com.tolgahantutar.videoeditorkitdemo.MainActivity" on path: DexPathList[[zip file "/data/app/com.tolgahantutar.videoeditorkitdemo-YsxGdDea3DJEwtFYDyhM3g==/base.apk"],nativeLibraryDirectories=[/data/app/com.tolgahantutar.videoeditorkitdemo-YsxGdDea3DJEwtFYDyhM3g==/lib/arm64, /data/app/com.tolgahantutar.videoeditorkitdemo-YsxGdDea3DJEwtFYDyhM3g==/base.apk!/lib/arm64-v8a, /system/lib64, /hw_product/lib64, /system/product/lib64]]
04-25 12:42:39.814 27575 27575 E AndroidRuntime: 	at android.app.ActivityThread.performLaunchActivity(ActivityThread.java:3815)
04-25 12:42:39.814 27575 27575 E AndroidRuntime: 	at android.app.ActivityThread.handleLaunchActivity(ActivityThread.java:4076)
04-25 12:42:39.814 27575 27575 E AndroidRuntime: 	at android.app.servertransaction.LaunchActivityItem.execute(LaunchActivityItem.java:91)
04-25 12:42:39.814 27575 27575 E AndroidRuntime: 	at android.app.servertransaction.TransactionExecutor.executeCallbacks(TransactionExecutor.java:149)
04-25 12:42:39.814 27575 27575 E AndroidRuntime: 	at android.app.servertransaction.TransactionExecutor.execute(TransactionExecutor.java:103)
04-25 12:42:39.814 27575 27575 E AndroidRuntime: 	at android.app.ActivityThread$H.handleMessage(ActivityThread.java:2473)
04-25 12:42:39.814 27575 27575 E AndroidRuntime: 	at android.os.Handler.dispatchMessage(Handler.java:110)
04-25 12:42:39.814 27575 27575 E AndroidRuntime: 	at android.os.Looper.loop(Looper.java:219)
04-25 12:42:39.814 27575 27575 E AndroidRuntime: 	at android.app.ActivityThread.main(ActivityThread.java:8349)
04-25 12:42:39.814 27575 27575 E AndroidRuntime: 	at java.lang.reflect.Method.invoke(Native Method)
04-25 12:42:39.814 27575 27575 E AndroidRuntime: 	at com.android.internal.os.RuntimeInit$MethodAndArgsCaller.run(RuntimeInit.java:513)
04-25 12:42:39.814 27575 27575 E AndroidRuntime: 	at com.android.internal.os.ZygoteInit.main(ZygoteInit.java:1055)
04-25 12:42:39.814 27575 27575 E AndroidRuntime: Caused by: java.lang.ClassNotFoundException: Didn't find class "com.tolgahantutar.videoeditorkitdemo.MainActivity" on path: DexPathList[[zip file "/data/app/com.tolgahantutar.videoeditorkitdemo-YsxGdDea3DJEwtFYDyhM3g==/base.apk"],nativeLibraryDirectories=[/data/app/com.tolgahantutar.videoeditorkitdemo-YsxGdDea3DJEwtFYDyhM3g==/lib/arm64, /data/app/com.tolgahantutar.videoeditorkitdemo-YsxGdDea3DJEwtFYDyhM3g==/base.apk!/lib/arm64-v8a, /system/lib64, /hw_product/lib64, /system/product/lib64]]
04-25 12:42:39.814 27575 27575 E AndroidRuntime: 	at dalvik.system.BaseDexClassLoader.findClass(BaseDexClassLoader.java:209)
04-25 12:42:39.814 27575 27575 E AndroidRuntime: 	at java.lang.ClassLoader.loadClass(ClassLoader.java:379)
04-25 12:42:39.814 27575 27575 E AndroidRuntime: 	at java.lang.ClassLoader.loadClass(ClassLoader.java:312)
04-25 12:42:39.814 27575 27575 E AndroidRuntime: 	at android.app.AppComponentFactory.instantiateActivity(AppComponentFactory.java:95)
04-25 12:42:39.814 27575 27575 E AndroidRuntime: 	at androidx.core.app.CoreComponentFactory.instantiateActivity(CoreComponentFactory.java:45)
04-25 12:42:39.814 27575 27575 E AndroidRuntime: 	at android.app.Instrumentation.newActivity(Instrumentation.java:1264)
04-25 12:42:39.814 27575 27575 E AndroidRuntime: 	at android.app.ActivityThread.performLaunchActivity(ActivityThread.java:3800)
04-25 12:42:39.814 27575 27575 E AndroidRuntime: 	... 11 more
04-25 12:46:06.955 28271 28271 E AndroidRuntime: FATAL EXCEPTION: main
04-25 12:46:06.955 28271 28271 E AndroidRuntime: Process: com.tolgahantutar.videoeditorkitdemo, PID: 28271
04-25 12:46:06.955 28271 28271 E AndroidRuntime: java.lang.RuntimeException: Unable to instantiate activity ComponentInfo{com.tolgahantutar.videoeditorkitdemo/com.tolgahantutar.videoeditorkitdemo.MainActivity}: java.lang.ClassNotFoundException: Didn't find class "com.tolgahantutar.videoeditorkitdemo.MainActivity" on path: DexPathList[[zip file "/data/app/com.tolgahantutar.videoeditorkitdemo-6XtWLYEvSa7c4jbX4HC4Hw==/base.apk"],nativeLibraryDirectories=[/data/app/com.tolgahantutar.videoeditorkitdemo-6XtWLYEvSa7c4jbX4HC4Hw==/lib/arm64, /data/app/com.tolgahantutar.videoeditorkitdemo-6XtWLYEvSa7c4jbX4HC4Hw==/base.apk!/lib/arm64-v8a, /system/lib64, /hw_product/lib64, /system/product/lib64]]
04-25 12:46:06.955 28271 28271 E AndroidRuntime: 	at android.app.ActivityThread.performLaunchActivity(ActivityThread.java:3815)
04-25 12:46:06.955 28271 28271 E AndroidRuntime: 	at android.app.ActivityThread.handleLaunchActivity(ActivityThread.java:4076)
04-25 12:46:06.955 28271 28271 E AndroidRuntime: 	at android.app.servertransaction.LaunchActivityItem.execute(LaunchActivityItem.java:91)
04-25 12:46:06.955 28271 28271 E AndroidRuntime: 	at android.app.servertransaction.TransactionExecutor.executeCallbacks(TransactionExecutor.java:149)
04-25 12:46:06.955 28271 28271 E AndroidRuntime: 	at android.app.servertransaction.TransactionExecutor.execute(TransactionExecutor.java:103)
04-25 12:46:06.955 28271 28271 E AndroidRuntime: 	at android.app.ActivityThread$H.handleMessage(ActivityThread.java:2473)
04-25 12:46:06.955 28271 28271 E AndroidRuntime: 	at android.os.Handler.dispatchMessage(Handler.java:110)
04-25 12:46:06.955 28271 28271 E AndroidRuntime: 	at android.os.Looper.loop(Looper.java:219)
04-25 12:46:06.955 28271 28271 E AndroidRuntime: 	at android.app.ActivityThread.main(ActivityThread.java:8349)
04-25 12:46:06.955 28271 28271 E AndroidRuntime: 	at java.lang.reflect.Method.invoke(Native Method)
04-25 12:46:06.955 28271 28271 E AndroidRuntime: 	at com.android.internal.os.RuntimeInit$MethodAndArgsCaller.run(RuntimeInit.java:513)
04-25 12:46:06.955 28271 28271 E AndroidRuntime: 	at com.android.internal.os.ZygoteInit.main(ZygoteInit.java:1055)
04-25 12:46:06.955 28271 28271 E AndroidRuntime: Caused by: java.lang.ClassNotFoundException: Didn't find class "com.tolgahantutar.videoeditorkitdemo.MainActivity" on path: DexPathList[[zip file "/data/app/com.tolgahantutar.videoeditorkitdemo-6XtWLYEvSa7c4jbX4HC4Hw==/base.apk"],nativeLibraryDirectories=[/data/app/com.tolgahantutar.videoeditorkitdemo-6XtWLYEvSa7c4jbX4HC4Hw==/lib/arm64, /data/app/com.tolgahantutar.videoeditorkitdemo-6XtWLYEvSa7c4jbX4HC4Hw==/base.apk!/lib/arm64-v8a, /system/lib64, /hw_product/lib64, /system/product/lib64]]
04-25 12:46:06.955 28271 28271 E AndroidRuntime: 	at dalvik.system.BaseDexClassLoader.findClass(BaseDexClassLoader.java:209)
04-25 12:46:06.955 28271 28271 E AndroidRuntime: 	at java.lang.ClassLoader.loadClass(ClassLoader.java:379)
04-25 12:46:06.955 28271 28271 E AndroidRuntime: 	at java.lang.ClassLoader.loadClass(ClassLoader.java:312)
04-25 12:46:06.955 28271 28271 E AndroidRuntime: 	at android.app.AppComponentFactory.instantiateActivity(AppComponentFactory.java:95)
04-25 12:46:06.955 28271 28271 E AndroidRuntime: 	at androidx.core.app.CoreComponentFactory.instantiateActivity(CoreComponentFactory.java:45)
04-25 12:46:06.955 28271 28271 E AndroidRuntime: 	at android.app.Instrumentation.newActivity(Instrumentation.java:1264)
04-25 12:46:06.955 28271 28271 E AndroidRuntime: 	at android.app.ActivityThread.performLaunchActivity(ActivityThread.java:3800)
04-25 12:46:06.955 28271 28271 E AndroidRuntime: 	... 11 more
04-25 12:47:36.859 28273 28273 E AndroidRuntime: FATAL EXCEPTION: main
04-25 12:47:36.859 28273 28273 E AndroidRuntime: Process: com.tolgahantutar.videoeditorkitdemo, PID: 28273
04-25 12:47:36.859 28273 28273 E AndroidRuntime: java.lang.RuntimeException: Failure delivering result ResultInfo{who=null, request=1001, result=-1, data=Intent { flg=0x1 hwFlg=0x10 (has extras) }} to activity {com.tolgahantutar.videoeditorkitdemo/com.tolgahantutar.videoeditorkitdemo.MainActivity}: java.lang.NullPointerException: {
04-25 12:47:36.859 28273 28273 E AndroidRuntime:                     vilePath)
04-25 12:47:36.859 28273 28273 E AndroidRuntime:                 } must not be null
04-25 12:47:36.859 28273 28273 E AndroidRuntime: 	at android.app.ActivityThread.deliverResults(ActivityThread.java:5589)
04-25 12:47:36.859 28273 28273 E AndroidRuntime: 	at android.app.ActivityThread.handleSendResult(ActivityThread.java:5630)
04-25 12:47:36.859 28273 28273 E AndroidRuntime: 	at android.app.servertransaction.ActivityResultItem.execute(ActivityResultItem.java:51)
04-25 12:47:36.859 28273 28273 E AndroidRuntime: 	at android.app.servertransaction.TransactionExecutor.executeCallbacks(TransactionExecutor.java:149)
04-25 12:47:36.859 28273 28273 E AndroidRuntime: 	at android.app.servertransaction.TransactionExecutor.execute(TransactionExecutor.java:103)
04-25 12:47:36.859 28273 28273 E AndroidRuntime: 	at android.app.ActivityThread$H.handleMessage(ActivityThread.java:2473)
04-25 12:47:36.859 28273 28273 E AndroidRuntime: 	at android.os.Handler.dispatchMessage(Handler.java:110)
04-25 12:47:36.859 28273 28273 E AndroidRuntime: 	at android.os.Looper.loop(Looper.java:219)
04-25 12:47:36.859 28273 28273 E AndroidRuntime: 	at android.app.ActivityThread.main(ActivityThread.java:8349)
04-25 12:47:36.859 28273 28273 E AndroidRuntime: 	at java.lang.reflect.Method.invoke(Native Method)
04-25 12:47:36.859 28273 28273 E AndroidRuntime: 	at com.android.internal.os.RuntimeInit$MethodAndArgsCaller.run(RuntimeInit.java:513)
04-25 12:47:36.859 28273 28273 E AndroidRuntime: 	at com.android.internal.os.ZygoteInit.main(ZygoteInit.java:1055)
04-25 12:47:36.859 28273 28273 E AndroidRuntime: Caused by: java.lang.NullPointerException: {
04-25 12:47:36.859 28273 28273 E AndroidRuntime:                     vilePath)
04-25 12:47:36.859 28273 28273 E AndroidRuntime:                 } must not be null
04-25 12:47:36.859 28273 28273 E AndroidRuntime: 	at com.tolgahantutar.videoeditorkitdemo.MainActivity.onActivityResult(MainActivity.kt:246)
04-25 12:47:36.859 28273 28273 E AndroidRuntime: 	at android.app.Activity.dispatchActivityResult(Activity.java:8412)
04-25 12:47:36.859 28273 28273 E AndroidRuntime: 	at android.app.ActivityThread.deliverResults(ActivityThread.java:5582)
04-25 12:47:36.859 28273 28273 E AndroidRuntime: 	... 11 more
--------- beginning of system
04-25 13:21:14.385  6725  6725 W PackageParser: Unknown element under <manifest>: queries at /data/app/com.tolgahantutar.vekdemo-UTBGcq-U7rrz70Ix-JkZ_w==/base.apk Binary XML file line #21
04-25 13:21:14.481  6725  6725 W PackageParser: Unknown element under <manifest>: queries at /data/app/com.tolgahantutar.vekdemo-UTBGcq-U7rrz70Ix-JkZ_w==/base.apk Binary XML file line #21
04-25 13:21:14.880  6725  6725 D ActivityThread: add activity client record, r= ActivityRecord{d59151a token=android.os.BinderProxy@8ad486c {com.tolgahantutar.vekdemo/com.tolgahantutar.vekdemo.MainActivity}} token= android.os.BinderProxy@8ad486c
04-25 13:21:14.892  1444  1910 I chatty  : uid=1000(system) sManagerService expire 13 lines
04-25 13:21:14.892 19079 19079 D RtgSched: resetRtgSchedHandle failed enable:0
04-25 13:21:14.924  2619 16846 I HwCommandQueue: updateBarBgColor
04-25 13:21:14.924  2619 16846 D HwCommandQueue: CommandQueue, setBarBackgroundColor
04-25 13:21:15.036  2770  4863 I chatty  : uid=1000(system) Binder:2770_6 expire 12 lines
04-25 13:21:15.880  6725  6725 W HwApsManager: HwApsManagerService, registerCallback, start !
04-25 13:21:15.907  5706  5706 V ActivityThread: callActivityOnCreate
04-25 13:21:15.917  5706  5706 W SettingsEx: SettingsEx.Systemex.getInt deprecated use Settings.System.getInt instead ;callers=com.huawei.android.internal.app.HwResolverActivity.isMultiScreenCollaborationEnabled:4365 com.huawei.android.internal.app.HwResolverActivity.access$1800:134 com.huawei.android.internal.app.HwResolverActivity$ResolveListAdapter.initCurrentResolvelist:2117 
04-25 13:21:15.924  2626  2906 I HwNetworkPolicyManager: getHwUidPolicy uid = 1000 policy = 0
04-25 13:21:15.932  5706  5706 D ActivityThread: add activity client record, r= ActivityRecord{910bf27 token=android.os.BinderProxy@21fd94b {com.huawei.android.internal.app/com.huawei.android.internal.app.HwChooserActivity}} token= android.os.BinderProxy@21fd94b
04-25 13:21:15.933  5706  5706 D ActivityThread: Won't deliver top position change in state=1
04-25 13:21:15.933  5706  5706 D ActivityThread: Won't deliver top position change in state=1
04-25 13:21:15.944 24553 24553 V ActivityThread: callActivityOnCreate
04-25 13:21:15.953  2626  2906 I HwNetworkPolicyManager: getHwUidPolicy uid = 10011 policy = 0
04-25 13:21:15.958 24553 24553 D ActivityThread: add activity client record, r= ActivityRecord{9819a82 token=android.os.BinderProxy@ff1b4e6 {com.android.documentsui/com.android.documentsui.picker.PickActivity}} token= android.os.BinderProxy@ff1b4e6
04-25 13:21:15.987  2619  3465 I HwCommandQueue: updateBarBgColor
04-25 13:21:15.987  2619  3465 D HwCommandQueue: CommandQueue, setBarBackgroundColor
04-25 13:21:15.988  6725  6725 D RtgSched: resetRtgSchedHandle failed enable:0
04-25 13:21:16.061  5706  5706 D ActivityThread: Remove activity client record, r= ActivityRecord{910bf27 token=android.os.BinderProxy@21fd94b {com.huawei.android.internal.app/com.huawei.android.internal.app.HwChooserActivity}} token= android.os.BinderProxy@21fd94b
04-25 13:21:16.076  1444 15122 I chatty  : uid=1000(system) Binder:1444_17 expire 10 lines
04-25 13:21:16.080  1444 10842 I chatty  : uid=1000(system) Binder:1444_13 expire 11 lines
04-25 13:21:16.082  2770 23402 I chatty  : uid=1000(system) Binder:2770_E expire 12 lines
04-25 13:21:17.019 19459 19459 V ActivityThread: callActivityOnCreate
04-25 13:21:17.031 19459 19459 D ActivityThread: add activity client record, r= ActivityRecord{eb0c7f7 token=android.os.BinderProxy@e933e70 {com.android.gallery3d/com.huawei.gallery.app.ListAlbumPickerActivity}} token= android.os.BinderProxy@e933e70
04-25 13:21:17.034  2626  2906 I HwNetworkPolicyManager: getHwUidPolicy uid = 10100 policy = 0
04-25 13:21:17.056 24553 24553 D RtgSched: resetRtgSchedHandle failed enable:0
04-25 13:21:17.058  2619 16846 I HwCommandQueue: updateBarBgColor
04-25 13:21:17.058  2619 16846 D HwCommandQueue: CommandQueue, setBarBackgroundColor
04-25 13:21:17.070  1444  1752 I chatty  : uid=1000(system) android.anim expire 26 lines
04-25 13:21:18.369  1444  1882 I chatty  : uid=1000(system) UEventObserver expire 28 lines
04-25 13:21:26.131 19459 19459 V ActivityThread: callActivityOnCreate
04-25 13:21:26.143 19459 19459 D ActivityThread: add activity client record, r= ActivityRecord{e999431 token=android.os.BinderProxy@f94a189 {com.android.gallery3d/com.huawei.gallery.app.ThirdSelectSlotAlbumActivity}} token= android.os.BinderProxy@f94a189
04-25 13:21:27.766  1444  4392 I chatty  : uid=1000(system) Binder:1444_E expire 15 lines
04-25 13:21:27.791 19459 19459 D ActivityThread: Won't deliver top position change in state=5
04-25 13:21:27.802 19459 19459 D ActivityThread: Won't deliver top position change in state=5
04-25 13:21:27.809  1444  1752 I chatty  : uid=1000(system) android.anim expire 25 lines
04-25 13:21:27.820 24553 24553 D ActivityThread: Won't deliver top position change in state=5
04-25 13:21:27.821  2770 23402 I chatty  : uid=1000(system) Binder:2770_E expire 6 lines
04-25 13:21:27.825 24553 24553 D ActivityThread: Won't deliver top position change in state=5
04-25 13:21:27.826  1444  1760 I chatty  : uid=1000(system) HwActivityTaskM expire 15 lines
04-25 13:21:27.826  1444  2510 I chatty  : uid=1000(system) Thread-7 expire 14 lines
04-25 13:21:27.827  2770  3124 I chatty  : uid=1000(system) OllieServiceThr expire 29 lines
04-25 13:21:27.828  6725  6725 D ActivityThread: Won't deliver top position change in state=5
04-25 13:21:27.834  1444  2515 I chatty  : uid=1000(system) Binder:1444_3 expire 33 lines
04-25 13:21:27.838  1444  3423 I chatty  : uid=1000(system) Binder:1444_D expire 4 lines
04-25 13:21:27.840  1444 18777 I chatty  : uid=1000(system) Binder:1444_1B expire 13 lines
04-25 13:21:27.846  1444  4407 I chatty  : uid=1000(system) Binder:1444_F expire 18 lines
04-25 13:21:27.853  1444 10842 I chatty  : uid=1000(system) Binder:1444_13 expire 15 lines
04-25 13:21:27.853  2626  2906 I HwNetworkPolicyManager: getHwUidPolicy uid = 10011 policy = 0
04-25 13:21:27.859  2626  2906 I HwNetworkPolicyManager: getHwUidPolicy uid = 10321 policy = 0
04-25 13:21:27.886  2619  3465 I HwCommandQueue: updateBarBgColor
04-25 13:21:27.886  2619  3465 D HwCommandQueue: CommandQueue, setBarBackgroundColor
04-25 13:21:27.899 19459 19459 D RtgSched: resetRtgSchedHandle failed enable:0
04-25 13:21:27.925  2770 18774 I chatty  : uid=1000(system) Binder:2770_B expire 8 lines
04-25 13:21:27.928 24553 24553 D ActivityThread: Remove activity client record, r= ActivityRecord{9819a82 token=android.os.BinderProxy@ff1b4e6 {com.android.documentsui/com.android.documentsui.picker.PickActivity}} token= android.os.BinderProxy@ff1b4e6
04-25 13:21:27.938 19459 19459 D ActivityThread: Remove activity client record, r= ActivityRecord{eb0c7f7 token=android.os.BinderProxy@e933e70 {com.android.gallery3d/com.huawei.gallery.app.ListAlbumPickerActivity}} token= android.os.BinderProxy@e933e70
04-25 13:21:28.234  1444  1751 I chatty  : uid=1000(system) android.display expire 15 lines
04-25 13:21:28.254  1444 15122 I chatty  : uid=1000(system) Binder:1444_17 expire 36 lines
04-25 13:21:28.265 19459 19459 D ActivityThread: Remove activity client record, r= ActivityRecord{e999431 token=android.os.BinderProxy@f94a189 {com.android.gallery3d/com.huawei.gallery.app.ThirdSelectSlotAlbumActivity}} token= android.os.BinderProxy@f94a189
04-25 13:21:30.807  1444  1766 I chatty  : uid=1000(system) ActivityManager expire 6 lines
04-25 13:21:30.809  1444  3023 I chatty  : uid=1000(system) MultiTaskManage expire 17 lines
04-25 13:21:30.830  6729  6729 D ActivityThread: Attach thread to application
04-25 13:21:31.135  6729  6729 D HwCustConnectivityManagerImpl: isBlockNetworkRequestByNonAis, INVALID_SUBSCRIPTION_ID
04-25 13:21:31.138  1444  2494 I chatty  : uid=1000(system) ConnectivitySer expire 31 lines
04-25 13:21:31.142  2986  2986 D Telephony-AccountEntry: isEmergencyPreferredAccount: subId=-1, activeData=-1
04-25 13:21:31.142  2986  2986 D Telephony-AccountEntry: isEmergencyPreferredAccount: Device does not require preference.
04-25 13:21:31.142  2986  2986 D Telephony-AccountEntry: isEmergencyPreferredAccount: subId=-1, activeData=-1
04-25 13:21:31.142  2986  2986 D Telephony-AccountEntry: isEmergencyPreferredAccount: Device does not require preference.
04-25 13:21:31.142  2986  2986 D Telephony-AccountEntry: isEmergencyPreferredAccount: subId=-1, activeData=-1
04-25 13:21:31.142  2986  2986 D Telephony-AccountEntry: isEmergencyPreferredAccount: Device does not require preference.
04-25 13:21:31.142  2986  2986 D Telephony-AccountEntry: isEmergencyPreferredAccount: subId=-1, activeData=-1
04-25 13:21:31.142  2986  2986 D Telephony-AccountEntry: isEmergencyPreferredAccount: Device does not require preference.
04-25 13:21:31.860  1444  1769 I chatty  : uid=1000(system) ThirdAppHandler expire 2 lines
04-25 13:21:33.053  6725  6725 D RtgSched: resetRtgSchedHandle failed enable:0
04-25 13:21:33.059 19079 19079 I ActivityThread: Handle window ActivityRecord{a812876 token=android.os.BinderProxy@8ad486c {com.huawei.android.launcher/com.huawei.android.launcher.unihome.UniHomeLauncher}} visibility: true
04-25 13:21:33.068  2626  2906 I HwNetworkPolicyManager: getHwUidPolicy uid = 10069 policy = 0
04-25 13:21:33.094  1444  6943 I chatty  : uid=1000(system) Binder:1444_12 expire 14 lines
04-25 13:21:33.859  1444  1761 I chatty  : uid=1000(system) HwGameAssistant expire 1 line
04-25 13:21:33.908  2619 17610 I HwCommandQueue: updateBarBgColor
04-25 13:21:33.908  2619 17610 D HwCommandQueue: CommandQueue, setBarBackgroundColor
04-25 13:21:33.924  6729  7302 D HwCustConnectivityManagerImpl: isBlockNetworkRequestByNonAis, INVALID_SUBSCRIPTION_ID
04-25 13:21:34.237  6725  6725 D ActivityThread: Remove activity client record, r= ActivityRecord{d59151a token=android.os.BinderProxy@8ad486c {com.tolgahantutar.vekdemo/com.tolgahantutar.vekdemo.MainActivity}} token= android.os.BinderProxy@8ad486c
04-25 13:21:34.238  1444  7306 I chatty  : uid=1000 system_server expire 1 line
04-25 13:21:34.299  1444  1918 I chatty  : uid=1000(system) InputDispatcher expire 6 lines
04-25 13:21:34.303  1444  2779 I chatty  : uid=1000(system) Binder:1444_8 expire 12 lines
04-25 13:21:50.216  1444  1444 I chatty  : uid=1000 system_server expire 18 lines
04-25 13:21:53.079  1444  7289 I chatty  : uid=1000(system) MobileQosDetect expire 17 lines
04-25 13:22:00.643   905  1026 I storaged: storaged_t::event: storage_info refreshed.
04-25 13:22:33.984  1444  4407 I chatty  : uid=1000(system) Binder:1444_F expire 12 lines
04-25 13:23:00.644   905  1026 I storaged: storaged_t::event: storage_info refreshed.
04-25 13:23:00.753  1444  1754 I chatty  : uid=1000(system) monitor thread expire 10 lines
04-25 13:23:01.154  1444  7289 I chatty  : uid=1000(system) MobileQosDetect expire 14 lines
04-25 13:23:21.271  1444  1882 I chatty  : uid=1000(system) UEventObserver expire 14 lines
04-25 13:24:00.645   905  1026 I storaged: storaged_t::event: storage_info refreshed.
04-25 13:24:00.758  1444  1754 I chatty  : uid=1000(system) monitor thread expire 10 lines
04-25 13:24:01.210  1444  7289 I chatty  : uid=1000(system) MobileQosDetect expire 15 lines
04-25 13:24:22.704  1444  1882 I chatty  : uid=1000(system) UEventObserver expire 14 lines
04-25 13:25:00.647   905  1026 I storaged: storaged_t::event: storage_info refreshed.
04-25 13:25:00.764  1444  1754 I chatty  : uid=1000(system) monitor thread expire 12 lines
04-25 13:25:01.276  1444  7289 I chatty  : uid=1000(system) MobileQosDetect expire 10 lines
04-25 13:25:14.044  1444  1752 I chatty  : uid=1000(system) android.anim expire 21 lines
04-25 13:25:23.172  2638  7949 W ContextImpl: Calling a method in the system process without a qualified user: android.app.ContextImpl.bindService:1753 android.content.ContextWrapper.bindService:705 com.huawei.nb.client.RemoteServiceConnection.open:132 com.huawei.nb.client.Proxy.connect:172 com.huawei.nb.searchmanager.searchengine.service.DataServiceProxyManager.connectDataService:86 
04-25 13:25:24.150  1444  1882 I chatty  : uid=1000(system) UEventObserver expire 15 lines
04-25 13:25:39.442  1444  1749 I chatty  : uid=1000(system) android.ui expire 15 lines
04-25 13:25:39.779  1444  3463 I chatty  : uid=1000(system) HwBinder:1444_5 expire 10 lines
04-25 13:25:39.812  2619  2619 W PowerUI : unknown intent: Intent { act=android.intent.action.ACTION_POWER_DISCONNECTED flg=0x4000010 (has extras) }
04-25 13:25:39.822   905  1802 I storaged: uid_monitor::update_curr_io_stats_locked: last_uid_io_stats_ size is 337
04-25 13:25:39.823   905  1802 I storaged: uid_monitor::update_curr_io_stats_locked: curr_io_stats_ size is 337
04-25 13:25:39.824  1444  1919 I chatty  : uid=1000(system) InputReader expire 5 lines
04-25 13:25:39.868  1444 27239 I chatty  : uid=1000(system) AdbDebuggingMan expire 1 line
04-25 13:25:39.869  1444 23752 I chatty  : uid=1000(system) Binder:1444_1F expire 27 lines
04-25 13:25:39.872  2626  2805 W ContextImpl: Calling a method in the system process without a qualified user: android.app.ContextImpl.sendBroadcast:1159 android.content.ContextWrapper.sendBroadcast:453 com.huawei.smartcharge.SmartChargeImpl.setValue:148 <bottom of call stack> <bottom of call stack> 
04-25 13:25:39.903  2626 23182 W ContextImpl: Calling a method in the system process without a qualified user: android.app.ContextImpl.sendBroadcast:1159 android.content.ContextWrapper.sendBroadcast:453 com.huawei.smartcharge.SmartChargeImpl.setValue:148 <bottom of call stack> <bottom of call stack> 
04-25 13:25:39.951  1444  1600 I chatty  : uid=1000(system) Binder:1444_1 expire 33 lines
04-25 13:25:39.961  1444  2515 I chatty  : uid=1000(system) Binder:1444_3 expire 12 lines
04-25 13:25:39.980  6733  6733 D ActivityThread: Attach thread to application
04-25 13:25:40.268  1444 18777 I chatty  : uid=1000(system) Binder:1444_1B expire 10 lines
04-25 13:25:40.416   482 24291 D vold    : begin lockScreenPrepare
04-25 13:25:40.416   482 24291 D vold    : fscrypt_lock_screen_prepare flag is: 1 user_id:0
04-25 13:25:40.430  1444  2523 I chatty  : uid=1000(system) biometricServci expire 17 lines
04-25 13:25:40.440  6736  6736 D ActivityThread: Attach thread to application
04-25 13:25:40.501  2619  2619 W FingerprintManager: Invalid acquired message: 6, 1001
04-25 13:25:40.598  1444  2562 I chatty  : uid=1000(system) PhotonicModulat expire 4 lines
04-25 13:25:40.609  1444  4407 I chatty  : uid=1000(system) Binder:1444_F expire 22 lines
04-25 13:25:40.615  2770  3124 I chatty  : uid=1000(system) OllieServiceThr expire 39 lines
04-25 13:25:40.640  6740  6740 D ActivityThread: Attach thread to application
04-25 13:25:40.694  1444  2779 I chatty  : uid=1000(system) Binder:1444_8 expire 4 lines
04-25 13:25:40.832   482 24291 D vold    : begin lockScreenPrepare
04-25 13:25:40.832   482 24291 D vold    : fscrypt_lock_screen_prepare flag is: 1 user_id:0
04-25 13:25:40.847  2619  2619 W KeyguardViewMediator: callback -> onShowingStateChanged.
04-25 13:25:40.857  2619  2955 W KeyguardViewMediator: KgSvc reportKeyguardShowingChanged. cost = 9
04-25 13:25:40.868  1444  1444 I chatty  : uid=1000 system_server expire 24 lines
04-25 13:25:40.889  1444  2486 I chatty  : uid=1000(system) WifiP2pService expire 9 lines
04-25 13:25:40.933  2770  4863 I chatty  : uid=1000(system) Binder:2770_6 expire 6 lines
04-25 13:25:41.015  1444  1910 I chatty  : uid=1000(system) sManagerService expire 6 lines
04-25 13:25:41.016 19079 19079 D RtgSched: resetRtgSchedHandle failed enable:0
04-25 13:25:41.047  2770  2770 I chatty  : uid=1000(system) com.huawei.systemserver expire 11 lines
04-25 13:25:41.303  1444  7289 I chatty  : uid=1000(system) MobileQosDetect expire 4 lines
04-25 13:25:41.318  1444 16748 I chatty  : uid=1000(system) Binder:1444_19 expire 6 lines
04-25 13:25:43.927  1444  1760 I chatty  : uid=1000(system) HwActivityTaskM expire 4 lines
04-25 13:25:43.927  1444  2510 I chatty  : uid=1000(system) Thread-7 expire 4 lines
04-25 13:25:43.928  1444  3023 I chatty  : uid=1000(system) MultiTaskManage expire 13 lines
04-25 13:25:43.981  6927  6927 D ActivityThread: Attach thread to application
04-25 13:25:43.982  1444  6943 I chatty  : uid=1000(system) Binder:1444_12 expire 14 lines
04-25 13:25:44.002  1444  2494 I chatty  : uid=1000(system) ConnectivitySer expire 11 lines
04-25 13:25:44.005  2986  2986 D Telephony-AccountEntry: isEmergencyPreferredAccount: subId=-1, activeData=-1
04-25 13:25:44.005  2986  2986 D Telephony-AccountEntry: isEmergencyPreferredAccount: Device does not require preference.
04-25 13:25:44.005  2986  2986 D Telephony-AccountEntry: isEmergencyPreferredAccount: subId=-1, activeData=-1
04-25 13:25:44.005  2986  2986 D Telephony-AccountEntry: isEmergencyPreferredAccount: Device does not require preference.
04-25 13:25:44.006  2986  2986 D Telephony-AccountEntry: isEmergencyPreferredAccount: subId=-1, activeData=-1
04-25 13:25:44.006  2986  2986 D Telephony-AccountEntry: isEmergencyPreferredAccount: Device does not require preference.
04-25 13:25:44.006  2986  2986 D Telephony-AccountEntry: isEmergencyPreferredAccount: subId=-1, activeData=-1
04-25 13:25:44.006  2986  2986 D Telephony-AccountEntry: isEmergencyPreferredAccount: Device does not require preference.
04-25 13:25:47.543  2619  2619 D RtgSched: resetRtgSchedHandle failed enable:0
04-25 13:26:56.585  1444  2491 I chatty  : uid=1000(system) ConnectivityThr expire 16 lines
04-25 13:26:56.585  1444  2505 I chatty  : uid=1000(system) LocationHander expire 2 lines
04-25 13:26:56.588  2986  3617 D Mapcon  : WifiLinkTracker: [onCapabilitiesChanged]enter
04-25 13:26:56.588  2986  3617 D Mapcon  : WifiLinkTracker: [handleWifiConnect]wifi has linked, but wifi ap may change
04-25 13:26:57.253  1444  4407 I chatty  : uid=1000(system) Binder:1444_F expire 18 lines
04-25 13:29:02.636  1444  1444 I chatty  : uid=1000 system_server expire 12 lines
04-25 13:31:50.516  2986  3617 D Mapcon  : WifiLinkTracker: [onCapabilitiesChanged]enter
04-25 13:31:50.516  2986  3617 D Mapcon  : WifiLinkTracker: [handleWifiConnect]wifi has linked, but wifi ap may change
04-25 13:34:00.219  1444  2515 I chatty  : uid=1000(system) Binder:1444_3 expire 13 lines
04-25 13:34:00.222  1444  2491 I chatty  : uid=1000(system) ConnectivityThr expire 18 lines
04-25 13:34:00.227  2986  3617 D Mapcon  : WifiLinkTracker: [onCapabilitiesChanged]enter
04-25 13:34:00.228  2986  3617 D Mapcon  : WifiLinkTracker: [handleWifiConnect]wifi has linked, but wifi ap may change
04-25 13:35:40.650  1444  1444 I chatty  : uid=1000 system_server expire 48 lines
04-25 13:35:40.952   905  1026 I storaged: storaged_t::event: storage_info refreshed.
04-25 13:35:41.158  1444  7715 I chatty  : uid=1000 system_server expire 2 lines
04-25 13:35:58.146  1444  7723 I chatty  : uid=1000 system_server expire 2 lines
04-25 13:41:50.146  1444  1754 I chatty  : uid=1000(system) monitor thread expire 1 line
04-25 13:41:50.219  1444  1906 I chatty  : uid=1000(system) AlarmManager expire 4 lines
04-25 13:41:50.223  1444  2462 I chatty  : uid=1000(system) NetworkStats expire 6 lines
04-25 13:41:50.238  1444  3023 I chatty  : uid=1000(system) MultiTaskManage expire 1 line
04-25 13:41:50.263  6938  6938 D ActivityThread: Attach thread to application
04-25 13:41:50.334  1444  6943 I chatty  : uid=1000(system) Binder:1444_12 expire 14 lines
04-25 13:43:29.153  1444  7770 I chatty  : uid=1000 system_server expire 2 lines
04-25 13:43:29.175  1444  4407 I chatty  : uid=1000(system) Binder:1444_F expire 8 lines
04-25 13:44:36.550  1444  1775 I chatty  : uid=1000(system) PowerManagerSer expire 26 lines
04-25 13:44:36.552  2619  2619 W FingerprintManager: Invalid acquired message: 6, 1002
04-25 13:44:36.557  2619  2619 W KeyguardViewMediator: notifyDrawn as: ScreenTurningOn 
04-25 13:44:36.568  1444  1751 I chatty  : uid=1000(system) android.display expire 4 lines
04-25 13:44:36.580  1444 23752 I chatty  : uid=1000(system) Binder:1444_1F expire 9 lines
04-25 13:44:36.663  2619 14844 D FingerprintManager: binder call and send onAuthenticationSucceeded msg
04-25 13:44:36.663  2619  2619 V FingerprintManager: callback sendAuthenticatedSucceeded
04-25 13:44:36.669  1444  1444 I chatty  : uid=1000 system_server expire 23 lines
04-25 13:44:36.671  2619  2619 W KeyguardViewMediator: kgsvc callback -> .keyguardGoingAway 6 true true
04-25 13:44:36.673  2983 24924 D FaceRecognizeService: resetTimeout begin!
04-25 13:44:36.674  2983  3868 E FaceRecognizeService: handleMessage EVT = 1002
04-25 13:44:36.674  2983  3868 D AntiBruteForceProcessor: Reset facerecognize lockout, isClearAttemptCounter=true
04-25 13:44:36.674  2983  3868 D AntiBruteForceProcessor: resetTotalFailedTimes current total times = 0
